Archive member included because of file (symbol)

C:\MicroFrameworkPK_v4_0\BuildOutput\THUMB2\GCC4.2\le\FLASH\debug\STM32F10x\lib\tmp_RegressionTest.lib(gpio.obj)
                              C:\MicroFrameworkPK_v4_0\BuildOutput\THUMB2\GCC4.2\le\FLASH\debug\STM32F10x\obj\Solutions\STM32F10x\RegressionTest\RegressionTest.obj (GPIOTest::GPIOTest(int))
C:\MicroFrameworkPK_v4_0\BuildOutput\THUMB2\GCC4.2\le\FLASH\debug\STM32F10x\lib\tmp_RegressionTest.lib(netmf_gpio.obj)
                              C:\MicroFrameworkPK_v4_0\BuildOutput\THUMB2\GCC4.2\le\FLASH\debug\STM32F10x\lib\tmp_RegressionTest.lib(gpio.obj) (CPU_GPIO_Initialize())
C:\MicroFrameworkPK_v4_0\BuildOutput\THUMB2\GCC4.2\le\FLASH\debug\STM32F10x\lib\tmp_RegressionTest.lib(STM32_nvic_functions.obj)
                              C:\MicroFrameworkPK_v4_0\BuildOutput\THUMB2\GCC4.2\le\FLASH\debug\STM32F10x\lib\tmp_RegressionTest.lib(gpio.obj) (CPU_INTC_Initialize())
C:\MicroFrameworkPK_v4_0\BuildOutput\THUMB2\GCC4.2\le\FLASH\debug\STM32F10x\lib\tmp_RegressionTest.lib(STM32F10x_bootstrap.obj)
                              C:\MicroFrameworkPK_v4_0\BuildOutput\THUMB2\GCC4.2\le\FLASH\debug\STM32F10x\obj\Solutions\STM32F10x\RegressionTest\RegressionTest.obj (BootstrapCode)
C:\MicroFrameworkPK_v4_0\BuildOutput\THUMB2\GCC4.2\le\FLASH\debug\STM32F10x\lib\tmp_RegressionTest.lib(STM32F10x_flash.obj)
                              C:\MicroFrameworkPK_v4_0\BuildOutput\THUMB2\GCC4.2\le\FLASH\debug\STM32F10x\lib\tmp_RegressionTest.lib(STM32F10x_bootstrap.obj) (FLASH_SetLatency)
C:\MicroFrameworkPK_v4_0\BuildOutput\THUMB2\GCC4.2\le\FLASH\debug\STM32F10x\lib\tmp_RegressionTest.lib(STM32F10x_gpio.obj)
                              C:\MicroFrameworkPK_v4_0\BuildOutput\THUMB2\GCC4.2\le\FLASH\debug\STM32F10x\lib\tmp_RegressionTest.lib(netmf_gpio.obj) (GPIO_Init)
C:\MicroFrameworkPK_v4_0\BuildOutput\THUMB2\GCC4.2\le\FLASH\debug\STM32F10x\lib\tmp_RegressionTest.lib(STM32F10x_rcc.obj)
                              C:\MicroFrameworkPK_v4_0\BuildOutput\THUMB2\GCC4.2\le\FLASH\debug\STM32F10x\lib\tmp_RegressionTest.lib(STM32F10x_bootstrap.obj) (RCC_DeInit)
C:\MicroFrameworkPK_v4_0\BuildOutput\THUMB2\GCC4.2\le\FLASH\debug\STM32F10x\lib\tmp_RegressionTest.lib(tinycrt_stubs.obj)
                              C:\MicroFrameworkPK_v4_0\BuildOutput\THUMB2\GCC4.2\le\FLASH\debug\STM32F10x\lib\tmp_RegressionTest.lib(gpio.obj) (hal_printf(char const*, ...))
C:\MicroFrameworkPK_v4_0\BuildOutput\THUMB2\GCC4.2\le\FLASH\debug\STM32F10x\lib\tmp_RegressionTest.lib(tinyhal.obj)
                              C:\MicroFrameworkPK_v4_0\BuildOutput\THUMB2\GCC4.2\le\FLASH\debug\STM32F10x\obj\Solutions\STM32F10x\RegressionTest\RegressionTest.obj (BootEntry)
C:\MicroFrameworkPK_v4_0\BuildOutput\THUMB2\GCC4.2\le\FLASH\debug\STM32F10x\lib\tmp_RegressionTest.lib(usart.obj)
                              C:\MicroFrameworkPK_v4_0\BuildOutput\THUMB2\GCC4.2\le\FLASH\debug\STM32F10x\lib\tmp_RegressionTest.lib(tinyhal.obj) (USART_CloseAllPorts())
C:\MicroFrameworkPK_v4_0\BuildOutput\THUMB2\GCC4.2\le\FLASH\debug\STM32F10x\lib\tmp_RegressionTest.lib(VectorsTrampolines.obj)
                              (ARM_Vectors)
C:\MicroFrameworkPK_v4_0\BuildOutput\THUMB2\GCC4.2\le\FLASH\debug\STM32F10x\lib\tmp_RegressionTest.lib(Watchdog_stubs.obj)
                              C:\MicroFrameworkPK_v4_0\BuildOutput\THUMB2\GCC4.2\le\FLASH\debug\STM32F10x\lib\tmp_RegressionTest.lib(tinyhal.obj) (Watchdog_GetSetEnabled(unsigned int, unsigned int))
C:\MicroFrameworkPK_v4_0\BuildOutput\THUMB2\GCC4.2\le\FLASH\debug\STM32F10x\lib\tmp_RegressionTest.lib(Async_stubs.obj)
                              C:\MicroFrameworkPK_v4_0\BuildOutput\THUMB2\GCC4.2\le\FLASH\debug\STM32F10x\lib\tmp_RegressionTest.lib(tinyhal.obj) (HAL_CONTINUATION::InitializeList())
C:\MicroFrameworkPK_v4_0\BuildOutput\THUMB2\GCC4.2\le\FLASH\debug\STM32F10x\lib\tmp_RegressionTest.lib(Bl_AddDevices_stubs.obj)
                              C:\MicroFrameworkPK_v4_0\BuildOutput\THUMB2\GCC4.2\le\FLASH\debug\STM32F10x\lib\tmp_RegressionTest.lib(tinyhal.obj) (BlockStorage_AddDevices())
C:\MicroFrameworkPK_v4_0\BuildOutput\THUMB2\GCC4.2\le\FLASH\debug\STM32F10x\lib\tmp_RegressionTest.lib(blockstoragelist_stubs.obj)
                              C:\MicroFrameworkPK_v4_0\BuildOutput\THUMB2\GCC4.2\le\FLASH\debug\STM32F10x\lib\tmp_RegressionTest.lib(tinyhal.obj) (BlockStorageList::s_primaryDevice)
C:\MicroFrameworkPK_v4_0\BuildOutput\THUMB2\GCC4.2\le\FLASH\debug\STM32F10x\lib\tmp_RegressionTest.lib(Buttons_stubs.obj)
                              C:\MicroFrameworkPK_v4_0\BuildOutput\THUMB2\GCC4.2\le\FLASH\debug\STM32F10x\lib\tmp_RegressionTest.lib(tinyhal.obj) (Buttons_Initialize())
C:\MicroFrameworkPK_v4_0\BuildOutput\THUMB2\GCC4.2\le\FLASH\debug\STM32F10x\lib\tmp_RegressionTest.lib(ComDirector.obj)
[...]
Memory Configuration

Name             Origin             Length             Attributes
FLASH            0x08000000         0x00080000         xr
RAM              0x20000000         0x00010000         xrw
MEMORY_B1        0x60000000         0x00000000         xr
*default*        0x00000000         0xffffffff

Linker script and memory map

                0x20010000                _estack = 0x20010000
                0x00000000                _Min_Heap_Size = 0x0
                0x00000200                _Min_Stack_Size = 0x200

.isr_vector     0x08000000      0x1e4
                0x08000000                . = ALIGN (0x4)
 *(.vectors)
 .vectors       0x08000000      0x1e4 C:\MicroFrameworkPK_v4_0\BuildOutput\THUMB2\GCC4.2\le\FLASH\debug\STM32F10x\lib\tmp_RegressionTest.lib(VectorsTrampolines.obj)
                0x08000000                g_pfnVectors
                0x08000000                ARM_Vectors
                0x080001e4                . = ALIGN (0x4)

.text           0x080001e8     0x8fd4
                0x080001e8                . = ALIGN (0x4)
 *(.text.Reset_Handler)
 .text.Reset_Handler
                0x080001e8       0x54 C:\MicroFrameworkPK_v4_0\BuildOutput\THUMB2\GCC4.2\le\FLASH\debug\STM32F10x\lib\tmp_RegressionTest.lib(VectorsTrampolines.obj)
                0x080001e8                Reset_Handler
 *(i.EntryPoint)
 *(.text)
 .text          0x0800023c       0x28 C:\codesourcery\arm-none-eabi\lib\thumb\libc.a(lib_a-exit.o)
                0x0800023c                exit
 .text          0x08000264      0x104 C:\codesourcery\arm-none-eabi\lib\thumb\libc.a(lib_a-memcpy.o)
                0x08000264                memcpy
 .text          0x08000368       0x90 C:\codesourcery\arm-none-eabi\lib\thumb\libc.a(lib_a-memset.o)
                0x08000368                memset
 .text          0x080003f8      0x11c C:\codesourcery\arm-none-eabi\lib\thumb\libc.a(lib_a-__call_atexit.o)
                0x080003f8                __call_exitprocs
 .text          0x08000514       0x14 C:\codesourcery\arm-none-eabi\lib\thumb\libc.a(lib_a-atexit.o)
                0x08000514                atexit
 .text          0x08000528       0x40 C:\codesourcery\arm-none-eabi\lib\thumb\libc.a(lib_a-fini.o)
                0x08000528                __libc_fini_array
 .text          0x08000568       0xbc C:\codesourcery\arm-none-eabi\lib\thumb\libc.a(lib_a-__atexit.o)
                0x08000568                __register_exitproc
 .text          0x08000624      0x370 C:\codesourcery\lib\gcc\arm-none-eabi\4.5.0\thumb\libgcc.a(_arm_addsubdf3.o)
                0x08000624                __aeabi_drsub
                0x0800062c                __aeabi_dsub
                0x0800062c                __subdf3
                0x08000630                __aeabi_dadd
                0x08000630                __adddf3
                0x080008a8                __floatunsidf
                0x080008a8                __aeabi_ui2d
                0x080008c8                __floatsidf
                0x080008c8                __aeabi_i2d
                0x080008ec                __aeabi_f2d
                0x080008ec                __extendsfdf2
                0x08000928                __floatundidf
                0x08000928                __aeabi_ul2d
                0x08000938                __floatdidf
                0x08000938                __aeabi_l2d
 .text          0x08000994       0x50 C:\codesourcery\lib\gcc\arm-none-eabi\4.5.0\thumb\libgcc.a(_arm_fixdfsi.o)
                0x08000994                __aeabi_d2iz
                0x08000994                __fixdfsi
 .text          0x080009e4       0x40 C:\codesourcery\lib\gcc\arm-none-eabi\4.5.0\thumb\libgcc.a(_arm_fixunsdfsi.o)
                0x080009e4                __aeabi_d2uiz
                0x080009e4                __fixunsdfsi
 .text          0x08000a24       0x18 C:\codesourcery\lib\gcc\arm-none-eabi\4.5.0\thumb\libgcc.a(_aeabi_uldivmod.o)
                0x08000a24                __aeabi_uldivmod
 .text          0x08000a3c       0x60 C:\codesourcery\lib\gcc\arm-none-eabi\4.5.0\thumb\libgcc.a(bpabi.o)
                0x08000a3c                __gnu_uldivmod_helper
                0x08000a6c                __gnu_ldivmod_helper
 .text          0x08000a9c      0xa94 C:\codesourcery\lib\gcc\arm-none-eabi\4.5.0\thumb\libgcc.a(unwind-arm.o)
                0x08000aa8                _Unwind_VRS_Get
                0x08000af0                _Unwind_VRS_Set
                0x08000bac                _Unwind_GetCFA
                0x08000bb0                _Unwind_Complete
                0x08000bb4                _Unwind_DeleteException
                0x08000e94                __aeabi_unwind_cpp_pr2
                0x08000ea0                __aeabi_unwind_cpp_pr1
                0x08000eac                __aeabi_unwind_cpp_pr0
                0x08000fe4                __gnu_Unwind_Backtrace
                0x08001190                __gnu_Unwind_ForcedUnwind
                0x080011d4                __gnu_Unwind_RaiseException
                0x08001250                __gnu_Unwind_Resume_or_Rethrow
                0x08001268                __gnu_Unwind_Resume
                0x080012a4                _Unwind_VRS_Pop
 .text          0x08001530      0x1ac C:\codesourcery\lib\gcc\arm-none-eabi\4.5.0\thumb\libgcc.a(libunwind.o)
                0x08001530                __restore_core_regs
                0x08001530                restore_core_regs
                0x08001548                __gnu_Unwind_Restore_VFP
                0x08001550                __gnu_Unwind_Save_VFP
                0x08001558                __gnu_Unwind_Restore_VFP_D
                0x08001560                __gnu_Unwind_Save_VFP_D
                0x08001568                __gnu_Unwind_Restore_VFP_D_16_to_31
                0x08001570                __gnu_Unwind_Save_VFP_D_16_to_31
                0x08001578                __gnu_Unwind_Restore_WMMXD
                0x080015bc                __gnu_Unwind_Save_WMMXD
                0x08001600                __gnu_Unwind_Restore_WMMXC
                0x08001614                __gnu_Unwind_Save_WMMXC
                0x08001628                ___Unwind_RaiseException
                0x08001628                _Unwind_RaiseException
                0x0800164c                _Unwind_Resume
                0x0800164c                ___Unwind_Resume
                0x08001670                _Unwind_Resume_or_Rethrow
                0x08001670                ___Unwind_Resume_or_Rethrow
                0x08001694                _Unwind_ForcedUnwind
                0x08001694                ___Unwind_ForcedUnwind
                0x080016b8                ___Unwind_Backtrace
                0x080016b8                _Unwind_Backtrace
 .text          0x080016dc      0x398 C:\codesourcery\lib\gcc\arm-none-eabi\4.5.0\thumb\libgcc.a(pr-support.o)
                0x0800170c                _Unwind_GetTextRelBase
                0x08001714                _Unwind_GetDataRelBase
                0x08001740                _Unwind_GetLanguageSpecificData
                0x08001754                _Unwind_GetRegionStart
                0x08001760                __gnu_unwind_execute
                0x08001a48                __gnu_unwind_frame
 .text          0x08001a74      0x358 C:\codesourcery\lib\gcc\arm-none-eabi\4.5.0\thumb\libgcc.a(_divdi3.o)
                0x08001a74                __divdi3
 .text          0x08001dcc      0x300 C:\codesourcery\lib\gcc\arm-none-eabi\4.5.0\thumb\libgcc.a(_udivdi3.o)
                0x08001dcc                __udivdi3
 .text          0x080020cc       0x88 C:\codesourcery\lib\gcc\arm-none-eabi\4.5.0\thumb\libgcc.a(_udivsi3.o)
                0x080020cc                __aeabi_uidiv
                0x080020cc                __udivsi3
                0x08002144                __aeabi_uidivmod
 .text          0x08002154        0x4 C:\codesourcery\lib\gcc\arm-none-eabi\4.5.0\thumb\libgcc.a(_dvmd_tls.o)
                0x08002154                __div0
                0x08002154                __aeabi_idiv0
                0x08002154                __aeabi_ldiv0
 .text          0x08002158       0x10 C:\codesourcery\arm-none-eabi\lib\thumb\libc.a(lib_a-abort.o)
                0x08002158                abort
 .text          0x08002168      0x190 C:\codesourcery\arm-none-eabi\lib\thumb\libc.a(lib_a-signal.o)
                0x08002168                _raise_r
                0x080021c4                raise
                0x080021dc                _init_signal_r
                0x08002214                _init_signal
                0x08002228                __sigtramp_r
                0x08002280                __sigtramp
                0x08002298                _signal_r
                0x080022d8                signal
 .text          0x080022f8      0x500 C:\codesourcery\arm-none-eabi\lib\thumb\libc.a(lib_a-mallocr.o)
                0x080022f8                _malloc_r
 .text          0x080027f8        0x8 C:\codesourcery\arm-none-eabi\lib\thumb\libc.a(lib_a-mlock.o)
                0x080027f8                __malloc_lock
                0x080027fc                __malloc_unlock
 .text          0x08002800      0x250 C:\codesourcery\arm-none-eabi\lib\thumb\libc.a(lib_a-freer.o)
                0x08002800                _malloc_trim_r
                0x080028a4                _free_r
 *(.text*)
 .text.private_malloc
                0x08002a50       0x18 C:\MicroFrameworkPK_v4_0\BuildOutput\THUMB2\GCC4.2\le\FLASH\debug\STM32F10x\obj\Solutions\STM32F10x\RegressionTest\RegressionTest.obj
                0x08002a50                private_malloc
 .text.private_free
                0x08002a68       0x14 C:\MicroFrameworkPK_v4_0\BuildOutput\THUMB2\GCC4.2\le\FLASH\debug\STM32F10x\obj\Solutions\STM32F10x\RegressionTest\RegressionTest.obj
                0x08002a68                private_free
 .text._Z21ApplicationEntryPointv
                0x08002a7c       0x2c C:\MicroFrameworkPK_v4_0\BuildOutput\THUMB2\GCC4.2\le\FLASH\debug\STM32F10x\obj\Solutions\STM32F10x\RegressionTest\RegressionTest.obj
                0x08002a7c                ApplicationEntryPoint()
 .text.LED_ERROR1
                0x08002aa8       0x44 C:\MicroFrameworkPK_v4_0\BuildOutput\THUMB2\GCC4.2\le\FLASH\debug\STM32F10x\obj\Solutions\STM32F10x\RegressionTest\test.obj
                0x08002aa8                LED_ERROR1
 .text.LED_RED  0x08002aec       0x58 C:\MicroFrameworkPK_v4_0\BuildOutput\THUMB2\GCC4.2\le\FLASH\debug\STM32F10x\obj\Solutions\STM32F10x\RegressionTest\test.obj
                0x08002aec                LED_RED
 .text.LED_RED_OFF
                0x08002b44       0x18 C:\MicroFrameworkPK_v4_0\BuildOutput\THUMB2\GCC4.2\le\FLASH\debug\STM32F10x\obj\Solutions\STM32F10x\RegressionTest\test.obj
                0x08002b44                LED_RED_OFF
 .text._kill_r  0x08002b5c       0x44 C:\MicroFrameworkPK_v4_0\BuildOutput\THUMB2\GCC4.2\le\FLASH\debug\STM32F10x\obj\Solutions\STM32F10x\RegressionTest\signalr.obj
                0x08002b5c                _kill_r
 .text._getpid_r
                0x08002ba0       0x18 C:\MicroFrameworkPK_v4_0\BuildOutput\THUMB2\GCC4.2\le\FLASH\debug\STM32F10x\obj\Solutions\STM32F10x\RegressionTest\signalr.obj
                0x08002ba0                _getpid_r
 .text._fini    0x08002bb8        0xc C:\MicroFrameworkPK_v4_0\BuildOutput\THUMB2\GCC4.2\le\FLASH\debug\STM32F10x\obj\Solutions\STM32F10x\RegressionTest\syscalls.obj
                0x08002bb8                _fini
 .text._exit    0x08002bc4        0xc C:\MicroFrameworkPK_v4_0\BuildOutput\THUMB2\GCC4.2\le\FLASH\debug\STM32F10x\obj\Solutions\STM32F10x\RegressionTest\syscalls.obj
                0x08002bc4                _exit
 .text._sbrk_r  0x08002bd0       0x78 C:\MicroFrameworkPK_v4_0\BuildOutput\THUMB2\GCC4.2\le\FLASH\debug\STM32F10x\obj\Solutions\STM32F10x\RegressionTest\syscalls.obj
                0x08002bd0                _sbrk_r
 .text._Z9int2Fixedi
                0x08002c48       0x1c C:\MicroFrameworkPK_v4_0\BuildOutput\THUMB2\GCC4.2\le\FLASH\debug\STM32F10x\lib\tmp_RegressionTest.lib(gpio.obj)
                0x08002c48                int2Fixed(int)
 .text._Z5fpDivjj
                0x08002c64       0x38 C:\MicroFrameworkPK_v4_0\BuildOutput\THUMB2\GCC4.2\le\FLASH\debug\STM32F10x\lib\tmp_RegressionTest.lib(gpio.obj)
                0x08002c64                fpDiv(unsigned int, unsigned int)
 .text._ZN17mathHelperLibrary6getBitEii
                0x08002c9c       0x40 C:\MicroFrameworkPK_v4_0\BuildOutput\THUMB2\GCC4.2\le\FLASH\debug\STM32F10x\lib\tmp_RegressionTest.lib(gpio.obj)
                0x08002c9c                mathHelperLibrary::getBit(int, int)
 .text._ZN17mathHelperLibrary9prng_initEi
                0x08002cdc       0x58 C:\MicroFrameworkPK_v4_0\BuildOutput\THUMB2\GCC4.2\le\FLASH\debug\STM32F10x\lib\tmp_RegressionTest.lib(gpio.obj)
                0x08002cdc                mathHelperLibrary::prng_init(int)
 .text._ZN17mathHelperLibrary4prngEv
                0x08002d34       0xc4 C:\MicroFrameworkPK_v4_0\BuildOutput\THUMB2\GCC4.2\le\FLASH\debug\STM32F10x\lib\tmp_RegressionTest.lib(gpio.obj)
                0x08002d34                mathHelperLibrary::prng()
 .text._ZN17mathHelperLibrary11pareto_prngEv
                0x08002df8       0x54 C:\MicroFrameworkPK_v4_0\BuildOutput\THUMB2\GCC4.2\le\FLASH\debug\STM32F10x\lib\tmp_RegressionTest.lib(gpio.obj)
                0x08002df8                mathHelperLibrary::pareto_prng()
 .text._ZN17mathHelperLibrary10sqrroot_fpEi
                0x08002e4c       0x9c C:\MicroFrameworkPK_v4_0\BuildOutput\THUMB2\GCC4.2\le\FLASH\debug\STM32F10x\lib\tmp_RegressionTest.lib(gpio.obj)
                0x08002e4c                mathHelperLibrary::sqrroot_fp(int)
 .text._ZN8GPIOTestC1Ei
                0x08002ee8       0xd0 C:\MicroFrameworkPK_v4_0\BuildOutput\THUMB2\GCC4.2\le\FLASH\debug\STM32F10x\lib\tmp_RegressionTest.lib(gpio.obj)
                0x08002ee8                GPIOTest::GPIOTest(int)
 .text._ZN8GPIOTest7ExecuteEi
                0x08002fb8       0x44 C:\MicroFrameworkPK_v4_0\BuildOutput\THUMB2\GCC4.2\le\FLASH\debug\STM32F10x\lib\tmp_RegressionTest.lib(gpio.obj)
                0x08002fb8                GPIOTest::Execute(int)
 .text._ZN8GPIOTest7Level_0Ev
                0x08002ffc      0x1c4 C:\MicroFrameworkPK_v4_0\BuildOutput\THUMB2\GCC4.2\le\FLASH\debug\STM32F10x\lib\tmp_RegressionTest.lib(gpio.obj)
                0x08002ffc                GPIOTest::Level_0()
 .text._Z11GPIO_GetPinj
                0x080031c0       0x24 C:\MicroFrameworkPK_v4_0\BuildOutput\THUMB2\GCC4.2\le\FLASH\debug\STM32F10x\lib\tmp_RegressionTest.lib(netmf_gpio.obj)
                0x080031c0                GPIO_GetPin(unsigned int)
 .text._Z12GPIO_GetPortj
                0x080031e4       0x1c C:\MicroFrameworkPK_v4_0\BuildOutput\THUMB2\GCC4.2\le\FLASH\debug\STM32F10x\lib\tmp_RegressionTest.lib(netmf_gpio.obj)
                0x080031e4                GPIO_GetPort(unsigned int)
 .text._Z15GPIO_GetPortPtrj
                0x08003200       0x28 C:\MicroFrameworkPK_v4_0\BuildOutput\THUMB2\GCC4.2\le\FLASH\debug\STM32F10x\lib\tmp_RegressionTest.lib(netmf_gpio.obj)
                0x08003200                GPIO_GetPortPtr(unsigned int)
 .text._Z19CPU_GPIO_Initializev
                0x08003228       0x7c C:\MicroFrameworkPK_v4_0\BuildOutput\THUMB2\GCC4.2\le\FLASH\debug\STM32F10x\lib\tmp_RegressionTest.lib(netmf_gpio.obj)
                0x08003228                CPU_GPIO_Initialize()
 .text._Z24CPU_GPIO_EnableOutputPinjj
                0x080032a4       0x68 C:\MicroFrameworkPK_v4_0\BuildOutput\THUMB2\GCC4.2\le\FLASH\debug\STM32F10x\lib\tmp_RegressionTest.lib(netmf_gpio.obj)
                0x080032a4                CPU_GPIO_EnableOutputPin(unsigned int, unsigned int)
 .text._Z20CPU_GPIO_SetPinStatejj
                0x0800330c       0x54 C:\MicroFrameworkPK_v4_0\BuildOutput\THUMB2\GCC4.2\le\FLASH\debug\STM32F10x\lib\tmp_RegressionTest.lib(netmf_gpio.obj)
                0x0800330c                CPU_GPIO_SetPinState(unsigned int, unsigned int)
 .text._Z19CPU_INTC_Initializev
                0x08003360        0xc C:\MicroFrameworkPK_v4_0\BuildOutput\THUMB2\GCC4.2\le\FLASH\debug\STM32F10x\lib\tmp_RegressionTest.lib(STM32_nvic_functions.obj)
                0x08003360                CPU_INTC_Initialize()
 .text._Z26CPU_INTC_ActivateInterruptjPFvPvES_
                0x0800336c       0x28 C:\MicroFrameworkPK_v4_0\BuildOutput\THUMB2\GCC4.2\le\FLASH\debug\STM32F10x\lib\tmp_RegressionTest.lib(STM32_nvic_functions.obj)
                0x0800336c                CPU_INTC_ActivateInterrupt(unsigned int, void (*)(void*), void*)
 .text._Z29CPU_INTC_InterruptEnableStatej
                0x08003394       0x1c C:\MicroFrameworkPK_v4_0\BuildOutput\THUMB2\GCC4.2\le\FLASH\debug\STM32F10x\lib\tmp_RegressionTest.lib(STM32_nvic_functions.obj)
                0x08003394                CPU_INTC_InterruptEnableState(unsigned int)
 .text._ZL15SetSysClockTo72v
                0x080033b0      0x1dc C:\MicroFrameworkPK_v4_0\BuildOutput\THUMB2\GCC4.2\le\FLASH\debug\STM32F10x\lib\tmp_RegressionTest.lib(STM32F10x_bootstrap.obj)
 .text._Z12LowLevelInitv
                0x0800358c       0x9c C:\MicroFrameworkPK_v4_0\BuildOutput\THUMB2\GCC4.2\le\FLASH\debug\STM32F10x\lib\tmp_RegressionTest.lib(STM32F10x_bootstrap.obj)
                0x0800358c                LowLevelInit()
 .text._ZL17RCC_Configurationv
                0x08003628       0xcc C:\MicroFrameworkPK_v4_0\BuildOutput\THUMB2\GCC4.2\le\FLASH\debug\STM32F10x\lib\tmp_RegressionTest.lib(STM32F10x_bootstrap.obj)
 .text.BootstrapCode
                0x080036f4       0x10 C:\MicroFrameworkPK_v4_0\BuildOutput\THUMB2\GCC4.2\le\FLASH\debug\STM32F10x\lib\tmp_RegressionTest.lib(STM32F10x_bootstrap.obj)
                0x080036f4                BootstrapCode
 .text.FLASH_SetLatency
                0x08003704       0x44 C:\MicroFrameworkPK_v4_0\BuildOutput\THUMB2\GCC4.2\le\FLASH\debug\STM32F10x\lib\tmp_RegressionTest.lib(STM32F10x_flash.obj)
                0x08003704                FLASH_SetLatency
 .text.FLASH_PrefetchBufferCmd
                0x08003748       0x44 C:\MicroFrameworkPK_v4_0\BuildOutput\THUMB2\GCC4.2\le\FLASH\debug\STM32F10x\lib\tmp_RegressionTest.lib(STM32F10x_flash.obj)
                0x08003748                FLASH_PrefetchBufferCmd
 .text.GPIO_Init
                0x0800378c      0x1c0 C:\MicroFrameworkPK_v4_0\BuildOutput\THUMB2\GCC4.2\le\FLASH\debug\STM32F10x\lib\tmp_RegressionTest.lib(STM32F10x_gpio.obj)
                0x0800378c                GPIO_Init
 .text.GPIO_StructInit
                0x0800394c       0x2c C:\MicroFrameworkPK_v4_0\BuildOutput\THUMB2\GCC4.2\le\FLASH\debug\STM32F10x\lib\tmp_RegressionTest.lib(STM32F10x_gpio.obj)
                0x0800394c                GPIO_StructInit
 .text.GPIO_WriteBit
                0x08003978       0x30 C:\MicroFrameworkPK_v4_0\BuildOutput\THUMB2\GCC4.2\le\FLASH\debug\STM32F10x\lib\tmp_RegressionTest.lib(STM32F10x_gpio.obj)
                0x08003978                GPIO_WriteBit
 .text.RCC_DeInit
                0x080039a8       0x9c C:\MicroFrameworkPK_v4_0\BuildOutput\THUMB2\GCC4.2\le\FLASH\debug\STM32F10x\lib\tmp_RegressionTest.lib(STM32F10x_rcc.obj)
                0x080039a8                RCC_DeInit
 .text.RCC_HSEConfig
                0x08003a44       0x84 C:\MicroFrameworkPK_v4_0\BuildOutput\THUMB2\GCC4.2\le\FLASH\debug\STM32F10x\lib\tmp_RegressionTest.lib(STM32F10x_rcc.obj)
                0x08003a44                RCC_HSEConfig
 .text.RCC_WaitForHSEStartUp
                0x08003ac8       0x64 C:\MicroFrameworkPK_v4_0\BuildOutput\THUMB2\GCC4.2\le\FLASH\debug\STM32F10x\lib\tmp_RegressionTest.lib(STM32F10x_rcc.obj)
                0x08003ac8                RCC_WaitForHSEStartUp
 .text.RCC_PLLConfig
                0x08003b2c       0x4c C:\MicroFrameworkPK_v4_0\BuildOutput\THUMB2\GCC4.2\le\FLASH\debug\STM32F10x\lib\tmp_RegressionTest.lib(STM32F10x_rcc.obj)
                0x08003b2c                RCC_PLLConfig
 .text.RCC_PLLCmd
                0x08003b78       0x20 C:\MicroFrameworkPK_v4_0\BuildOutput\THUMB2\GCC4.2\le\FLASH\debug\STM32F10x\lib\tmp_RegressionTest.lib(STM32F10x_rcc.obj)
                0x08003b78                RCC_PLLCmd
 .text.RCC_SYSCLKConfig
                0x08003b98       0x44 C:\MicroFrameworkPK_v4_0\BuildOutput\THUMB2\GCC4.2\le\FLASH\debug\STM32F10x\lib\tmp_RegressionTest.lib(STM32F10x_rcc.obj)
                0x08003b98                RCC_SYSCLKConfig
 .text.RCC_GetSYSCLKSource
                0x08003bdc       0x1c C:\MicroFrameworkPK_v4_0\BuildOutput\THUMB2\GCC4.2\le\FLASH\debug\STM32F10x\lib\tmp_RegressionTest.lib(STM32F10x_rcc.obj)
                0x08003bdc                RCC_GetSYSCLKSource
 .text.RCC_HCLKConfig
                0x08003bf8       0x44 C:\MicroFrameworkPK_v4_0\BuildOutput\THUMB2\GCC4.2\le\FLASH\debug\STM32F10x\lib\tmp_RegressionTest.lib(STM32F10x_rcc.obj)
                0x08003bf8                RCC_HCLKConfig
 .text.RCC_PCLK1Config
                0x08003c3c       0x44 C:\MicroFrameworkPK_v4_0\BuildOutput\THUMB2\GCC4.2\le\FLASH\debug\STM32F10x\lib\tmp_RegressionTest.lib(STM32F10x_rcc.obj)
                0x08003c3c                RCC_PCLK1Config
 .text.RCC_PCLK2Config
                0x08003c80       0x48 C:\MicroFrameworkPK_v4_0\BuildOutput\THUMB2\GCC4.2\le\FLASH\debug\STM32F10x\lib\tmp_RegressionTest.lib(STM32F10x_rcc.obj)
                0x08003c80                RCC_PCLK2Config
 .text.RCC_ADCCLKConfig
                0x08003cc8       0x44 C:\MicroFrameworkPK_v4_0\BuildOutput\THUMB2\GCC4.2\le\FLASH\debug\STM32F10x\lib\tmp_RegressionTest.lib(STM32F10x_rcc.obj)
                0x08003cc8                RCC_ADCCLKConfig
 .text.RCC_GetClocksFreq
                0x08003d0c      0x1c8 C:\MicroFrameworkPK_v4_0\BuildOutput\THUMB2\GCC4.2\le\FLASH\debug\STM32F10x\lib\tmp_RegressionTest.lib(STM32F10x_rcc.obj)
                0x08003d0c                RCC_GetClocksFreq
 .text.RCC_APB2PeriphClockCmd
                0x08003ed4       0x58 C:\MicroFrameworkPK_v4_0\BuildOutput\THUMB2\GCC4.2\le\FLASH\debug\STM32F10x\lib\tmp_RegressionTest.lib(STM32F10x_rcc.obj)
                0x08003ed4                RCC_APB2PeriphClockCmd
 .text.RCC_APB1PeriphClockCmd
                0x08003f2c       0x58 C:\MicroFrameworkPK_v4_0\BuildOutput\THUMB2\GCC4.2\le\FLASH\debug\STM32F10x\lib\tmp_RegressionTest.lib(STM32F10x_rcc.obj)
                0x08003f2c                RCC_APB1PeriphClockCmd
 .text.RCC_GetFlagStatus
                0x08003f84       0x90 C:\MicroFrameworkPK_v4_0\BuildOutput\THUMB2\GCC4.2\le\FLASH\debug\STM32F10x\lib\tmp_RegressionTest.lib(STM32F10x_rcc.obj)
                0x08003f84                RCC_GetFlagStatus
 .text._Z10hal_printfPKcz
                0x08004014       0x14 C:\MicroFrameworkPK_v4_0\BuildOutput\THUMB2\GCC4.2\le\FLASH\debug\STM32F10x\lib\tmp_RegressionTest.lib(tinycrt_stubs.obj)
                0x08004014                hal_printf(char const*, ...)
 .text._Z12hal_vfprintfiPKcSt9__va_list
                0x08004028       0x1c C:\MicroFrameworkPK_v4_0\BuildOutput\THUMB2\GCC4.2\le\FLASH\debug\STM32F10x\lib\tmp_RegressionTest.lib(tinycrt_stubs.obj)
                0x08004028                hal_vfprintf(int, char const*, std::__va_list)
 .text._Z13hal_vsnprintfPcjPKcSt9__va_list
                0x08004044       0x20 C:\MicroFrameworkPK_v4_0\BuildOutput\THUMB2\GCC4.2\le\FLASH\debug\STM32F10x\lib\tmp_RegressionTest.lib(tinycrt_stubs.obj)
                0x08004044                hal_vsnprintf(char*, unsigned int, char const*, std::__va_list)
 .text._Z20HAL_Init_Custom_Heapv
                0x08004064       0x34 C:\MicroFrameworkPK_v4_0\BuildOutput\THUMB2\GCC4.2\le\FLASH\debug\STM32F10x\lib\tmp_RegressionTest.lib(tinyhal.obj)
                0x08004064                HAL_Init_Custom_Heap()
 .text._ZL12InitCRuntimev
                0x08004098        0xc C:\MicroFrameworkPK_v4_0\BuildOutput\THUMB2\GCC4.2\le\FLASH\debug\STM32F10x\lib\tmp_RegressionTest.lib(tinyhal.obj)
 .text._Z14HAL_Initializev
                0x080040a4       0x78 C:\MicroFrameworkPK_v4_0\BuildOutput\THUMB2\GCC4.2\le\FLASH\debug\STM32F10x\lib\tmp_RegressionTest.lib(tinyhal.obj)
                0x080040a4                HAL_Initialize()
 .text.BootEntry
                0x0800411c      0x108 C:\MicroFrameworkPK_v4_0\BuildOutput\THUMB2\GCC4.2\le\FLASH\debug\STM32F10x\lib\tmp_RegressionTest.lib(tinyhal.obj)
                0x0800411c                BootEntry
 .text._Z12debug_printfPKcz
                0x08004224       0x74 C:\MicroFrameworkPK_v4_0\BuildOutput\THUMB2\GCC4.2\le\FLASH\debug\STM32F10x\lib\tmp_RegressionTest.lib(tinyhal.obj)
                0x08004224                debug_printf(char const*, ...)
 .text._Z10lcd_printfPKcz
                0x08004298       0x28 C:\MicroFrameworkPK_v4_0\BuildOutput\THUMB2\GCC4.2\le\FLASH\debug\STM32F10x\lib\tmp_RegressionTest.lib(tinyhal.obj)
                0x08004298                lcd_printf(char const*, ...)
 .text.SystemState_SetNoLock
                0x080042c0       0x34 C:\MicroFrameworkPK_v4_0\BuildOutput\THUMB2\GCC4.2\le\FLASH\debug\STM32F10x\lib\tmp_RegressionTest.lib(tinyhal.obj)
                0x080042c0                SystemState_SetNoLock
 .text.SystemState_ClearNoLock
                0x080042f4       0x34 C:\MicroFrameworkPK_v4_0\BuildOutput\THUMB2\GCC4.2\le\FLASH\debug\STM32F10x\lib\tmp_RegressionTest.lib(tinyhal.obj)
                0x080042f4                SystemState_ClearNoLock
 .text.SystemState_QueryNoLock
                0x08004328       0x34 C:\MicroFrameworkPK_v4_0\BuildOutput\THUMB2\GCC4.2\le\FLASH\debug\STM32F10x\lib\tmp_RegressionTest.lib(tinyhal.obj)
                0x08004328                SystemState_QueryNoLock
 .text._Z16USART_Initializeiiiiii
                0x0800435c       0x30 C:\MicroFrameworkPK_v4_0\BuildOutput\THUMB2\GCC4.2\le\FLASH\debug\STM32F10x\lib\tmp_RegressionTest.lib(usart.obj)
                0x0800435c                USART_Initialize(int, int, int, int, int, int)
 .text._Z11USART_WriteiPKcj
                0x0800438c       0x24 C:\MicroFrameworkPK_v4_0\BuildOutput\THUMB2\GCC4.2\le\FLASH\debug\STM32F10x\lib\tmp_RegressionTest.lib(usart.obj)
                0x0800438c                USART_Write(int, char const*, unsigned int)
 .text._Z11USART_Flushi
                0x080043b0       0x1c C:\MicroFrameworkPK_v4_0\BuildOutput\THUMB2\GCC4.2\le\FLASH\debug\STM32F10x\lib\tmp_RegressionTest.lib(usart.obj)
                0x080043b0                USART_Flush(int)
 .text._ZN12USART_Driver10InitializeEiiiiii
                0x080043cc      0x154 C:\MicroFrameworkPK_v4_0\BuildOutput\THUMB2\GCC4.2\le\FLASH\debug\STM32F10x\lib\tmp_RegressionTest.lib(usart.obj)
                0x080043cc                USART_Driver::Initialize(int, int, int, int, int, int)
 .text._ZN12USART_Driver5WriteEiPKcj
                0x08004520      0x224 C:\MicroFrameworkPK_v4_0\BuildOutput\THUMB2\GCC4.2\le\FLASH\debug\STM32F10x\lib\tmp_RegressionTest.lib(usart.obj)
                0x08004520                USART_Driver::Write(int, char const*, unsigned int)
 .text._ZN12USART_Driver5FlushEi
                0x08004744      0x224 C:\MicroFrameworkPK_v4_0\BuildOutput\THUMB2\GCC4.2\le\FLASH\debug\STM32F10x\lib\tmp_RegressionTest.lib(usart.obj)
                0x08004744                USART_Driver::Flush(int)
 .text._ZN12USART_Driver22RemoveCharFromTxBufferEiRc
                0x08004968       0xdc C:\MicroFrameworkPK_v4_0\BuildOutput\THUMB2\GCC4.2\le\FLASH\debug\STM32F10x\lib\tmp_RegressionTest.lib(usart.obj)
                0x08004968                USART_Driver::RemoveCharFromTxBuffer(int, char&)
 .text._ZN12USART_Driver8SetEventEij
                0x08004a44       0xa4 C:\MicroFrameworkPK_v4_0\BuildOutput\THUMB2\GCC4.2\le\FLASH\debug\STM32F10x\lib\tmp_RegressionTest.lib(usart.obj)
                0x08004a44                USART_Driver::SetEvent(int, unsigned int)
 .text._ZN21Hal_Queue_UnknownSizeIhE3PopEv
                0x08004ae8       0x64 C:\MicroFrameworkPK_v4_0\BuildOutput\THUMB2\GCC4.2\le\FLASH\debug\STM32F10x\lib\tmp_RegressionTest.lib(usart.obj)
                0x08004ae8                Hal_Queue_UnknownSize<unsigned char>::Pop()
 .text._ZN21Hal_Queue_UnknownSizeIhE10InitializeEPhj
                0x08004b4c       0x3c C:\MicroFrameworkPK_v4_0\BuildOutput\THUMB2\GCC4.2\le\FLASH\debug\STM32F10x\lib\tmp_RegressionTest.lib(usart.obj)
                0x08004b4c                Hal_Queue_UnknownSize<unsigned char>::Initialize(unsigned char*, unsigned int)
 .text._ZN21Hal_Queue_UnknownSizeIhE4PushERj
                0x08004b88       0xc0 C:\MicroFrameworkPK_v4_0\BuildOutput\THUMB2\GCC4.2\le\FLASH\debug\STM32F10x\lib\tmp_RegressionTest.lib(usart.obj)
                0x08004b88                Hal_Queue_UnknownSize<unsigned char>::Push(unsigned int&)
 .text._ZN21Hal_Queue_UnknownSizeIhE7IsEmptyEv
                0x08004c48       0x34 C:\MicroFrameworkPK_v4_0\BuildOutput\THUMB2\GCC4.2\le\FLASH\debug\STM32F10x\lib\tmp_RegressionTest.lib(usart.obj)
                0x08004c48                Hal_Queue_UnknownSize<unsigned char>::IsEmpty()
 .text.SystemInit_ExtMemCtl_Dummy
                0x08004c7c        0x2 C:\MicroFrameworkPK_v4_0\BuildOutput\THUMB2\GCC4.2\le\FLASH\debug\STM32F10x\lib\tmp_RegressionTest.lib(VectorsTrampolines.obj)
                0x08004c7c                SystemInit_ExtMemCtl
 .text.Default_Handler
                0x08004c7e        0x6 C:\MicroFrameworkPK_v4_0\BuildOutput\THUMB2\GCC4.2\le\FLASH\debug\STM32F10x\lib\tmp_RegressionTest.lib(VectorsTrampolines.obj)
                0x08004c7e                EXTI2_IRQHandler
                0x08004c7e                TIM8_TRG_COM_IRQHandler
                0x08004c7e                TIM8_CC_IRQHandler
                0x08004c7e                DebugMon_Handler
                0x08004c7e                TIM1_CC_IRQHandler
                0x08004c7e                HardFault_Handler
                0x08004c7e                TIM6_IRQHandler
                0x08004c7e                SysTick_Handler
                0x08004c7e                SDIO_IRQHandler
                0x08004c7e                PendSV_Handler
                0x08004c7e                NMI_Handler
                0x08004c7e                EXTI3_IRQHandler
                0x08004c7e                I2C2_EV_IRQHandler
                0x08004c7e                UsageFault_Handler
                0x08004c7e                ADC1_2_IRQHandler
                0x08004c7e                SPI1_IRQHandler
                0x08004c7e                TIM8_UP_IRQHandler
                0x08004c7e                DMA2_Channel2_IRQHandler
                0x08004c7e                DMA1_Channel4_IRQHandler
                0x08004c7e                USART3_IRQHandler
                0x08004c7e                DMA1_Channel7_IRQHandler
                0x08004c7e                CAN1_RX1_IRQHandler
                0x08004c7e                UART5_IRQHandler
                0x08004c7e                ADC3_IRQHandler
                0x08004c7e                TIM4_IRQHandler
                0x08004c7e                DMA2_Channel1_IRQHandler
                0x08004c7e                I2C1_EV_IRQHandler
                0x08004c7e                DMA1_Channel6_IRQHandler
                0x08004c7e                UART4_IRQHandler
                0x08004c7e                TIM3_IRQHandler
                0x08004c7e                RCC_IRQHandler
                0x08004c7e                TIM1_TRG_COM_IRQHandler
                0x08004c7e                DMA1_Channel1_IRQHandler
                0x08004c7e                Default_Handler
                0x08004c7e                EXTI15_10_IRQHandler
                0x08004c7e                TIM7_IRQHandler
                0x08004c7e                TIM5_IRQHandler
                0x08004c7e                EXTI9_5_IRQHandler
                0x08004c7e                SPI2_IRQHandler
                0x08004c7e                MemManage_Handler
                0x08004c7e                SVC_Handler
                0x08004c7e                DMA1_Channel5_IRQHandler
                0x08004c7e                EXTI4_IRQHandler
                0x08004c7e                USB_LP_CAN1_RX0_IRQHandler
                0x08004c7e                USB_HP_CAN1_TX_IRQHandler
                0x08004c7e                DMA1_Channel3_IRQHandler
                0x08004c7e                FSMC_IRQHandler
                0x08004c7e                TIM1_UP_IRQHandler
                0x08004c7e                WWDG_IRQHandler
                0x08004c7e                TIM1_BRK_IRQHandler
                0x08004c7e                EXTI1_IRQHandler
                0x08004c7e                RTCAlarm_IRQHandler
                0x08004c7e                DMA2_Channel4_5_IRQHandler
                0x08004c7e                USART2_IRQHandler
                0x08004c7e                I2C2_ER_IRQHandler
                0x08004c7e                DMA1_Channel2_IRQHandler
                0x08004c7e                TIM8_BRK_IRQHandler
                0x08004c7e                CAN1_SCE_IRQHandler
                0x08004c7e                FLASH_IRQHandler
                0x08004c7e                BusFault_Handler
                0x08004c7e                USART1_IRQHandler
                0x08004c7e                SPI3_IRQHandler
                0x08004c7e                I2C1_ER_IRQHandler
                0x08004c7e                USBWakeUp_IRQHandler
                0x08004c7e                DMA2_Channel3_IRQHandler
 .text._Z22Watchdog_GetSetEnabledjj
                0x08004c84       0x1c C:\MicroFrameworkPK_v4_0\BuildOutput\THUMB2\GCC4.2\le\FLASH\debug\STM32F10x\lib\tmp_RegressionTest.lib(Watchdog_stubs.obj)
                0x08004c84                Watchdog_GetSetEnabled(unsigned int, unsigned int)
 .text._Z22Watchdog_GetSetTimeoutij
                0x08004ca0       0x1c C:\MicroFrameworkPK_v4_0\BuildOutput\THUMB2\GCC4.2\le\FLASH\debug\STM32F10x\lib\tmp_RegressionTest.lib(Watchdog_stubs.obj)
                0x08004ca0                Watchdog_GetSetTimeout(int, unsigned int)
 .text._Z23Watchdog_GetSetBehavior17Watchdog_Behaviorj
                0x08004cbc       0x1c C:\MicroFrameworkPK_v4_0\BuildOutput\THUMB2\GCC4.2\le\FLASH\debug\STM32F10x\lib\tmp_RegressionTest.lib(Watchdog_stubs.obj)
                0x08004cbc                Watchdog_GetSetBehavior(Watchdog_Behavior, unsigned int)
 .text._ZN16HAL_CONTINUATION14InitializeListEv
                0x08004cd8        0xc C:\MicroFrameworkPK_v4_0\BuildOutput\THUMB2\GCC4.2\le\FLASH\debug\STM32F10x\lib\tmp_RegressionTest.lib(Async_stubs.obj)
                0x08004cd8                HAL_CONTINUATION::InitializeList()
 .text._ZN14HAL_COMPLETION14InitializeListEv
                0x08004ce4        0xc C:\MicroFrameworkPK_v4_0\BuildOutput\THUMB2\GCC4.2\le\FLASH\debug\STM32F10x\lib\tmp_RegressionTest.lib(Async_stubs.obj)
                0x08004ce4                HAL_COMPLETION::InitializeList()
 .text._ZN14HAL_COMPLETION14DequeueAndExecEv
                0x08004cf0        0xc C:\MicroFrameworkPK_v4_0\BuildOutput\THUMB2\GCC4.2\le\FLASH\debug\STM32F10x\lib\tmp_RegressionTest.lib(Async_stubs.obj)
                0x08004cf0                HAL_COMPLETION::DequeueAndExec()
 .text._Z23BlockStorage_AddDevicesv
                0x08004cfc        0xc C:\MicroFrameworkPK_v4_0\BuildOutput\THUMB2\GCC4.2\le\FLASH\debug\STM32F10x\lib\tmp_RegressionTest.lib(Bl_AddDevices_stubs.obj)
                0x08004cfc                BlockStorage_AddDevices()
 .text._ZN16BlockStorageList10InitializeEv
                0x08004d08        0xc C:\MicroFrameworkPK_v4_0\BuildOutput\THUMB2\GCC4.2\le\FLASH\debug\STM32F10x\lib\tmp_RegressionTest.lib(blockstoragelist_stubs.obj)
                0x08004d08                BlockStorageList::Initialize()
 .text._ZN16BlockStorageList17InitializeDevicesEv
                0x08004d14       0x10 C:\MicroFrameworkPK_v4_0\BuildOutput\THUMB2\GCC4.2\le\FLASH\debug\STM32F10x\lib\tmp_RegressionTest.lib(blockstoragelist_stubs.obj)
                0x08004d14                BlockStorageList::InitializeDevices()
 .text._Z18Buttons_Initializev
                0x08004d24       0x10 C:\MicroFrameworkPK_v4_0\BuildOutput\THUMB2\GCC4.2\le\FLASH\debug\STM32F10x\lib\tmp_RegressionTest.lib(Buttons_stubs.obj)
                0x08004d24                Buttons_Initialize()
 .text._Z22Buttons_CurrentHWStatev
                0x08004d34       0x10 C:\MicroFrameworkPK_v4_0\BuildOutput\THUMB2\GCC4.2\le\FLASH\debug\STM32F10x\lib\tmp_RegressionTest.lib(Buttons_stubs.obj)
                0x08004d34                Buttons_CurrentHWState()
 .text._Z20Events_WaitForEventsjj
                0x08004d44       0x24 C:\MicroFrameworkPK_v4_0\BuildOutput\THUMB2\GCC4.2\le\FLASH\debug\STM32F10x\lib\tmp_RegressionTest.lib(ComDirector.obj)
                0x08004d44                Events_WaitForEvents(unsigned int, unsigned int)
 .text._Z18DebuggerPort_WriteiPKcj
                0x08004d68      0x1bc C:\MicroFrameworkPK_v4_0\BuildOutput\THUMB2\GCC4.2\le\FLASH\debug\STM32F10x\lib\tmp_RegressionTest.lib(ComDirector.obj)
                0x08004d68                DebuggerPort_Write(int, char const*, unsigned int)
 .text._Z18DebuggerPort_Flushi
                0x08004f24       0x6c C:\MicroFrameworkPK_v4_0\BuildOutput\THUMB2\GCC4.2\le\FLASH\debug\STM32F10x\lib\tmp_RegressionTest.lib(ComDirector.obj)
                0x08004f24                DebuggerPort_Flush(int)
 .text._Z27CPU_InitializeCommunicationv
                0x08004f90      0x110 C:\MicroFrameworkPK_v4_0\BuildOutput\THUMB2\GCC4.2\le\FLASH\debug\STM32F10x\lib\tmp_RegressionTest.lib(ComDirector.obj)
                0x08004f90                CPU_InitializeCommunication()
 .text._Z29CPU_ProtectCommunicationGPIOsj
                0x080050a0       0x64 C:\MicroFrameworkPK_v4_0\BuildOutput\THUMB2\GCC4.2\le\FLASH\debug\STM32F10x\lib\tmp_RegressionTest.lib(ComDirector.obj)
                0x080050a0                CPU_ProtectCommunicationGPIOs(unsigned int)
 .text._Z17Events_Initializev
                0x08005104       0x10 C:\MicroFrameworkPK_v4_0\BuildOutput\THUMB2\GCC4.2\le\FLASH\debug\STM32F10x\lib\tmp_RegressionTest.lib(events_stubs.obj)
                0x08005104                Events_Initialize()
 .text._Z10Events_Setj
                0x08005114       0x14 C:\MicroFrameworkPK_v4_0\BuildOutput\THUMB2\GCC4.2\le\FLASH\debug\STM32F10x\lib\tmp_RegressionTest.lib(events_stubs.obj)
                0x08005114                Events_Set(unsigned int)
 .text._Z20Events_WaitForEventsjjj
                0x08005128       0x1c C:\MicroFrameworkPK_v4_0\BuildOutput\THUMB2\GCC4.2\le\FLASH\debug\STM32F10x\lib\tmp_RegressionTest.lib(events_stubs.obj)
                0x08005128                Events_WaitForEvents(unsigned int, unsigned int, unsigned int)
 .text._Z20BackLight_Initializev
                0x08005144       0x10 C:\MicroFrameworkPK_v4_0\BuildOutput\THUMB2\GCC4.2\le\FLASH\debug\STM32F10x\lib\tmp_RegressionTest.lib(fastcompile_backlight_stubs.obj)
                0x08005144                BackLight_Initialize()
 .text._Z18Charger_Initializev
                0x08005154       0x10 C:\MicroFrameworkPK_v4_0\BuildOutput\THUMB2\GCC4.2\le\FLASH\debug\STM32F10x\lib\tmp_RegressionTest.lib(fastcompile_batterycharger_stubs.obj)
                0x08005154                Charger_Initialize()
 .text._Z18Battery_Initializev
                0x08005164       0x10 C:\MicroFrameworkPK_v4_0\BuildOutput\THUMB2\GCC4.2\le\FLASH\debug\STM32F10x\lib\tmp_RegressionTest.lib(fastcompile_BatteryMeasurement_stubs.obj)
                0x08005164                Battery_Initialize()
 .text._Z14LCD_Initializev
                0x08005174       0x10 C:\MicroFrameworkPK_v4_0\BuildOutput\THUMB2\GCC4.2\le\FLASH\debug\STM32F10x\lib\tmp_RegressionTest.lib(fastcompile_display_stubs.obj)
                0x08005174                LCD_Initialize()
 .text._Z9LCD_Clearv
                0x08005184        0xc C:\MicroFrameworkPK_v4_0\BuildOutput\THUMB2\GCC4.2\le\FLASH\debug\STM32F10x\lib\tmp_RegressionTest.lib(fastcompile_display_stubs.obj)
                0x08005184                LCD_Clear()
 .text._Z13FS_AddVolumesv
                0x08005190        0xc C:\MicroFrameworkPK_v4_0\BuildOutput\THUMB2\GCC4.2\le\FLASH\debug\STM32F10x\lib\tmp_RegressionTest.lib(FS_config_stubs.obj)
                0x08005190                FS_AddVolumes()
 .text._Z13FS_Initializev
                0x0800519c        0xc C:\MicroFrameworkPK_v4_0\BuildOutput\THUMB2\GCC4.2\le\FLASH\debug\STM32F10x\lib\tmp_RegressionTest.lib(fs_stubs.obj)
                0x0800519c                FS_Initialize()
 .text._ZN20FileSystemVolumeList10InitializeEv
                0x080051a8        0xc C:\MicroFrameworkPK_v4_0\BuildOutput\THUMB2\GCC4.2\le\FLASH\debug\STM32F10x\lib\tmp_RegressionTest.lib(fs_stubs.obj)
                0x080051a8                FileSystemVolumeList::Initialize()
 .text._ZN20FileSystemVolumeList17InitializeVolumesEv
                0x080051b4       0x10 C:\MicroFrameworkPK_v4_0\BuildOutput\THUMB2\GCC4.2\le\FLASH\debug\STM32F10x\lib\tmp_RegressionTest.lib(fs_stubs.obj)
                0x080051b4                FileSystemVolumeList::InitializeVolumes()
 .text._Z18Gesture_Initializev
                0x080051c4       0x10 C:\MicroFrameworkPK_v4_0\BuildOutput\THUMB2\GCC4.2\le\FLASH\debug\STM32F10x\lib\tmp_RegressionTest.lib(gesture_stubs.obj)
                0x080051c4                Gesture_Initialize()
 .text._ZN12SmartPtr_IRQC1EPv
                0x080051d4       0x18 C:\MicroFrameworkPK_v4_0\BuildOutput\THUMB2\GCC4.2\le\FLASH\debug\STM32F10x\lib\tmp_RegressionTest.lib(GlobalLock_stubs.obj)
                0x080051d4                SmartPtr_IRQ::SmartPtr_IRQ(void*)
 .text._ZN12SmartPtr_IRQD1Ev
                0x080051ec       0x18 C:\MicroFrameworkPK_v4_0\BuildOutput\THUMB2\GCC4.2\le\FLASH\debug\STM32F10x\lib\tmp_RegressionTest.lib(GlobalLock_stubs.obj)
                0x080051ec                SmartPtr_IRQ::~SmartPtr_IRQ()
 .text._ZN12SmartPtr_IRQ11WasDisabledEv
                0x08005204       0x18 C:\MicroFrameworkPK_v4_0\BuildOutput\THUMB2\GCC4.2\le\FLASH\debug\STM32F10x\lib\tmp_RegressionTest.lib(GlobalLock_stubs.obj)
                0x08005204                SmartPtr_IRQ::WasDisabled()
 .text._ZN12SmartPtr_IRQ7AcquireEv
                0x0800521c       0x14 C:\MicroFrameworkPK_v4_0\BuildOutput\THUMB2\GCC4.2\le\FLASH\debug\STM32F10x\lib\tmp_RegressionTest.lib(GlobalLock_stubs.obj)
                0x0800521c                SmartPtr_IRQ::Acquire()
 .text._ZN12SmartPtr_IRQ7ReleaseEv
                0x08005230       0x14 C:\MicroFrameworkPK_v4_0\BuildOutput\THUMB2\GCC4.2\le\FLASH\debug\STM32F10x\lib\tmp_RegressionTest.lib(GlobalLock_stubs.obj)
                0x08005230                SmartPtr_IRQ::Release()
 .text._ZN12SmartPtr_IRQ5ProbeEv
                0x08005244       0x14 C:\MicroFrameworkPK_v4_0\BuildOutput\THUMB2\GCC4.2\le\FLASH\debug\STM32F10x\lib\tmp_RegressionTest.lib(GlobalLock_stubs.obj)
                0x08005244                SmartPtr_IRQ::Probe()
 .text._ZN12SmartPtr_IRQ8GetStateEPv
                0x08005258       0x18 C:\MicroFrameworkPK_v4_0\BuildOutput\THUMB2\GCC4.2\le\FLASH\debug\STM32F10x\lib\tmp_RegressionTest.lib(GlobalLock_stubs.obj)
                0x08005258                SmartPtr_IRQ::GetState(void*)
 .text._ZN12SmartPtr_IRQ12ForceEnabledEPv
                0x08005270       0x18 C:\MicroFrameworkPK_v4_0\BuildOutput\THUMB2\GCC4.2\le\FLASH\debug\STM32F10x\lib\tmp_RegressionTest.lib(GlobalLock_stubs.obj)
                0x08005270                SmartPtr_IRQ::ForceEnabled(void*)
 .text._Z12HeapLocationRPhRj
                0x08005288       0x24 C:\MicroFrameworkPK_v4_0\BuildOutput\THUMB2\GCC4.2\le\FLASH\debug\STM32F10x\lib\tmp_RegressionTest.lib(heap_stubs.obj)
                0x08005288                HeapLocation(unsigned char*&, unsigned int&)
 .text._Z14I2C_Initializev
                0x080052ac       0x10 C:\MicroFrameworkPK_v4_0\BuildOutput\THUMB2\GCC4.2\le\FLASH\debug\STM32F10x\lib\tmp_RegressionTest.lib(i2c.obj)
                0x080052ac                I2C_Initialize()
 .text._ZN10I2C_Driver10InitializeEv
                0x080052bc       0x6c C:\MicroFrameworkPK_v4_0\BuildOutput\THUMB2\GCC4.2\le\FLASH\debug\STM32F10x\lib\tmp_RegressionTest.lib(i2c.obj)
                0x080052bc                I2C_Driver::Initialize()
 .text._ZN17HAL_DblLinkedListI16HAL_CONTINUATIONE10InitializeEv
                0x08005328       0x30 C:\MicroFrameworkPK_v4_0\BuildOutput\THUMB2\GCC4.2\le\FLASH\debug\STM32F10x\lib\tmp_RegressionTest.lib(i2c.obj)
                0x08005328                HAL_DblLinkedList<HAL_CONTINUATION>::Initialize()
 .text._ZNK17HAL_DblLinkedListI16HAL_CONTINUATIONE4TailEv
                0x08005358       0x20 C:\MicroFrameworkPK_v4_0\BuildOutput\THUMB2\GCC4.2\le\FLASH\debug\STM32F10x\lib\tmp_RegressionTest.lib(i2c.obj)
                0x08005358                HAL_DblLinkedList<HAL_CONTINUATION>::Tail() const
 .text._ZNK17HAL_DblLinkedListI16HAL_CONTINUATIONE4HeadEv
                0x08005378       0x18 C:\MicroFrameworkPK_v4_0\BuildOutput\THUMB2\GCC4.2\le\FLASH\debug\STM32F10x\lib\tmp_RegressionTest.lib(i2c.obj)
                0x08005378                HAL_DblLinkedList<HAL_CONTINUATION>::Head() const
 .text._Z14Ink_Initializev
                0x08005390       0x10 C:\MicroFrameworkPK_v4_0\BuildOutput\THUMB2\GCC4.2\le\FLASH\debug\STM32F10x\lib\tmp_RegressionTest.lib(ink_stubs.obj)
                0x08005390                Ink_Initialize()
 .text._Z18CPU_SPI_Initializev
                0x080053a0       0x2c C:\MicroFrameworkPK_v4_0\BuildOutput\THUMB2\GCC4.2\le\FLASH\debug\STM32F10x\lib\tmp_RegressionTest.lib(netmf_spi.obj)
                0x080053a0                CPU_SPI_Initialize()
 .text._Z10RCC_Configv
                0x080053cc       0x28 C:\MicroFrameworkPK_v4_0\BuildOutput\THUMB2\GCC4.2\le\FLASH\debug\STM32F10x\lib\tmp_RegressionTest.lib(netmf_spi.obj)
                0x080053cc                RCC_Config()
 .text._Z11NVIC_Configv
                0x080053f4        0xc C:\MicroFrameworkPK_v4_0\BuildOutput\THUMB2\GCC4.2\le\FLASH\debug\STM32F10x\lib\tmp_RegressionTest.lib(netmf_spi.obj)
                0x080053f4                NVIC_Config()
 .text._Z18CPU_TicksPerSecondv
                0x08005400       0x14 C:\MicroFrameworkPK_v4_0\BuildOutput\THUMB2\GCC4.2\le\FLASH\debug\STM32F10x\lib\tmp_RegressionTest.lib(netmf_time_functions.obj)
                0x08005400                CPU_TicksPerSecond()
 .text._Z23CPU_MillisecondsToTicksj
                0x08005414       0x48 C:\MicroFrameworkPK_v4_0\BuildOutput\THUMB2\GCC4.2\le\FLASH\debug\STM32F10x\lib\tmp_RegressionTest.lib(netmf_time_functions.obj)
                0x08005414                CPU_MillisecondsToTicks(unsigned int)
 .text._Z23CPU_MicrosecondsToTicksj
                0x0800545c       0x1c C:\MicroFrameworkPK_v4_0\BuildOutput\THUMB2\GCC4.2\le\FLASH\debug\STM32F10x\lib\tmp_RegressionTest.lib(netmf_time_functions.obj)
                0x0800545c                CPU_MicrosecondsToTicks(unsigned int)
 .text._Z19HAL_Time_Initializev
                0x08005478       0x10 C:\MicroFrameworkPK_v4_0\BuildOutput\THUMB2\GCC4.2\le\FLASH\debug\STM32F10x\lib\tmp_RegressionTest.lib(netmf_time_functions.obj)
                0x08005478                HAL_Time_Initialize()
 .text.HAL_Time_CurrentTicks
                0x08005488       0x14 C:\MicroFrameworkPK_v4_0\BuildOutput\THUMB2\GCC4.2\le\FLASH\debug\STM32F10x\lib\tmp_RegressionTest.lib(netmf_time_functions.obj)
                0x08005488                HAL_Time_CurrentTicks
 .text._Z27HAL_Time_GetDriftParametersPiS_Px
                0x0800549c       0x34 C:\MicroFrameworkPK_v4_0\BuildOutput\THUMB2\GCC4.2\le\FLASH\debug\STM32F10x\lib\tmp_RegressionTest.lib(netmf_time_functions.obj)
                0x0800549c                HAL_Time_GetDriftParameters(int*, int*, long long*)
 .text._Z27HAL_Time_Sleep_MicroSecondsj
                0x080054d0       0x18 C:\MicroFrameworkPK_v4_0\BuildOutput\THUMB2\GCC4.2\le\FLASH\debug\STM32F10x\lib\tmp_RegressionTest.lib(netmf_time_functions.obj)
                0x080054d0                HAL_Time_Sleep_MicroSeconds(unsigned int)
 .text._Z44HAL_Time_Sleep_MicroSeconds_InterruptEnabledj
                0x080054e8       0x18 C:\MicroFrameworkPK_v4_0\BuildOutput\THUMB2\GCC4.2\le\FLASH\debug\STM32F10x\lib\tmp_RegressionTest.lib(netmf_time_functions.obj)
                0x080054e8                HAL_Time_Sleep_MicroSeconds_InterruptEnabled(unsigned int)
 .text._Z20CPU_USART_Initializeiiiiii
                0x08005500       0x68 C:\MicroFrameworkPK_v4_0\BuildOutput\THUMB2\GCC4.2\le\FLASH\debug\STM32F10x\lib\tmp_RegressionTest.lib(netmf_usart.obj)
                0x08005500                CPU_USART_Initialize(int, int, int, int, int, int)
 .text._Z23CPU_USART_TxBufferEmptyi
                0x08005568      0x110 C:\MicroFrameworkPK_v4_0\BuildOutput\THUMB2\GCC4.2\le\FLASH\debug\STM32F10x\lib\tmp_RegressionTest.lib(netmf_usart.obj)
                0x08005568                CPU_USART_TxBufferEmpty(int)
 .text._Z30CPU_USART_TxShiftRegisterEmptyi
                0x08005678      0x110 C:\MicroFrameworkPK_v4_0\BuildOutput\THUMB2\GCC4.2\le\FLASH\debug\STM32F10x\lib\tmp_RegressionTest.lib(netmf_usart.obj)
                0x08005678                CPU_USART_TxShiftRegisterEmpty(int)
 .text._Z29CPU_USART_WriteCharToTxBufferih
                0x08005788       0xac C:\MicroFrameworkPK_v4_0\BuildOutput\THUMB2\GCC4.2\le\FLASH\debug\STM32F10x\lib\tmp_RegressionTest.lib(netmf_usart.obj)
                0x08005788                CPU_USART_WriteCharToTxBuffer(int, unsigned char)
 .text._Z38CPU_USART_TxBufferEmptyInterruptEnableij
                0x08005834       0x14 C:\MicroFrameworkPK_v4_0\BuildOutput\THUMB2\GCC4.2\le\FLASH\debug\STM32F10x\lib\tmp_RegressionTest.lib(netmf_usart.obj)
                0x08005834                CPU_USART_TxBufferEmptyInterruptEnable(int, unsigned int)
 .text._Z37CPU_USART_TxBufferEmptyInterruptStatei
                0x08005848       0x18 C:\MicroFrameworkPK_v4_0\BuildOutput\THUMB2\GCC4.2\le\FLASH\debug\STM32F10x\lib\tmp_RegressionTest.lib(netmf_usart.obj)
                0x08005848                CPU_USART_TxBufferEmptyInterruptState(int)
 .text._Z33CPU_USART_TxHandshakeEnabledStatei
                0x08005860       0x18 C:\MicroFrameworkPK_v4_0\BuildOutput\THUMB2\GCC4.2\le\FLASH\debug\STM32F10x\lib\tmp_RegressionTest.lib(netmf_usart.obj)
                0x08005860                CPU_USART_TxHandshakeEnabledState(int)
 .text._Z21CPU_USART_ProtectPinsij
                0x08005878       0x14 C:\MicroFrameworkPK_v4_0\BuildOutput\THUMB2\GCC4.2\le\FLASH\debug\STM32F10x\lib\tmp_RegressionTest.lib(netmf_usart.obj)
                0x08005878                CPU_USART_ProtectPins(int, unsigned int)
 .text._Z19PalEvent_Initializev
                0x0800588c       0x10 C:\MicroFrameworkPK_v4_0\BuildOutput\THUMB2\GCC4.2\le\FLASH\debug\STM32F10x\lib\tmp_RegressionTest.lib(palevent_stubs.obj)
                0x0800588c                PalEvent_Initialize()
 .text._Z16Piezo_Initializev
                0x0800589c        0xc C:\MicroFrameworkPK_v4_0\BuildOutput\THUMB2\GCC4.2\le\FLASH\debug\STM32F10x\lib\tmp_RegressionTest.lib(piezo_stubs.obj)
                0x0800589c                Piezo_Initialize()
 .text._Z18CustomHeapLocationRPhRj
                0x080058a8       0x24 C:\MicroFrameworkPK_v4_0\BuildOutput\THUMB2\GCC4.2\le\FLASH\debug\STM32F10x\lib\tmp_RegressionTest.lib(SimpleHeap_config_stubs.obj)
                0x080058a8                CustomHeapLocation(unsigned char*&, unsigned int&)
 .text._Z21SimpleHeap_InitializePvj
                0x080058cc       0x14 C:\MicroFrameworkPK_v4_0\BuildOutput\THUMB2\GCC4.2\le\FLASH\debug\STM32F10x\lib\tmp_RegressionTest.lib(SimpleHeap_stubs.obj)
                0x080058cc                SimpleHeap_Initialize(void*, unsigned int)
 .text._Z18Network_Initializev
                0x080058e0       0x10 C:\MicroFrameworkPK_v4_0\BuildOutput\THUMB2\GCC4.2\le\FLASH\debug\STM32F10x\lib\tmp_RegressionTest.lib(sockets_Stubs.obj)
                0x080058e0                Network_Initialize()
 .text._Z13SOCKETS_WriteiPKcj
                0x080058f0       0x1c C:\MicroFrameworkPK_v4_0\BuildOutput\THUMB2\GCC4.2\le\FLASH\debug\STM32F10x\lib\tmp_RegressionTest.lib(sockets_Stubs.obj)
                0x080058f0                SOCKETS_Write(int, char const*, unsigned int)
 .text._Z13SOCKETS_Flushi
                0x0800590c       0x18 C:\MicroFrameworkPK_v4_0\BuildOutput\THUMB2\GCC4.2\le\FLASH\debug\STM32F10x\lib\tmp_RegressionTest.lib(sockets_Stubs.obj)
                0x0800590c                SOCKETS_Flush(int)
 .text.STM_EVAL_LEDInit
                0x08005924       0x60 C:\MicroFrameworkPK_v4_0\BuildOutput\THUMB2\GCC4.2\le\FLASH\debug\STM32F10x\lib\tmp_RegressionTest.lib(stm3210e_eval.obj)
                0x08005924                STM_EVAL_LEDInit
 .text.STM_EVAL_LEDToggle
                0x08005984       0x48 C:\MicroFrameworkPK_v4_0\BuildOutput\THUMB2\GCC4.2\le\FLASH\debug\STM32F10x\lib\tmp_RegressionTest.lib(stm3210e_eval.obj)
                0x08005984                STM_EVAL_LEDToggle
 .text.STM_EVAL_COMInit
                0x080059cc      0x130 C:\MicroFrameworkPK_v4_0\BuildOutput\THUMB2\GCC4.2\le\FLASH\debug\STM32F10x\lib\tmp_RegressionTest.lib(stm3210e_eval.obj)
                0x080059cc                STM_EVAL_COMInit
 .text._ZN12HAL_CALLBACK10InitializeEPFvPvES0_
                0x08005afc       0x24 C:\MicroFrameworkPK_v4_0\BuildOutput\THUMB2\GCC4.2\le\FLASH\debug\STM32F10x\lib\tmp_RegressionTest.lib(STM32__AITC.obj)
                0x08005afc                HAL_CALLBACK::Initialize(void (*)(void*), void*)
 .text._ZNK12HAL_CALLBACK7ExecuteEv
                0x08005b20       0x28 C:\MicroFrameworkPK_v4_0\BuildOutput\THUMB2\GCC4.2\le\FLASH\debug\STM32F10x\lib\tmp_RegressionTest.lib(STM32__AITC.obj)
                0x08005b20                HAL_CALLBACK::Execute() const
 .text._ZN10STM32_AITC16DisableInterruptEj
                0x08005b48       0x3c C:\MicroFrameworkPK_v4_0\BuildOutput\THUMB2\GCC4.2\le\FLASH\debug\STM32F10x\lib\tmp_RegressionTest.lib(STM32__AITC.obj)
                0x08005b48                STM32_AITC::DisableInterrupt(unsigned int)
 .text._ZN10STM32_AITC15EnableInterruptEj
                0x08005b84       0x38 C:\MicroFrameworkPK_v4_0\BuildOutput\THUMB2\GCC4.2\le\FLASH\debug\STM32F10x\lib\tmp_RegressionTest.lib(STM32__AITC.obj)
                0x08005b84                STM32_AITC::EnableInterrupt(unsigned int)
 .text._ZN10STM32_AITC18IsInterruptEnabledEj
                0x08005bbc       0x34 C:\MicroFrameworkPK_v4_0\BuildOutput\THUMB2\GCC4.2\le\FLASH\debug\STM32F10x\lib\tmp_RegressionTest.lib(STM32__AITC.obj)
                0x08005bbc                STM32_AITC::IsInterruptEnabled(unsigned int)
 .text._ZN10STM32_AITC11SetPriorityEjj
                0x08005bf0       0x44 C:\MicroFrameworkPK_v4_0\BuildOutput\THUMB2\GCC4.2\le\FLASH\debug\STM32F10x\lib\tmp_RegressionTest.lib(STM32__AITC.obj)
                0x08005bf0                STM32_AITC::SetPriority(unsigned int, unsigned int)
 .text._ZN10STM32_AITC21RemoveForcedInterruptEj
                0x08005c34       0x14 C:\MicroFrameworkPK_v4_0\BuildOutput\THUMB2\GCC4.2\le\FLASH\debug\STM32F10x\lib\tmp_RegressionTest.lib(STM32__AITC.obj)
                0x08005c34                STM32_AITC::RemoveForcedInterrupt(unsigned int)
 .text._ZN5STM324AITCEv
                0x08005c48       0x14 C:\MicroFrameworkPK_v4_0\BuildOutput\THUMB2\GCC4.2\le\FLASH\debug\STM32F10x\lib\tmp_RegressionTest.lib(STM32__AITC.obj)
                0x08005c48                STM32::AITC()
 .text._ZN17STM32_AITC_Driver10InitializeEv
                0x08005c5c       0xc4 C:\MicroFrameworkPK_v4_0\BuildOutput\THUMB2\GCC4.2\le\FLASH\debug\STM32F10x\lib\tmp_RegressionTest.lib(STM32__AITC.obj)
                0x08005c5c                STM32_AITC_Driver::Initialize()
 .text._ZN17STM32_AITC_Driver17ActivateInterruptEjjPFvPvES0_
                0x08005d20       0x74 C:\MicroFrameworkPK_v4_0\BuildOutput\THUMB2\GCC4.2\le\FLASH\debug\STM32F10x\lib\tmp_RegressionTest.lib(STM32__AITC.obj)
                0x08005d20                STM32_AITC_Driver::ActivateInterrupt(unsigned int, unsigned int, void (*)(void*), void*)
 .text.PVD_IRQHandler
                0x08005d94       0x64 C:\MicroFrameworkPK_v4_0\BuildOutput\THUMB2\GCC4.2\le\FLASH\debug\STM32F10x\lib\tmp_RegressionTest.lib(STM32__AITC.obj)
                0x08005d94                PVD_IRQHandler
 .text.TAMPER_IRQHandler
                0x08005df8       0x58 C:\MicroFrameworkPK_v4_0\BuildOutput\THUMB2\GCC4.2\le\FLASH\debug\STM32F10x\lib\tmp_RegressionTest.lib(STM32__AITC.obj)
                0x08005df8                TAMPER_IRQHandler
 .text.RTC_IRQHandler
                0x08005e50       0x58 C:\MicroFrameworkPK_v4_0\BuildOutput\THUMB2\GCC4.2\le\FLASH\debug\STM32F10x\lib\tmp_RegressionTest.lib(STM32__AITC.obj)
                0x08005e50                RTC_IRQHandler
 .text.EXTI0_IRQHandler
                0x08005ea8       0x58 C:\MicroFrameworkPK_v4_0\BuildOutput\THUMB2\GCC4.2\le\FLASH\debug\STM32F10x\lib\tmp_RegressionTest.lib(STM32__AITC.obj)
                0x08005ea8                EXTI0_IRQHandler
 .text.TIM2_IRQHandler
                0x08005f00       0x58 C:\MicroFrameworkPK_v4_0\BuildOutput\THUMB2\GCC4.2\le\FLASH\debug\STM32F10x\lib\tmp_RegressionTest.lib(STM32__AITC.obj)
                0x08005f00                TIM2_IRQHandler
 .text._ZN17STM32_AITC_Driver20InterruptEnableStateEj
                0x08005f58       0x24 C:\MicroFrameworkPK_v4_0\BuildOutput\THUMB2\GCC4.2\le\FLASH\debug\STM32F10x\lib\tmp_RegressionTest.lib(STM32__AITC.obj)
                0x08005f58                STM32_AITC_Driver::InterruptEnableState(unsigned int)
 .text._ZN17STM32_AITC_Driver14IRQToIRQVectorEj
                0x08005f7c       0x40 C:\MicroFrameworkPK_v4_0\BuildOutput\THUMB2\GCC4.2\le\FLASH\debug\STM32F10x\lib\tmp_RegressionTest.lib(STM32__AITC.obj)
                0x08005f7c                STM32_AITC_Driver::IRQToIRQVector(unsigned int)
 .text._ZN17STM32_AITC_Driver14STUB_ISRVectorEPv
                0x08005fbc       0x30 C:\MicroFrameworkPK_v4_0\BuildOutput\THUMB2\GCC4.2\le\FLASH\debug\STM32F10x\lib\tmp_RegressionTest.lib(STM32__AITC.obj)
                0x08005fbc                STM32_AITC_Driver::STUB_ISRVector(void*)
 .text.USART_Init
                0x08005fec      0x1c8 C:\MicroFrameworkPK_v4_0\BuildOutput\THUMB2\GCC4.2\le\FLASH\debug\STM32F10x\lib\tmp_RegressionTest.lib(STM32F10x_usart.obj)
                0x08005fec                USART_Init
 .text.USART_Cmd
                0x080061b4       0x4c C:\MicroFrameworkPK_v4_0\BuildOutput\THUMB2\GCC4.2\le\FLASH\debug\STM32F10x\lib\tmp_RegressionTest.lib(STM32F10x_usart.obj)
                0x080061b4                USART_Cmd
 .text.USART_SendData
                0x08006200       0x24 C:\MicroFrameworkPK_v4_0\BuildOutput\THUMB2\GCC4.2\le\FLASH\debug\STM32F10x\lib\tmp_RegressionTest.lib(STM32F10x_usart.obj)
                0x08006200                USART_SendData
 .text.USART_GetFlagStatus
                0x08006224       0x40 C:\MicroFrameworkPK_v4_0\BuildOutput\THUMB2\GCC4.2\le\FLASH\debug\STM32F10x\lib\tmp_RegressionTest.lib(STM32F10x_usart.obj)
                0x08006224                USART_GetFlagStatus
 .text.LED_ORANGE_OFF
                0x08006264       0x18 C:\MicroFrameworkPK_v4_0\BuildOutput\THUMB2\GCC4.2\le\FLASH\debug\STM32F10x\lib\tmp_RegressionTest.lib(STM32F10x_usart.obj)
                0x08006264                LED_ORANGE_OFF
 .text._Z23I2C_Internal_Initializev
                0x0800627c       0x10 C:\MicroFrameworkPK_v4_0\BuildOutput\THUMB2\GCC4.2\le\FLASH\debug\STM32F10x\lib\tmp_RegressionTest.lib(stubs_functions_I2C.obj)
                0x0800627c                I2C_Internal_Initialize()
 .text._Z12HAL_AssertExv
                0x0800628c        0xc C:\MicroFrameworkPK_v4_0\BuildOutput\THUMB2\GCC4.2\le\FLASH\debug\STM32F10x\lib\tmp_RegressionTest.lib(stubs_functions_power.obj)
                0x0800628c                HAL_AssertEx()
 .text._Z14CPU_Initializev
                0x08006298       0x10 C:\MicroFrameworkPK_v4_0\BuildOutput\THUMB2\GCC4.2\le\FLASH\debug\STM32F10x\lib\tmp_RegressionTest.lib(stubs_functions_power.obj)
                0x08006298                CPU_Initialize()
 .text._Z8CPU_Haltv
                0x080062a8        0xc C:\MicroFrameworkPK_v4_0\BuildOutput\THUMB2\GCC4.2\le\FLASH\debug\STM32F10x\lib\tmp_RegressionTest.lib(stubs_functions_power.obj)
                0x080062a8                CPU_Halt()
 .text._Z16CPU_USB_GetStatei
                0x080062b4       0x18 C:\MicroFrameworkPK_v4_0\BuildOutput\THUMB2\GCC4.2\le\FLASH\debug\STM32F10x\lib\tmp_RegressionTest.lib(stubs_functions_USB.obj)
                0x080062b4                CPU_USB_GetState(int)
 .text._Z18CPU_USB_Initializei
                0x080062cc       0x18 C:\MicroFrameworkPK_v4_0\BuildOutput\THUMB2\GCC4.2\le\FLASH\debug\STM32F10x\lib\tmp_RegressionTest.lib(stubs_functions_USB.obj)
                0x080062cc                CPU_USB_Initialize(int)
 .text._Z19CPU_USB_StartOutputP20USB_CONTROLLER_STATEi
                0x080062e4       0x1c C:\MicroFrameworkPK_v4_0\BuildOutput\THUMB2\GCC4.2\le\FLASH\debug\STM32F10x\lib\tmp_RegressionTest.lib(stubs_functions_USB.obj)
                0x080062e4                CPU_USB_StartOutput(USB_CONTROLLER_STATE*, int)
 .text._Z25CPU_USB_GetInterruptStatev
                0x08006300       0x10 C:\MicroFrameworkPK_v4_0\BuildOutput\THUMB2\GCC4.2\le\FLASH\debug\STM32F10x\lib\tmp_RegressionTest.lib(stubs_functions_USB.obj)
                0x08006300                CPU_USB_GetInterruptState()
 .text._Z19CPU_USB_ProtectPinsij
                0x08006310       0x1c C:\MicroFrameworkPK_v4_0\BuildOutput\THUMB2\GCC4.2\le\FLASH\debug\STM32F10x\lib\tmp_RegressionTest.lib(stubs_functions_USB.obj)
                0x08006310                CPU_USB_ProtectPins(int, unsigned int)
 .text._Z16Watchdog_Disablev
                0x0800632c        0xc C:\MicroFrameworkPK_v4_0\BuildOutput\THUMB2\GCC4.2\le\FLASH\debug\STM32F10x\lib\tmp_RegressionTest.lib(stubs_functions_WATCHDOG.obj)
                0x0800632c                Watchdog_Disable()
 .text._Z15Time_Initializev
                0x08006338       0x18 C:\MicroFrameworkPK_v4_0\BuildOutput\THUMB2\GCC4.2\le\FLASH\debug\STM32F10x\lib\tmp_RegressionTest.lib(Time_functions.obj)
                0x08006338                Time_Initialize()
 .text._Z22TimeService_Initializev
                0x08006350       0x10 C:\MicroFrameworkPK_v4_0\BuildOutput\THUMB2\GCC4.2\le\FLASH\debug\STM32F10x\lib\tmp_RegressionTest.lib(TimeService_stubs.obj)
                0x08006350                TimeService_Initialize()
 .text._ZN21USB_DESCRIPTOR_HEADER4nextEPKS_
                0x08006360       0x30 C:\MicroFrameworkPK_v4_0\BuildOutput\THUMB2\GCC4.2\le\FLASH\debug\STM32F10x\lib\tmp_RegressionTest.lib(usb.obj)
                0x08006360                USB_DESCRIPTOR_HEADER::next(USB_DESCRIPTOR_HEADER const*)
 .text._ZN4._6713GetDriverNameEv
                0x08006390       0x14 C:\MicroFrameworkPK_v4_0\BuildOutput\THUMB2\GCC4.2\le\FLASH\debug\STM32F10x\lib\tmp_RegressionTest.lib(usb.obj)
 .text._Z14USB_Initializei
                0x080063a4       0x1c C:\MicroFrameworkPK_v4_0\BuildOutput\THUMB2\GCC4.2\le\FLASH\debug\STM32F10x\lib\tmp_RegressionTest.lib(usb.obj)
                0x080063a4                USB_Initialize(int)
 .text._Z13USB_ConfigureiPK25USB_DYNAMIC_CONFIGURATION
                0x080063c0       0x20 C:\MicroFrameworkPK_v4_0\BuildOutput\THUMB2\GCC4.2\le\FLASH\debug\STM32F10x\lib\tmp_RegressionTest.lib(usb.obj)
                0x080063c0                USB_Configure(int, USB_DYNAMIC_CONFIGURATION const*)
 .text._Z14USB_OpenStreamiii
                0x080063e0       0x24 C:\MicroFrameworkPK_v4_0\BuildOutput\THUMB2\GCC4.2\le\FLASH\debug\STM32F10x\lib\tmp_RegressionTest.lib(usb.obj)
                0x080063e0                USB_OpenStream(int, int, int)
 .text._Z9USB_WriteiPKcj
                0x08006404       0x24 C:\MicroFrameworkPK_v4_0\BuildOutput\THUMB2\GCC4.2\le\FLASH\debug\STM32F10x\lib\tmp_RegressionTest.lib(usb.obj)
                0x08006404                USB_Write(int, char const*, unsigned int)
 .text._Z9USB_Flushi
                0x08006428       0x1c C:\MicroFrameworkPK_v4_0\BuildOutput\THUMB2\GCC4.2\le\FLASH\debug\STM32F10x\lib\tmp_RegressionTest.lib(usb.obj)
                0x08006428                USB_Flush(int)
 .text._ZN10USB_Driver10InitializeEi
                0x08006444      0x228 C:\MicroFrameworkPK_v4_0\BuildOutput\THUMB2\GCC4.2\le\FLASH\debug\STM32F10x\lib\tmp_RegressionTest.lib(usb.obj)
                0x08006444                USB_Driver::Initialize(int)
 .text._ZN10USB_Driver9ConfigureEiPK25USB_DYNAMIC_CONFIGURATION
                0x0800666c      0x12c C:\MicroFrameworkPK_v4_0\BuildOutput\THUMB2\GCC4.2\le\FLASH\debug\STM32F10x\lib\tmp_RegressionTest.lib(usb.obj)
                0x0800666c                USB_Driver::Configure(int, USB_DYNAMIC_CONFIGURATION const*)
 .text._ZN10USB_Driver10OpenStreamEiii
                0x08006798      0x1e4 C:\MicroFrameworkPK_v4_0\BuildOutput\THUMB2\GCC4.2\le\FLASH\debug\STM32F10x\lib\tmp_RegressionTest.lib(usb.obj)
                0x08006798                USB_Driver::OpenStream(int, int, int)
 .text._ZN10USB_Driver5WriteEiPKcj
                0x0800697c      0x228 C:\MicroFrameworkPK_v4_0\BuildOutput\THUMB2\GCC4.2\le\FLASH\debug\STM32F10x\lib\tmp_RegressionTest.lib(usb.obj)
                0x0800697c                USB_Driver::Write(int, char const*, unsigned int)
 .text._ZN10USB_Driver5FlushEi
                0x08006ba4       0xec C:\MicroFrameworkPK_v4_0\BuildOutput\THUMB2\GCC4.2\le\FLASH\debug\STM32F10x\lib\tmp_RegressionTest.lib(usb.obj)
                0x08006ba4                USB_Driver::Flush(int)
 .text._Z14USB_FindRecordP20USB_CONTROLLER_STATEhP16USB_SETUP_PACKET
                0x08006c90      0x15c C:\MicroFrameworkPK_v4_0\BuildOutput\THUMB2\GCC4.2\le\FLASH\debug\STM32F10x\lib\tmp_RegressionTest.lib(usb.obj)
                0x08006c90                USB_FindRecord(USB_CONTROLLER_STATE*, unsigned char, USB_SETUP_PACKET*)
 .text._Z21UsbConfigurationCheckPK25USB_DYNAMIC_CONFIGURATION
                0x08006dec      0x498 C:\MicroFrameworkPK_v4_0\BuildOutput\THUMB2\GCC4.2\le\FLASH\debug\STM32F10x\lib\tmp_RegressionTest.lib(usb.obj)
                0x08006dec                UsbConfigurationCheck(USB_DYNAMIC_CONFIGURATION const*)
 .text._ZN19Hal_Queue_KnownSizeI12USB_PACKET64Lj32EE10InitializeEv
                0x08007284       0x2c C:\MicroFrameworkPK_v4_0\BuildOutput\THUMB2\GCC4.2\le\FLASH\debug\STM32F10x\lib\tmp_RegressionTest.lib(usb.obj)
                0x08007284                Hal_Queue_KnownSize<USB_PACKET64, 32u>::Initialize()
 .text._ZN19Hal_Queue_KnownSizeI12USB_PACKET64Lj32EE4PushEv
                0x080072b0       0x70 C:\MicroFrameworkPK_v4_0\BuildOutput\THUMB2\GCC4.2\le\FLASH\debug\STM32F10x\lib\tmp_RegressionTest.lib(usb.obj)
                0x080072b0                Hal_Queue_KnownSize<USB_PACKET64, 32u>::Push()
 .text._ZN19Hal_Queue_KnownSizeI12USB_PACKET64Lj32EE7IsEmptyEv
                0x08007320       0x34 C:\MicroFrameworkPK_v4_0\BuildOutput\THUMB2\GCC4.2\le\FLASH\debug\STM32F10x\lib\tmp_RegressionTest.lib(usb.obj)
                0x08007320                Hal_Queue_KnownSize<USB_PACKET64, 32u>::IsEmpty()
 .text.HARD_Breakpoint
                0x08007354        0x4 C:\MicroFrameworkPK_v4_0\BuildOutput\THUMB2\GCC4.2\le\FLASH\debug\STM32F10x\lib\tmp_RegressionTest.lib(VectorsHandlers.obj)
                0x08007354                HARD_Breakpoint
 .text._Z20monitor_debug_printfPKcz
                0x08007358       0x5c C:\MicroFrameworkPK_v4_0\BuildOutput\THUMB2\GCC4.2\le\FLASH\debug\STM32F10x\lib\tmp_RegressionTest.lib(Aborts.obj)
                0x08007358                monitor_debug_printf(char const*, ...)
 .text._Z12RegisterDumpv
                0x080073b4        0xc C:\MicroFrameworkPK_v4_0\BuildOutput\THUMB2\GCC4.2\le\FLASH\debug\STM32F10x\lib\tmp_RegressionTest.lib(Aborts.obj)
                0x080073b4                RegisterDump()
 .text._Z20ABORT_HandlerDisplayPjjjjPKcj
                0x080073c0      0x404 C:\MicroFrameworkPK_v4_0\BuildOutput\THUMB2\GCC4.2\le\FLASH\debug\STM32F10x\lib\tmp_RegressionTest.lib(Aborts.obj)
                0x080073c0                ABORT_HandlerDisplay(unsigned int*, unsigned int, unsigned int, unsigned int, char const*, unsigned int)
 .text.HARD_Breakpoint_Handler
                0x080077c4       0x80 C:\MicroFrameworkPK_v4_0\BuildOutput\THUMB2\GCC4.2\le\FLASH\debug\STM32F10x\lib\tmp_RegressionTest.lib(Aborts.obj)
                0x080077c4                HARD_Breakpoint_Handler
 .text._ZN16HAL_CONFIG_BLOCK19UpdateBlockWithNameEPKcPvjj
                0x08007844       0x20 C:\MicroFrameworkPK_v4_0\BuildOutput\THUMB2\GCC4.2\le\FLASH\debug\STM32F10x\lib\tmp_RegressionTest.lib(ConfigHelper_stubs.obj)
                0x08007844                HAL_CONFIG_BLOCK::UpdateBlockWithName(char const*, void*, unsigned int, unsigned int)
 .text._ZN16HAL_CONFIG_BLOCK11ApplyConfigEPKcPvj
                0x08007864       0x1c C:\MicroFrameworkPK_v4_0\BuildOutput\THUMB2\GCC4.2\le\FLASH\debug\STM32F10x\lib\tmp_RegressionTest.lib(ConfigHelper_stubs.obj)
                0x08007864                HAL_CONFIG_BLOCK::ApplyConfig(char const*, void*, unsigned int)
 .text.NVIC_PriorityGroupConfig
                0x08007880       0x28 C:\MicroFrameworkPK_v4_0\BuildOutput\THUMB2\GCC4.2\le\FLASH\debug\STM32F10x\lib\tmp_RegressionTest.lib(misc.obj)
                0x08007880                NVIC_PriorityGroupConfig
 .text.NVIC_Init
                0x080078a8       0xec C:\MicroFrameworkPK_v4_0\BuildOutput\THUMB2\GCC4.2\le\FLASH\debug\STM32F10x\lib\tmp_RegressionTest.lib(misc.obj)
                0x080078a8                NVIC_Init
 .text._ZN12Timer_Driver14ForceInterruptEj
                0x08007994       0x58 C:\MicroFrameworkPK_v4_0\BuildOutput\THUMB2\GCC4.2\le\FLASH\debug\STM32F10x\lib\tmp_RegressionTest.lib(netmf_time.obj)
                0x08007994                Timer_Driver::ForceInterrupt(unsigned int)
 .text._ZN12Timer_Driver10SetCompareEjt
                0x080079ec       0x5c C:\MicroFrameworkPK_v4_0\BuildOutput\THUMB2\GCC4.2\le\FLASH\debug\STM32F10x\lib\tmp_RegressionTest.lib(netmf_time.obj)
                0x080079ec                Timer_Driver::SetCompare(unsigned int, unsigned short)
 .text._ZN12Timer_Driver10GetCounterEj
                0x08007a48       0x58 C:\MicroFrameworkPK_v4_0\BuildOutput\THUMB2\GCC4.2\le\FLASH\debug\STM32F10x\lib\tmp_RegressionTest.lib(netmf_time.obj)
                0x08007a48                Timer_Driver::GetCounter(unsigned int)
 .text._ZN12Timer_Driver15DidTimeOverFlowEj
                0x08007aa0       0x64 C:\MicroFrameworkPK_v4_0\BuildOutput\THUMB2\GCC4.2\le\FLASH\debug\STM32F10x\lib\tmp_RegressionTest.lib(netmf_time.obj)
                0x08007aa0                Timer_Driver::DidTimeOverFlow(unsigned int)
 .text._ZN12Timer_Driver17ClearTimeOverFlowEj
                0x08007b04       0x58 C:\MicroFrameworkPK_v4_0\BuildOutput\THUMB2\GCC4.2\le\FLASH\debug\STM32F10x\lib\tmp_RegressionTest.lib(netmf_time.obj)
                0x08007b04                Timer_Driver::ClearTimeOverFlow(unsigned int)
 .text._ZN11Time_Driver10InitializeEv
                0x08007b5c       0x74 C:\MicroFrameworkPK_v4_0\BuildOutput\THUMB2\GCC4.2\le\FLASH\debug\STM32F10x\lib\tmp_RegressionTest.lib(netmf_time.obj)
                0x08007b5c                Time_Driver::Initialize()
 .text._ZN11Time_Driver12CounterValueEv
                0x08007bd0       0xc4 C:\MicroFrameworkPK_v4_0\BuildOutput\THUMB2\GCC4.2\le\FLASH\debug\STM32F10x\lib\tmp_RegressionTest.lib(netmf_time.obj)
                0x08007bd0                Time_Driver::CounterValue()
 .text._ZN11Time_Driver15SetCompareValueEy
                0x08007c94       0xcc C:\MicroFrameworkPK_v4_0\BuildOutput\THUMB2\GCC4.2\le\FLASH\debug\STM32F10x\lib\tmp_RegressionTest.lib(netmf_time.obj)
                0x08007c94                Time_Driver::SetCompareValue(unsigned long long)
 .text._ZN11Time_Driver3ISREPv
                0x08007d60       0x84 C:\MicroFrameworkPK_v4_0\BuildOutput\THUMB2\GCC4.2\le\FLASH\debug\STM32F10x\lib\tmp_RegressionTest.lib(netmf_time.obj)
                0x08007d60                Time_Driver::ISR(void*)
 .text._ZN11Time_Driver10Sleep_uSecEj
                0x08007de4       0x28 C:\MicroFrameworkPK_v4_0\BuildOutput\THUMB2\GCC4.2\le\FLASH\debug\STM32F10x\lib\tmp_RegressionTest.lib(netmf_time.obj)
                0x08007de4                Time_Driver::Sleep_uSec(unsigned int)
 .text._ZN11Time_Driver15Sleep_uSec_LoopEj
                0x08007e0c       0x14 C:\MicroFrameworkPK_v4_0\BuildOutput\THUMB2\GCC4.2\le\FLASH\debug\STM32F10x\lib\tmp_RegressionTest.lib(netmf_time.obj)
                0x08007e0c                Time_Driver::Sleep_uSec_Loop(unsigned int)
 .text._ZN12Timer_Driver22EnableCompareInterruptEj
                0x08007e20       0x64 C:\MicroFrameworkPK_v4_0\BuildOutput\THUMB2\GCC4.2\le\FLASH\debug\STM32F10x\lib\tmp_RegressionTest.lib(netmf_timers.obj)
                0x08007e20                Timer_Driver::EnableCompareInterrupt(unsigned int)
 .text._ZN12Timer_Driver23DisableCompareInterruptEj
                0x08007e84       0x64 C:\MicroFrameworkPK_v4_0\BuildOutput\THUMB2\GCC4.2\le\FLASH\debug\STM32F10x\lib\tmp_RegressionTest.lib(netmf_timers.obj)
                0x08007e84                Timer_Driver::DisableCompareInterrupt(unsigned int)
 .text._ZN12Timer_Driver10InitializeEjjjjPFvPvES0_
                0x08007ee8      0x7dc C:\MicroFrameworkPK_v4_0\BuildOutput\THUMB2\GCC4.2\le\FLASH\debug\STM32F10x\lib\tmp_RegressionTest.lib(netmf_timers.obj)
                0x08007ee8                Timer_Driver::Initialize(unsigned int, unsigned int, unsigned int, unsigned int, void (*)(void*), void*)
 .text._ZN12Timer_Driver8RCC_InitEjj
                0x080086c4       0xc8 C:\MicroFrameworkPK_v4_0\BuildOutput\THUMB2\GCC4.2\le\FLASH\debug\STM32F10x\lib\tmp_RegressionTest.lib(netmf_timers.obj)
                0x080086c4                Timer_Driver::RCC_Init(unsigned int, unsigned int)
 .text.TIM_TimeBaseInit
                0x0800878c      0x120 C:\MicroFrameworkPK_v4_0\BuildOutput\THUMB2\GCC4.2\le\FLASH\debug\STM32F10x\lib\tmp_RegressionTest.lib(STM32F10x_tim.obj)
                0x0800878c                TIM_TimeBaseInit
 .text.TIM_OC1Init
                0x080088ac      0x140 C:\MicroFrameworkPK_v4_0\BuildOutput\THUMB2\GCC4.2\le\FLASH\debug\STM32F10x\lib\tmp_RegressionTest.lib(STM32F10x_tim.obj)
                0x080088ac                TIM_OC1Init
 .text.TIM_Cmd  0x080089ec       0x48 C:\MicroFrameworkPK_v4_0\BuildOutput\THUMB2\GCC4.2\le\FLASH\debug\STM32F10x\lib\tmp_RegressionTest.lib(STM32F10x_tim.obj)
                0x080089ec                TIM_Cmd
 .text.TIM_ITConfig
                0x08008a34       0x4c C:\MicroFrameworkPK_v4_0\BuildOutput\THUMB2\GCC4.2\le\FLASH\debug\STM32F10x\lib\tmp_RegressionTest.lib(STM32F10x_tim.obj)
                0x08008a34                TIM_ITConfig
 .text.TIM_GenerateEvent
                0x08008a80       0x1c C:\MicroFrameworkPK_v4_0\BuildOutput\THUMB2\GCC4.2\le\FLASH\debug\STM32F10x\lib\tmp_RegressionTest.lib(STM32F10x_tim.obj)
                0x08008a80                TIM_GenerateEvent
 .text.TIM_OC1PreloadConfig
                0x08008a9c       0x3c C:\MicroFrameworkPK_v4_0\BuildOutput\THUMB2\GCC4.2\le\FLASH\debug\STM32F10x\lib\tmp_RegressionTest.lib(STM32F10x_tim.obj)
                0x08008a9c                TIM_OC1PreloadConfig
 .text.TIM_SelectOnePulseMode
                0x08008ad8       0x44 C:\MicroFrameworkPK_v4_0\BuildOutput\THUMB2\GCC4.2\le\FLASH\debug\STM32F10x\lib\tmp_RegressionTest.lib(STM32F10x_tim.obj)
                0x08008ad8                TIM_SelectOnePulseMode
 .text.TIM_SetCompare1
                0x08008b1c       0x1c C:\MicroFrameworkPK_v4_0\BuildOutput\THUMB2\GCC4.2\le\FLASH\debug\STM32F10x\lib\tmp_RegressionTest.lib(STM32F10x_tim.obj)
                0x08008b1c                TIM_SetCompare1
 .text.TIM_GetCounter
                0x08008b38       0x1c C:\MicroFrameworkPK_v4_0\BuildOutput\THUMB2\GCC4.2\le\FLASH\debug\STM32F10x\lib\tmp_RegressionTest.lib(STM32F10x_tim.obj)
                0x08008b38                TIM_GetCounter
 .text.TIM_GetFlagStatus
                0x08008b54       0x40 C:\MicroFrameworkPK_v4_0\BuildOutput\THUMB2\GCC4.2\le\FLASH\debug\STM32F10x\lib\tmp_RegressionTest.lib(STM32F10x_tim.obj)
                0x08008b54                TIM_GetFlagStatus
 .text.TIM_ClearFlag
                0x08008b94       0x24 C:\MicroFrameworkPK_v4_0\BuildOutput\THUMB2\GCC4.2\le\FLASH\debug\STM32F10x\lib\tmp_RegressionTest.lib(STM32F10x_tim.obj)
                0x08008b94                TIM_ClearFlag
 .text.TIM_GetITStatus
                0x08008bb8       0x64 C:\MicroFrameworkPK_v4_0\BuildOutput\THUMB2\GCC4.2\le\FLASH\debug\STM32F10x\lib\tmp_RegressionTest.lib(STM32F10x_tim.obj)
                0x08008bb8                TIM_GetITStatus
 .text.TIM_ClearITPendingBit
                0x08008c1c       0x24 C:\MicroFrameworkPK_v4_0\BuildOutput\THUMB2\GCC4.2\le\FLASH\debug\STM32F10x\lib\tmp_RegressionTest.lib(STM32F10x_tim.obj)
                0x08008c1c                TIM_ClearITPendingBit
 .text._ZN10TimeDriver10InitializeEv
                0x08008c40       0xa0 C:\MicroFrameworkPK_v4_0\BuildOutput\THUMB2\GCC4.2\le\FLASH\debug\STM32F10x\lib\tmp_RegressionTest.lib(Time_driver.obj)
                0x08008c40                TimeDriver::Initialize()
 *(.rodata)
 .rodata        0x08008ce0       0x2c C:\MicroFrameworkPK_v4_0\BuildOutput\THUMB2\GCC4.2\le\FLASH\debug\STM32F10x\lib\tmp_RegressionTest.lib(gpio.obj)
 .rodata        0x08008d0c       0x90 C:\MicroFrameworkPK_v4_0\BuildOutput\THUMB2\GCC4.2\le\FLASH\debug\STM32F10x\lib\tmp_RegressionTest.lib(tinyhal.obj)
 .rodata        0x08008d9c        0xc C:\MicroFrameworkPK_v4_0\BuildOutput\THUMB2\GCC4.2\le\FLASH\debug\STM32F10x\lib\tmp_RegressionTest.lib(OEM_Model_SKU_NetworkID.obj)
                0x08008d9c                HalName
 .rodata        0x08008da8       0xa8 C:\MicroFrameworkPK_v4_0\BuildOutput\THUMB2\GCC4.2\le\FLASH\debug\STM32F10x\lib\tmp_RegressionTest.lib(stm3210e_eval.obj)
                0x08008da8                GPIO_PIN
                0x08008db0                GPIO_CLK
                0x08008dc0                BUTTON_PIN
                0x08008dd0                BUTTON_CLK
                0x08008df0                BUTTON_EXTI_LINE
                0x08008e00                BUTTON_PORT_SOURCE
                0x08008e10                BUTTON_PIN_SOURCE
                0x08008e20                BUTTON_IRQn
                0x08008e30                COM_USART_CLK
                0x08008e38                COM_TX_PORT_CLK
                0x08008e40                COM_RX_PORT_CLK
                0x08008e48                COM_TX_PIN
                0x08008e4c                COM_RX_PIN
 .rodata        0x08008e50       0x3c C:\MicroFrameworkPK_v4_0\BuildOutput\THUMB2\GCC4.2\le\FLASH\debug\STM32F10x\lib\tmp_RegressionTest.lib(STM32__AITC.obj)
 .rodata        0x08008e8c       0xbc C:\MicroFrameworkPK_v4_0\BuildOutput\THUMB2\GCC4.2\le\FLASH\debug\STM32F10x\lib\tmp_RegressionTest.lib(usb.obj)
 .rodata        0x08008f48      0x178 C:\MicroFrameworkPK_v4_0\BuildOutput\THUMB2\GCC4.2\le\FLASH\debug\STM32F10x\lib\tmp_RegressionTest.lib(usb_config_stub.obj)
                0x08008f48                UsbDefaultConfiguration
 .rodata        0x080090c0       0xdc C:\MicroFrameworkPK_v4_0\BuildOutput\THUMB2\GCC4.2\le\FLASH\debug\STM32F10x\lib\tmp_RegressionTest.lib(Aborts.obj)
 .rodata        0x0800919c       0x18 C:\MicroFrameworkPK_v4_0\BuildOutput\THUMB2\GCC4.2\le\FLASH\debug\STM32F10x\lib\tmp_RegressionTest.lib(netmf_timers.obj)
 .rodata        0x080091b4        0x4 C:\codesourcery\arm-none-eabi\lib\thumb\libc.a(lib_a-impure.o)
                0x080091b4                _global_impure_ptr
 *(.rodata*)
 .rodata.str1.4
                0x080091b8        0x4 C:\codesourcery\arm-none-eabi\lib\thumb\libc.a(lib_a-impure.o)
 *(.glue_7)
 .glue_7        0x00000000        0x0 linker stubs
 *(.glue_7t)
 .glue_7t       0x00000000        0x0 linker stubs
 *(.eh_frame)
 *(.init)
 *(.fini)
                0x080091bc                . = ALIGN (0x4)
                0x080091bc                _etext = .

.vfp11_veneer   0x080091bc        0x0
 .vfp11_veneer  0x00000000        0x0 linker stubs

.v4_bx          0x080091bc        0x0
 .v4_bx         0x00000000        0x0 linker stubs

.ARM.extab      0x080091bc        0xc
 *(.ARM.extab* .gnu.linkonce.armextab.*)
 .ARM.extab     0x080091bc        0xc C:\codesourcery\lib\gcc\arm-none-eabi\4.5.0\thumb\libgcc.a(unwind-arm.o)

SectionForStackTop
                0x080091c8        0x4
                0x080091c8                . = ALIGN (0x1)
                0x080091c8                PROVIDE (__start_SectionForStackTop, ABSOLUTE (.))
 SectionForStackTop
                0x080091c8        0x4 C:\MicroFrameworkPK_v4_0\BuildOutput\THUMB2\GCC4.2\le\FLASH\debug\STM32F10x\lib\tmp_RegressionTest.lib(FirstEntry.obj)
                0x080091c8                StackTop
                0x080091cc                PROVIDE (__stop_SectionForStackTop, .)

.ARM            0x080091cc       0xb8
                0x080091cc                __exidx_start = .
 *(.ARM.exidx*)
 .ARM.exidx     0x080091cc        0x8 C:\codesourcery\lib\gcc\arm-none-eabi\4.5.0\thumb\libgcc.a(bpabi.o)
                                 0x10 (size before relaxing)
 .ARM.exidx     0x080091d4       0x78 C:\codesourcery\lib\gcc\arm-none-eabi\4.5.0\thumb\libgcc.a(unwind-arm.o)
                                 0xc0 (size before relaxing)
 .ARM.exidx     0x0800924c       0x20 C:\codesourcery\lib\gcc\arm-none-eabi\4.5.0\thumb\libgcc.a(pr-support.o)
                                 0x48 (size before relaxing)
 .ARM.exidx     0x0800926c        0x8 C:\codesourcery\lib\gcc\arm-none-eabi\4.5.0\thumb\libgcc.a(_divdi3.o)
 .ARM.exidx     0x08009274       0x10 C:\codesourcery\lib\gcc\arm-none-eabi\4.5.0\thumb\libgcc.a(_udivdi3.o)
                                  0x8 (size before relaxing)
                0x08009284                __exidx_end = .

.preinit_array  0x08009284        0x0
                0x08009284                PROVIDE (__preinit_array_start, .)
 *(.preinit_array*)
                0x08009284                PROVIDE (__preinit_array_end, .)

.init_array     0x08009284        0x4
                0x08009284                PROVIDE (__init_array_start, .)
 *(SORT(.init_array.*))
 .init_array.00000
                0x08009284        0x4 C:\codesourcery\arm-none-eabi\lib\thumb\libc.a(lib_a-__call_atexit.o)
 *(.init_array*)
                0x08009288                PROVIDE (__init_array_end, .)

.fini_array     0x08009288        0x0
                0x08009288                PROVIDE (__fini_array_start, .)
 *(.fini_array*)
 *(SORT(.fini_array.*))
                0x08009288                PROVIDE (__fini_array_end, .)
                0x08009288                _sidata = .

.data           0x20000000      0x8d8 load address 0x08009288
                0x20000000                . = ALIGN (0x4)
                0x20000000                _sdata = .
 *(.data)
 .data          0x20000000       0x1c C:\MicroFrameworkPK_v4_0\BuildOutput\THUMB2\GCC4.2\le\FLASH\debug\STM32F10x\lib\tmp_RegressionTest.lib(netmf_gpio.obj)
                0x20000000                GPIO_PORT_ARRAY
 .data          0x2000001c       0x14 C:\MicroFrameworkPK_v4_0\BuildOutput\THUMB2\GCC4.2\le\FLASH\debug\STM32F10x\lib\tmp_RegressionTest.lib(STM32F10x_rcc.obj)
 .data          0x20000030       0x20 C:\MicroFrameworkPK_v4_0\BuildOutput\THUMB2\GCC4.2\le\FLASH\debug\STM32F10x\lib\tmp_RegressionTest.lib(OEM_Model_SKU_NetworkID.obj)
                0x20000030                HalSystemConfig
 .data          0x20000050       0x48 C:\MicroFrameworkPK_v4_0\BuildOutput\THUMB2\GCC4.2\le\FLASH\debug\STM32F10x\lib\tmp_RegressionTest.lib(stm3210e_eval.obj)
                0x20000050                GPIO_PORT
                0x20000060                BUTTON_PORT
                0x20000080                COM_USART
                0x20000088                COM_TX_PORT
                0x20000090                COM_RX_PORT
 .data          0x20000098      0x430 C:\codesourcery\arm-none-eabi\lib\thumb\libc.a(lib_a-impure.o)
                0x20000098                _impure_ptr
 .data          0x200004c8      0x410 C:\codesourcery\arm-none-eabi\lib\thumb\libc.a(lib_a-mallocr.o)
                0x200004c8                __malloc_av_
                0x200008d0                __malloc_sbrk_base
                0x200008d4                __malloc_trim_threshold
 *(.data*)
                0x200008d8                . = ALIGN (0x4)
                0x200008d8                _edata = .

rwdata          0x200008d8      0x2c4 load address 0x08009b60
                0x200008d8                . = ALIGN (0x4)
                0x200008d8                PROVIDE (__start_rwdata, ABSOLUTE (.))
 rwdata         0x200008d8      0x2c4 C:\MicroFrameworkPK_v4_0\BuildOutput\THUMB2\GCC4.2\le\FLASH\debug\STM32F10x\lib\tmp_RegressionTest.lib(STM32__AITC.obj)
                0x200008d8                STM32_AITC_Driver::s_IsrTable
                0x20000b9c                PROVIDE (__stop_rwdata, .)
                0x20000b9c                . = ALIGN (0x4)

.bss            0x20000ba0     0x3658 load address 0x08009e28
                0x20000ba0                _sbss = .
                0x20000ba0                __bss_start__ = _sbss
 *(.bss)
 .bss           0x20000ba0        0x4 C:\MicroFrameworkPK_v4_0\BuildOutput\THUMB2\GCC4.2\le\FLASH\debug\STM32F10x\obj\Solutions\STM32F10x\RegressionTest\syscalls.obj
 .bss           0x20000ba4     0x271c C:\MicroFrameworkPK_v4_0\BuildOutput\THUMB2\GCC4.2\le\FLASH\debug\STM32F10x\lib\tmp_RegressionTest.lib(gpio.obj)
                0x20000bac                randomNumberBuffer
                0x200032bc                bufferIterator
 .bss           0x200032c0      0x1d8 C:\MicroFrameworkPK_v4_0\BuildOutput\THUMB2\GCC4.2\le\FLASH\debug\STM32F10x\lib\tmp_RegressionTest.lib(netmf_gpio.obj)
                0x200032c8                GPIO_Instances
                0x20003488                GPIO_Reserve
 .bss           0x20003498        0xc C:\MicroFrameworkPK_v4_0\BuildOutput\THUMB2\GCC4.2\le\FLASH\debug\STM32F10x\lib\tmp_RegressionTest.lib(STM32F10x_bootstrap.obj)
                0x200034a0                HSEStartUpStatus
 .bss           0x200034a4       0x2c C:\MicroFrameworkPK_v4_0\BuildOutput\THUMB2\GCC4.2\le\FLASH\debug\STM32F10x\lib\tmp_RegressionTest.lib(tinyhal.obj)
                0x200034ac                LOAD_IMAGE_Start
                0x200034b0                LOAD_IMAGE_Length
                0x200034b4                LOAD_IMAGE_CalcCRC
                0x200034bc                SystemStates
 .bss           0x200034d0      0x8b8 C:\MicroFrameworkPK_v4_0\BuildOutput\THUMB2\GCC4.2\le\FLASH\debug\STM32F10x\lib\tmp_RegressionTest.lib(usart.obj)
                0x200034d8                TxBuffer_Com
                0x200038d8                RxBuffer_Com
                0x20003cd8                Hal_Usart_State
 .bss           0x20003d88       0x10 C:\MicroFrameworkPK_v4_0\BuildOutput\THUMB2\GCC4.2\le\FLASH\debug\STM32F10x\lib\tmp_RegressionTest.lib(ComDirector.obj)
 .bss           0x20003d98       0x18 C:\MicroFrameworkPK_v4_0\BuildOutput\THUMB2\GCC4.2\le\FLASH\debug\STM32F10x\lib\tmp_RegressionTest.lib(i2c.obj)
                0x20003da0                g_I2C_Driver
 .bss           0x20003db0       0x24 C:\MicroFrameworkPK_v4_0\BuildOutput\THUMB2\GCC4.2\le\FLASH\debug\STM32F10x\lib\tmp_RegressionTest.lib(netmf_spi.obj)
                0x20003db8                SPI_InitStructure
                0x20003dcc                SPI_mod
                0x20003dd0                SPI_Initialized
 .bss           0x20003dd4       0xd0 C:\MicroFrameworkPK_v4_0\BuildOutput\THUMB2\GCC4.2\le\FLASH\debug\STM32F10x\lib\tmp_RegressionTest.lib(usb.obj)
                0x20003ddc                wInterrupt_Mask
                0x20003dde                wIstr
                0x20003de0                bIntPackSOF
                0x20003de4                Max_Lun
                0x20003de8                bDeviceState
                0x20003dec                ResumeS
                0x20003df0                pInformation
                0x20003df4                pProperty
                0x20003df8                Device_Info
                0x20003e14                pUser_Standard_Requests
                0x20003e18                FriendlyNameString
                0x20003e9c                RequestPacket
 .bss           0x20003ea4        0xc C:\MicroFrameworkPK_v4_0\BuildOutput\THUMB2\GCC4.2\le\FLASH\debug\STM32F10x\lib\tmp_RegressionTest.lib(Aborts.obj)
                0x20003eac                ABORT_recursion_counter
 .bss           0x20003eb0       0x18 C:\MicroFrameworkPK_v4_0\BuildOutput\THUMB2\GCC4.2\le\FLASH\debug\STM32F10x\lib\tmp_RegressionTest.lib(netmf_time.obj)
                0x20003eb8                g_Time_Driver
 .bss           0x20003ec8      0x1c0 C:\MicroFrameworkPK_v4_0\BuildOutput\THUMB2\GCC4.2\le\FLASH\debug\STM32F10x\lib\tmp_RegressionTest.lib(netmf_timers.obj)
                0x20003ed0                g_Timer_Driver
 .bss           0x20004088      0x138 C:\MicroFrameworkPK_v4_0\BuildOutput\THUMB2\GCC4.2\le\FLASH\debug\STM32F10x\lib\tmp_RegressionTest.lib(Time_driver.obj)
                0x20004090                g_TimeDriver
                0x200040b8                TimeDriver::m_initialized
 .bss           0x200041c0       0x34 C:\codesourcery\arm-none-eabi\lib\thumb\libc.a(lib_a-mallocr.o)
                0x200041c0                __malloc_top_pad
                0x200041c4                __malloc_current_mallinfo
                0x200041ec                __malloc_max_sbrked_mem
                0x200041f0                __malloc_max_total_mem
 *(.bss*)
 *(COMMON)
 COMMON         0x200041f4        0x4 C:\MicroFrameworkPK_v4_0\BuildOutput\THUMB2\GCC4.2\le\FLASH\debug\STM32F10x\obj\Solutions\STM32F10x\RegressionTest\signalr.obj
                0x200041f4                errno
                0x200041f8                . = ALIGN (0x4)
                0x200041f8                _ebss = .
                0x200041f8                __bss_end__ = _ebss
                0x200041f8                PROVIDE (end, _ebss)
                0x200041f8                PROVIDE (_end, _ebss)

._user_heap_stack
                0x200041f8      0x200 load address 0x0800d480
                0x200041f8                . = ALIGN (0x4)
                0x200041f8                . = (. + _Min_Heap_Size)
                0x200043f8                . = (. + _Min_Stack_Size)
 *fill*         0x200041f8      0x200 00
                0x200043f8                . = ALIGN (0x4)

.memory_b1_text
 *(.mb1text)
 *(.mb1text*)
 *(.mb1rodata)
 *(.mb1rodata*)

.ARM.attributes
                0x00000000       0x31
 *(.ARM.attributes)
 .ARM.attributes
                0x00000000       0x31 C:\MicroFrameworkPK_v4_0\BuildOutput\THUMB2\GCC4.2\le\FLASH\debug\STM32F10x\obj\Solutions\STM32F10x\RegressionTest\RegressionTest.obj
 .ARM.attributes
                0x00000031       0x31 C:\MicroFrameworkPK_v4_0\BuildOutput\THUMB2\GCC4.2\le\FLASH\debug\STM32F10x\obj\Solutions\STM32F10x\RegressionTest\test.obj
 .ARM.attributes
                0x00000062       0x31 C:\MicroFrameworkPK_v4_0\BuildOutput\THUMB2\GCC4.2\le\FLASH\debug\STM32F10x\obj\Solutions\STM32F10x\RegressionTest\signalr.obj
 .ARM.attributes
                0x00000093       0x31 C:\MicroFrameworkPK_v4_0\BuildOutput\THUMB2\GCC4.2\le\FLASH\debug\STM32F10x\obj\Solutions\STM32F10x\RegressionTest\syscalls.obj
 .ARM.attributes
                0x000000c4       0x31 C:\MicroFrameworkPK_v4_0\BuildOutput\THUMB2\GCC4.2\le\FLASH\debug\STM32F10x\lib\tmp_RegressionTest.lib(gpio.obj)
 .ARM.attributes
                0x000000f5       0x31 C:\MicroFrameworkPK_v4_0\BuildOutput\THUMB2\GCC4.2\le\FLASH\debug\STM32F10x\lib\tmp_RegressionTest.lib(netmf_gpio.obj)
 .ARM.attributes
                0x00000126       0x31 C:\MicroFrameworkPK_v4_0\BuildOutput\THUMB2\GCC4.2\le\FLASH\debug\STM32F10x\lib\tmp_RegressionTest.lib(STM32_nvic_functions.obj)
 .ARM.attributes
                0x00000157       0x31 C:\MicroFrameworkPK_v4_0\BuildOutput\THUMB2\GCC4.2\le\FLASH\debug\STM32F10x\lib\tmp_RegressionTest.lib(STM32F10x_bootstrap.obj)
 .ARM.attributes
                0x00000188       0x31 C:\MicroFrameworkPK_v4_0\BuildOutput\THUMB2\GCC4.2\le\FLASH\debug\STM32F10x\lib\tmp_RegressionTest.lib(STM32F10x_flash.obj)
 .ARM.attributes
                0x000001b9       0x31 C:\MicroFrameworkPK_v4_0\BuildOutput\THUMB2\GCC4.2\le\FLASH\debug\STM32F10x\lib\tmp_RegressionTest.lib(STM32F10x_gpio.obj)
 .ARM.attributes
                0x000001ea       0x31 C:\MicroFrameworkPK_v4_0\BuildOutput\THUMB2\GCC4.2\le\FLASH\debug\STM32F10x\lib\tmp_RegressionTest.lib(STM32F10x_rcc.obj)
 .ARM.attributes
                0x0000021b       0x31 C:\MicroFrameworkPK_v4_0\BuildOutput\THUMB2\GCC4.2\le\FLASH\debug\STM32F10x\lib\tmp_RegressionTest.lib(tinycrt_stubs.obj)
 .ARM.attributes
                0x0000024c       0x31 C:\MicroFrameworkPK_v4_0\BuildOutput\THUMB2\GCC4.2\le\FLASH\debug\STM32F10x\lib\tmp_RegressionTest.lib(tinyhal.obj)
 .ARM.attributes
                0x0000027d       0x31 C:\MicroFrameworkPK_v4_0\BuildOutput\THUMB2\GCC4.2\le\FLASH\debug\STM32F10x\lib\tmp_RegressionTest.lib(usart.obj)
 .ARM.attributes
                0x000002ae       0x21 C:\MicroFrameworkPK_v4_0\BuildOutput\THUMB2\GCC4.2\le\FLASH\debug\STM32F10x\lib\tmp_RegressionTest.lib(VectorsTrampolines.obj)
 .ARM.attributes
                0x000002cf       0x31 C:\MicroFrameworkPK_v4_0\BuildOutput\THUMB2\GCC4.2\le\FLASH\debug\STM32F10x\lib\tmp_RegressionTest.lib(Watchdog_stubs.obj)
 .ARM.attributes
                0x00000300       0x31 C:\MicroFrameworkPK_v4_0\BuildOutput\THUMB2\GCC4.2\le\FLASH\debug\STM32F10x\lib\tmp_RegressionTest.lib(Async_stubs.obj)
 .ARM.attributes
                0x00000331       0x31 C:\MicroFrameworkPK_v4_0\BuildOutput\THUMB2\GCC4.2\le\FLASH\debug\STM32F10x\lib\tmp_RegressionTest.lib(Bl_AddDevices_stubs.obj)
 .ARM.attributes
                0x00000362       0x31 C:\MicroFrameworkPK_v4_0\BuildOutput\THUMB2\GCC4.2\le\FLASH\debug\STM32F10x\lib\tmp_RegressionTest.lib(blockstoragelist_stubs.obj)
 .ARM.attributes
                0x00000393       0x31 C:\MicroFrameworkPK_v4_0\BuildOutput\THUMB2\GCC4.2\le\FLASH\debug\STM32F10x\lib\tmp_RegressionTest.lib(Buttons_stubs.obj)
 .ARM.attributes
                0x000003c4       0x31 C:\MicroFrameworkPK_v4_0\BuildOutput\THUMB2\GCC4.2\le\FLASH\debug\STM32F10x\lib\tmp_RegressionTest.lib(ComDirector.obj)
 .ARM.attributes