Archive member included because of file (symbol)

C:\MicroFrameworkPK_v4_0\BuildOutput\THUMB2\GCC4.2\le\FLASH\debug\STM32F10x\lib\tmp_RegressionTest.lib(STM32F10x_bootstrap.obj)
                              C:\MicroFrameworkPK_v4_0\BuildOutput\THUMB2\GCC4.2\le\FLASH\debug\STM32F10x\obj\Solutions\STM32F10x\RegressionTest\RegressionTest.obj (BootstrapCode)
C:\MicroFrameworkPK_v4_0\BuildOutput\THUMB2\GCC4.2\le\FLASH\debug\STM32F10x\lib\tmp_RegressionTest.lib(STM32F10x_flash.obj)
                              C:\MicroFrameworkPK_v4_0\BuildOutput\THUMB2\GCC4.2\le\FLASH\debug\STM32F10x\lib\tmp_RegressionTest.lib(STM32F10x_bootstrap.obj) (FLASH_SetLatency)
C:\MicroFrameworkPK_v4_0\BuildOutput\THUMB2\GCC4.2\le\FLASH\debug\STM32F10x\lib\tmp_RegressionTest.lib(STM32F10x_led.obj)
                              C:\MicroFrameworkPK_v4_0\BuildOutput\THUMB2\GCC4.2\le\FLASH\debug\STM32F10x\obj\Solutions\STM32F10x\RegressionTest\RegressionTest.obj (LED_GREEN())
C:\MicroFrameworkPK_v4_0\BuildOutput\THUMB2\GCC4.2\le\FLASH\debug\STM32F10x\lib\tmp_RegressionTest.lib(STM32F10x_rcc.obj)
                              C:\MicroFrameworkPK_v4_0\BuildOutput\THUMB2\GCC4.2\le\FLASH\debug\STM32F10x\lib\tmp_RegressionTest.lib(STM32F10x_bootstrap.obj) (RCC_DeInit)
C:\MicroFrameworkPK_v4_0\BuildOutput\THUMB2\GCC4.2\le\FLASH\debug\STM32F10x\lib\tmp_RegressionTest.lib(timers.obj)
                              C:\MicroFrameworkPK_v4_0\BuildOutput\THUMB2\GCC4.2\le\FLASH\debug\STM32F10x\obj\Solutions\STM32F10x\RegressionTest\RegressionTest.obj (Timers::Timers(int, int))
C:\MicroFrameworkPK_v4_0\BuildOutput\THUMB2\GCC4.2\le\FLASH\debug\STM32F10x\lib\tmp_RegressionTest.lib(TimerTest.obj)
                              C:\MicroFrameworkPK_v4_0\BuildOutput\THUMB2\GCC4.2\le\FLASH\debug\STM32F10x\obj\Solutions\STM32F10x\RegressionTest\RegressionTest.obj (TimerTest::TimerTest(unsigned int, unsigned int))
C:\MicroFrameworkPK_v4_0\BuildOutput\THUMB2\GCC4.2\le\FLASH\debug\STM32F10x\lib\tmp_RegressionTest.lib(tinycrt_stubs.obj)
                              C:\MicroFrameworkPK_v4_0\BuildOutput\THUMB2\GCC4.2\le\FLASH\debug\STM32F10x\lib\tmp_RegressionTest.lib(timers.obj) (hal_printf(char const*, ...))
C:\MicroFrameworkPK_v4_0\BuildOutput\THUMB2\GCC4.2\le\FLASH\debug\STM32F10x\lib\tmp_RegressionTest.lib(tinyhal.obj)
                              C:\MicroFrameworkPK_v4_0\BuildOutput\THUMB2\GCC4.2\le\FLASH\debug\STM32F10x\obj\Solutions\STM32F10x\RegressionTest\RegressionTest.obj (BootEntry)
C:\MicroFrameworkPK_v4_0\BuildOutput\THUMB2\GCC4.2\le\FLASH\debug\STM32F10x\lib\tmp_RegressionTest.lib(usart.obj)
                              C:\MicroFrameworkPK_v4_0\BuildOutput\THUMB2\GCC4.2\le\FLASH\debug\STM32F10x\lib\tmp_RegressionTest.lib(tinyhal.obj) (USART_CloseAllPorts())
C:\MicroFrameworkPK_v4_0\BuildOutput\THUMB2\GCC4.2\le\FLASH\debug\STM32F10x\lib\tmp_RegressionTest.lib(VectorsTrampolines.obj)
                              (ARM_Vectors)
C:\MicroFrameworkPK_v4_0\BuildOutput\THUMB2\GCC4.2\le\FLASH\debug\STM32F10x\lib\tmp_RegressionTest.lib(Watchdog_stubs.obj)
                              C:\MicroFrameworkPK_v4_0\BuildOutput\THUMB2\GCC4.2\le\FLASH\debug\STM32F10x\lib\tmp_RegressionTest.lib(tinyhal.obj) (Watchdog_GetSetEnabled(unsigned int, unsigned int))
C:\MicroFrameworkPK_v4_0\BuildOutput\THUMB2\GCC4.2\le\FLASH\debug\STM32F10x\lib\tmp_RegressionTest.lib(Async_stubs.obj)
                              C:\MicroFrameworkPK_v4_0\BuildOutput\THUMB2\GCC4.2\le\FLASH\debug\STM32F10x\lib\tmp_RegressionTest.lib(tinyhal.obj) (HAL_CONTINUATION::InitializeList())
C:\MicroFrameworkPK_v4_0\BuildOutput\THUMB2\GCC4.2\le\FLASH\debug\STM32F10x\lib\tmp_RegressionTest.lib(Bl_AddDevices_stubs.obj)
                              C:\MicroFrameworkPK_v4_0\BuildOutput\THUMB2\GCC4.2\le\FLASH\debug\STM32F10x\lib\tmp_RegressionTest.lib(tinyhal.obj) (BlockStorage_AddDevices())
C:\MicroFrameworkPK_v4_0\BuildOutput\THUMB2\GCC4.2\le\FLASH\debug\STM32F10x\lib\tmp_RegressionTest.lib(blockstoragelist_stubs.obj)
                              C:\MicroFrameworkPK_v4_0\BuildOutput\THUMB2\GCC4.2\le\FLASH\debug\STM32F10x\lib\tmp_RegressionTest.lib(tinyhal.obj) (BlockStorageList::s_primaryDevice)
C:\MicroFrameworkPK_v4_0\BuildOutput\THUMB2\GCC4.2\le\FLASH\debug\STM32F10x\lib\tmp_RegressionTest.lib(Buttons_stubs.obj)
                              C:\MicroFrameworkPK_v4_0\BuildOutput\THUMB2\GCC4.2\le\FLASH\debug\STM32F10x\lib\tmp_RegressionTest.lib(tinyhal.obj) (Buttons_Initialize())
C:\MicroFrameworkPK_v4_0\BuildOutput\THUMB2\GCC4.2\le\FLASH\debug\STM32F10x\lib\tmp_RegressionTest.lib(ComDirector.obj)
                              C:\MicroFrameworkPK_v4_0\BuildOutput\THUMB2\GCC4.2\le\FLASH\debug\STM32F10x\lib\tmp_RegressionTest.lib(tinyhal.obj) (DebuggerPort_Write(int, char const*, unsigned int))
C:\MicroFrameworkPK_v4_0\BuildOutput\THUMB2\GCC4.2\le\FLASH\debug\STM32F10x\lib\tmp_RegressionTest.lib(events_stubs.obj)
[...]
Memory Configuration

Name             Origin             Length             Attributes
FLASH            0x08000000         0x00080000         xr
RAM              0x20000000         0x00010000         xrw
MEMORY_B1        0x60000000         0x00000000         xr
*default*        0x00000000         0xffffffff

Linker script and memory map

                0x20010000                _estack = 0x20010000
                0x00000000                _Min_Heap_Size = 0x0
                0x00000200                _Min_Stack_Size = 0x200

.isr_vector     0x08000000      0x1e4
                0x08000000                . = ALIGN (0x4)
 *(.vectors)
 .vectors       0x08000000      0x1e4 C:\MicroFrameworkPK_v4_0\BuildOutput\THUMB2\GCC4.2\le\FLASH\debug\STM32F10x\lib\tmp_RegressionTest.lib(VectorsTrampolines.obj)
                0x08000000                g_pfnVectors
                0x08000000                ARM_Vectors
                0x080001e4                . = ALIGN (0x4)

SectionForStackTop
                0x080001e4        0x4
                0x080001e4                . = ALIGN (0x1)
                0x080001e4                PROVIDE (__start_SectionForStackTop, ABSOLUTE (.))
 SectionForStackTop
                0x080001e4        0x4 C:\MicroFrameworkPK_v4_0\BuildOutput\THUMB2\GCC4.2\le\FLASH\debug\STM32F10x\lib\tmp_RegressionTest.lib(FirstEntry.obj)
                0x080001e4                StackTop
                0x080001e8                PROVIDE (__stop_SectionForStackTop, .)

.text           0x080001e8     0x5258
                0x080001e8                . = ALIGN (0x4)
 *(.text.Reset_Handler)
 .text.Reset_Handler
                0x080001e8       0x54 C:\MicroFrameworkPK_v4_0\BuildOutput\THUMB2\GCC4.2\le\FLASH\debug\STM32F10x\lib\tmp_RegressionTest.lib(VectorsTrampolines.obj)
                0x080001e8                Reset_Handler
 *(i.EntryPoint)
 *(.text)
 .text          0x0800023c      0x104 c:\CodeSourcery\arm-none-eabi\lib\thumb\libc.a(lib_a-memcpy.o)
                0x0800023c                memcpy
 .text          0x08000340       0x90 c:\CodeSourcery\arm-none-eabi\lib\thumb\libc.a(lib_a-memset.o)
                0x08000340                memset
 .text          0x080003d0      0x11c c:\CodeSourcery\arm-none-eabi\lib\thumb\libc.a(lib_a-__call_atexit.o)
                0x080003d0                __call_exitprocs
 .text          0x080004ec       0x14 c:\CodeSourcery\arm-none-eabi\lib\thumb\libc.a(lib_a-atexit.o)
                0x080004ec                atexit
 .text          0x08000500       0x40 c:\CodeSourcery\arm-none-eabi\lib\thumb\libc.a(lib_a-fini.o)
                0x08000500                __libc_fini_array
 .text          0x08000540       0xbc c:\CodeSourcery\arm-none-eabi\lib\thumb\libc.a(lib_a-__atexit.o)
                0x08000540                __register_exitproc
 .text          0x080005fc      0x370 c:\CodeSourcery\lib\gcc\arm-none-eabi\4.5.0\thumb\libgcc.a(_arm_addsubdf3.o)
                0x080005fc                __aeabi_drsub
                0x08000604                __aeabi_dsub
                0x08000604                __subdf3
                0x08000608                __aeabi_dadd
                0x08000608                __adddf3
                0x08000880                __floatunsidf
                0x08000880                __aeabi_ui2d
                0x080008a0                __floatsidf
                0x080008a0                __aeabi_i2d
                0x080008c4                __aeabi_f2d
                0x080008c4                __extendsfdf2
                0x08000900                __floatundidf
                0x08000900                __aeabi_ul2d
                0x08000910                __floatdidf
                0x08000910                __aeabi_l2d
 .text          0x0800096c       0x50 c:\CodeSourcery\lib\gcc\arm-none-eabi\4.5.0\thumb\libgcc.a(_arm_fixdfsi.o)
                0x0800096c                __aeabi_d2iz
                0x0800096c                __fixdfsi
 *(.text*)
 .text.private_malloc
                0x080009bc       0x18 C:\MicroFrameworkPK_v4_0\BuildOutput\THUMB2\GCC4.2\le\FLASH\debug\STM32F10x\obj\Solutions\STM32F10x\RegressionTest\RegressionTest.obj
                0x080009bc                private_malloc
 .text.private_free
                0x080009d4       0x14 C:\MicroFrameworkPK_v4_0\BuildOutput\THUMB2\GCC4.2\le\FLASH\debug\STM32F10x\obj\Solutions\STM32F10x\RegressionTest\RegressionTest.obj
                0x080009d4                private_free
 .text._Z21ApplicationEntryPointv
                0x080009e8       0x78 C:\MicroFrameworkPK_v4_0\BuildOutput\THUMB2\GCC4.2\le\FLASH\debug\STM32F10x\obj\Solutions\STM32F10x\RegressionTest\RegressionTest.obj
                0x080009e8                ApplicationEntryPoint()
 .text.LED_ERROR1
                0x08000a60       0x44 C:\MicroFrameworkPK_v4_0\BuildOutput\THUMB2\GCC4.2\le\FLASH\debug\STM32F10x\obj\Solutions\STM32F10x\RegressionTest\test.obj
                0x08000a60                LED_ERROR1
 .text.LED_RED  0x08000aa4       0x58 C:\MicroFrameworkPK_v4_0\BuildOutput\THUMB2\GCC4.2\le\FLASH\debug\STM32F10x\obj\Solutions\STM32F10x\RegressionTest\test.obj
                0x08000aa4                LED_RED
 .text.LED_RED_OFF
                0x08000afc       0x18 C:\MicroFrameworkPK_v4_0\BuildOutput\THUMB2\GCC4.2\le\FLASH\debug\STM32F10x\obj\Solutions\STM32F10x\RegressionTest\test.obj
                0x08000afc                LED_RED_OFF
 .text._fini    0x08000b14        0xc C:\MicroFrameworkPK_v4_0\BuildOutput\THUMB2\GCC4.2\le\FLASH\debug\STM32F10x\obj\Solutions\STM32F10x\RegressionTest\syscalls.obj
                0x08000b14                _fini
 .text._ZL15SetSysClockTo72v
                0x08000b20      0x1dc C:\MicroFrameworkPK_v4_0\BuildOutput\THUMB2\GCC4.2\le\FLASH\debug\STM32F10x\lib\tmp_RegressionTest.lib(STM32F10x_bootstrap.obj)
 .text._Z12LowLevelInitv
                0x08000cfc       0x9c C:\MicroFrameworkPK_v4_0\BuildOutput\THUMB2\GCC4.2\le\FLASH\debug\STM32F10x\lib\tmp_RegressionTest.lib(STM32F10x_bootstrap.obj)
                0x08000cfc                LowLevelInit()
 .text._ZL17RCC_Configurationv
                0x08000d98       0xcc C:\MicroFrameworkPK_v4_0\BuildOutput\THUMB2\GCC4.2\le\FLASH\debug\STM32F10x\lib\tmp_RegressionTest.lib(STM32F10x_bootstrap.obj)
 .text.BootstrapCode
                0x08000e64       0x10 C:\MicroFrameworkPK_v4_0\BuildOutput\THUMB2\GCC4.2\le\FLASH\debug\STM32F10x\lib\tmp_RegressionTest.lib(STM32F10x_bootstrap.obj)
                0x08000e64                BootstrapCode
 .text.FLASH_SetLatency
                0x08000e74       0x44 C:\MicroFrameworkPK_v4_0\BuildOutput\THUMB2\GCC4.2\le\FLASH\debug\STM32F10x\lib\tmp_RegressionTest.lib(STM32F10x_flash.obj)
                0x08000e74                FLASH_SetLatency
 .text.FLASH_PrefetchBufferCmd
                0x08000eb8       0x44 C:\MicroFrameworkPK_v4_0\BuildOutput\THUMB2\GCC4.2\le\FLASH\debug\STM32F10x\lib\tmp_RegressionTest.lib(STM32F10x_flash.obj)
                0x08000eb8                FLASH_PrefetchBufferCmd
 .text._Z9LED_GREENv
                0x08000efc       0x58 C:\MicroFrameworkPK_v4_0\BuildOutput\THUMB2\GCC4.2\le\FLASH\debug\STM32F10x\lib\tmp_RegressionTest.lib(STM32F10x_led.obj)
                0x08000efc                LED_GREEN()
 .text._Z7LED_REDv
                0x08000f54       0x58 C:\MicroFrameworkPK_v4_0\BuildOutput\THUMB2\GCC4.2\le\FLASH\debug\STM32F10x\lib\tmp_RegressionTest.lib(STM32F10x_led.obj)
                0x08000f54                LED_RED()
 .text.RCC_DeInit
                0x08000fac       0x9c C:\MicroFrameworkPK_v4_0\BuildOutput\THUMB2\GCC4.2\le\FLASH\debug\STM32F10x\lib\tmp_RegressionTest.lib(STM32F10x_rcc.obj)
                0x08000fac                RCC_DeInit
 .text.RCC_HSEConfig
                0x08001048       0x84 C:\MicroFrameworkPK_v4_0\BuildOutput\THUMB2\GCC4.2\le\FLASH\debug\STM32F10x\lib\tmp_RegressionTest.lib(STM32F10x_rcc.obj)
                0x08001048                RCC_HSEConfig
 .text.RCC_WaitForHSEStartUp
                0x080010cc       0x64 C:\MicroFrameworkPK_v4_0\BuildOutput\THUMB2\GCC4.2\le\FLASH\debug\STM32F10x\lib\tmp_RegressionTest.lib(STM32F10x_rcc.obj)
                0x080010cc                RCC_WaitForHSEStartUp
 .text.RCC_PLLConfig
                0x08001130       0x4c C:\MicroFrameworkPK_v4_0\BuildOutput\THUMB2\GCC4.2\le\FLASH\debug\STM32F10x\lib\tmp_RegressionTest.lib(STM32F10x_rcc.obj)
                0x08001130                RCC_PLLConfig
 .text.RCC_PLLCmd
                0x0800117c       0x20 C:\MicroFrameworkPK_v4_0\BuildOutput\THUMB2\GCC4.2\le\FLASH\debug\STM32F10x\lib\tmp_RegressionTest.lib(STM32F10x_rcc.obj)
                0x0800117c                RCC_PLLCmd
 .text.RCC_SYSCLKConfig
                0x0800119c       0x44 C:\MicroFrameworkPK_v4_0\BuildOutput\THUMB2\GCC4.2\le\FLASH\debug\STM32F10x\lib\tmp_RegressionTest.lib(STM32F10x_rcc.obj)
                0x0800119c                RCC_SYSCLKConfig
 .text.RCC_GetSYSCLKSource
                0x080011e0       0x1c C:\MicroFrameworkPK_v4_0\BuildOutput\THUMB2\GCC4.2\le\FLASH\debug\STM32F10x\lib\tmp_RegressionTest.lib(STM32F10x_rcc.obj)
                0x080011e0                RCC_GetSYSCLKSource
 .text.RCC_HCLKConfig
                0x080011fc       0x44 C:\MicroFrameworkPK_v4_0\BuildOutput\THUMB2\GCC4.2\le\FLASH\debug\STM32F10x\lib\tmp_RegressionTest.lib(STM32F10x_rcc.obj)
                0x080011fc                RCC_HCLKConfig
 .text.RCC_PCLK1Config
                0x08001240       0x44 C:\MicroFrameworkPK_v4_0\BuildOutput\THUMB2\GCC4.2\le\FLASH\debug\STM32F10x\lib\tmp_RegressionTest.lib(STM32F10x_rcc.obj)
                0x08001240                RCC_PCLK1Config
 .text.RCC_PCLK2Config
                0x08001284       0x48 C:\MicroFrameworkPK_v4_0\BuildOutput\THUMB2\GCC4.2\le\FLASH\debug\STM32F10x\lib\tmp_RegressionTest.lib(STM32F10x_rcc.obj)
                0x08001284                RCC_PCLK2Config
 .text.RCC_ADCCLKConfig
                0x080012cc       0x44 C:\MicroFrameworkPK_v4_0\BuildOutput\THUMB2\GCC4.2\le\FLASH\debug\STM32F10x\lib\tmp_RegressionTest.lib(STM32F10x_rcc.obj)
                0x080012cc                RCC_ADCCLKConfig
 .text.RCC_GetClocksFreq
                0x08001310      0x1c8 C:\MicroFrameworkPK_v4_0\BuildOutput\THUMB2\GCC4.2\le\FLASH\debug\STM32F10x\lib\tmp_RegressionTest.lib(STM32F10x_rcc.obj)
                0x08001310                RCC_GetClocksFreq
 .text.RCC_APB2PeriphClockCmd
                0x080014d8       0x58 C:\MicroFrameworkPK_v4_0\BuildOutput\THUMB2\GCC4.2\le\FLASH\debug\STM32F10x\lib\tmp_RegressionTest.lib(STM32F10x_rcc.obj)
                0x080014d8                RCC_APB2PeriphClockCmd
 .text.RCC_APB1PeriphClockCmd
                0x08001530       0x58 C:\MicroFrameworkPK_v4_0\BuildOutput\THUMB2\GCC4.2\le\FLASH\debug\STM32F10x\lib\tmp_RegressionTest.lib(STM32F10x_rcc.obj)
                0x08001530                RCC_APB1PeriphClockCmd
 .text.RCC_GetFlagStatus
                0x08001588       0x90 C:\MicroFrameworkPK_v4_0\BuildOutput\THUMB2\GCC4.2\le\FLASH\debug\STM32F10x\lib\tmp_RegressionTest.lib(STM32F10x_rcc.obj)
                0x08001588                RCC_GetFlagStatus
 .text._ZN8testMath9prng_initEi
                0x08001618       0x58 C:\MicroFrameworkPK_v4_0\BuildOutput\THUMB2\GCC4.2\le\FLASH\debug\STM32F10x\lib\tmp_RegressionTest.lib(timers.obj)
                0x08001618                testMath::prng_init(int)
 .text._ZN8testMath4prngEv
                0x08001670       0x70 C:\MicroFrameworkPK_v4_0\BuildOutput\THUMB2\GCC4.2\le\FLASH\debug\STM32F10x\lib\tmp_RegressionTest.lib(timers.obj)
                0x08001670                testMath::prng()
 .text._ZN6TimersC1Eii
                0x080016e0       0x3c C:\MicroFrameworkPK_v4_0\BuildOutput\THUMB2\GCC4.2\le\FLASH\debug\STM32F10x\lib\tmp_RegressionTest.lib(timers.obj)
                0x080016e0                Timers::Timers(int, int)
 .text._ZN6Timers15testMathLibraryEv
                0x0800171c       0x74 C:\MicroFrameworkPK_v4_0\BuildOutput\THUMB2\GCC4.2\le\FLASH\debug\STM32F10x\lib\tmp_RegressionTest.lib(timers.obj)
                0x0800171c                Timers::testMathLibrary()
 .text._ZN6Timers7ExecuteEi
                0x08001790       0x70 C:\MicroFrameworkPK_v4_0\BuildOutput\THUMB2\GCC4.2\le\FLASH\debug\STM32F10x\lib\tmp_RegressionTest.lib(timers.obj)
                0x08001790                Timers::Execute(int)
 .text._ZN9TimerTestC1Ejj
                0x08001800       0x4c C:\MicroFrameworkPK_v4_0\BuildOutput\THUMB2\GCC4.2\le\FLASH\debug\STM32F10x\lib\tmp_RegressionTest.lib(TimerTest.obj)
                0x08001800                TimerTest::TimerTest(unsigned int, unsigned int)
 .text._Z10hal_printfPKcz
                0x0800184c       0x14 C:\MicroFrameworkPK_v4_0\BuildOutput\THUMB2\GCC4.2\le\FLASH\debug\STM32F10x\lib\tmp_RegressionTest.lib(tinycrt_stubs.obj)
                0x0800184c                hal_printf(char const*, ...)
 .text._Z12hal_vfprintfiPKcSt9__va_list
                0x08001860       0x1c C:\MicroFrameworkPK_v4_0\BuildOutput\THUMB2\GCC4.2\le\FLASH\debug\STM32F10x\lib\tmp_RegressionTest.lib(tinycrt_stubs.obj)
                0x08001860                hal_vfprintf(int, char const*, std::__va_list)
 .text._Z13hal_vsnprintfPcjPKcSt9__va_list
                0x0800187c       0x20 C:\MicroFrameworkPK_v4_0\BuildOutput\THUMB2\GCC4.2\le\FLASH\debug\STM32F10x\lib\tmp_RegressionTest.lib(tinycrt_stubs.obj)
                0x0800187c                hal_vsnprintf(char*, unsigned int, char const*, std::__va_list)
 .text._Z20HAL_Init_Custom_Heapv
                0x0800189c       0x34 C:\MicroFrameworkPK_v4_0\BuildOutput\THUMB2\GCC4.2\le\FLASH\debug\STM32F10x\lib\tmp_RegressionTest.lib(tinyhal.obj)
                0x0800189c                HAL_Init_Custom_Heap()
 .text._ZL12InitCRuntimev
                0x080018d0        0xc C:\MicroFrameworkPK_v4_0\BuildOutput\THUMB2\GCC4.2\le\FLASH\debug\STM32F10x\lib\tmp_RegressionTest.lib(tinyhal.obj)
 .text._Z14HAL_Initializev
                0x080018dc       0x78 C:\MicroFrameworkPK_v4_0\BuildOutput\THUMB2\GCC4.2\le\FLASH\debug\STM32F10x\lib\tmp_RegressionTest.lib(tinyhal.obj)
                0x080018dc                HAL_Initialize()
 .text.BootEntry
                0x08001954      0x108 C:\MicroFrameworkPK_v4_0\BuildOutput\THUMB2\GCC4.2\le\FLASH\debug\STM32F10x\lib\tmp_RegressionTest.lib(tinyhal.obj)
                0x08001954                BootEntry
 .text._Z10lcd_printfPKcz
                0x08001a5c       0x28 C:\MicroFrameworkPK_v4_0\BuildOutput\THUMB2\GCC4.2\le\FLASH\debug\STM32F10x\lib\tmp_RegressionTest.lib(tinyhal.obj)
                0x08001a5c                lcd_printf(char const*, ...)
 .text.SystemState_SetNoLock
                0x08001a84       0x34 C:\MicroFrameworkPK_v4_0\BuildOutput\THUMB2\GCC4.2\le\FLASH\debug\STM32F10x\lib\tmp_RegressionTest.lib(tinyhal.obj)
                0x08001a84                SystemState_SetNoLock
 .text.SystemState_ClearNoLock
                0x08001ab8       0x34 C:\MicroFrameworkPK_v4_0\BuildOutput\THUMB2\GCC4.2\le\FLASH\debug\STM32F10x\lib\tmp_RegressionTest.lib(tinyhal.obj)
                0x08001ab8                SystemState_ClearNoLock
 .text._Z16USART_Initializeiiiiii
                0x08001aec       0x30 C:\MicroFrameworkPK_v4_0\BuildOutput\THUMB2\GCC4.2\le\FLASH\debug\STM32F10x\lib\tmp_RegressionTest.lib(usart.obj)
                0x08001aec                USART_Initialize(int, int, int, int, int, int)
 .text._Z11USART_WriteiPKcj
                0x08001b1c       0x24 C:\MicroFrameworkPK_v4_0\BuildOutput\THUMB2\GCC4.2\le\FLASH\debug\STM32F10x\lib\tmp_RegressionTest.lib(usart.obj)
                0x08001b1c                USART_Write(int, char const*, unsigned int)
 .text._Z11USART_Flushi
                0x08001b40       0x1c C:\MicroFrameworkPK_v4_0\BuildOutput\THUMB2\GCC4.2\le\FLASH\debug\STM32F10x\lib\tmp_RegressionTest.lib(usart.obj)
                0x08001b40                USART_Flush(int)
 .text._ZN12USART_Driver10InitializeEiiiiii
                0x08001b5c      0x154 C:\MicroFrameworkPK_v4_0\BuildOutput\THUMB2\GCC4.2\le\FLASH\debug\STM32F10x\lib\tmp_RegressionTest.lib(usart.obj)
                0x08001b5c                USART_Driver::Initialize(int, int, int, int, int, int)
 .text._ZN12USART_Driver5WriteEiPKcj
                0x08001cb0      0x224 C:\MicroFrameworkPK_v4_0\BuildOutput\THUMB2\GCC4.2\le\FLASH\debug\STM32F10x\lib\tmp_RegressionTest.lib(usart.obj)
                0x08001cb0                USART_Driver::Write(int, char const*, unsigned int)
 .text._ZN12USART_Driver5FlushEi
                0x08001ed4      0x224 C:\MicroFrameworkPK_v4_0\BuildOutput\THUMB2\GCC4.2\le\FLASH\debug\STM32F10x\lib\tmp_RegressionTest.lib(usart.obj)
                0x08001ed4                USART_Driver::Flush(int)
 .text._ZN12USART_Driver22RemoveCharFromTxBufferEiRc
                0x080020f8       0xdc C:\MicroFrameworkPK_v4_0\BuildOutput\THUMB2\GCC4.2\le\FLASH\debug\STM32F10x\lib\tmp_RegressionTest.lib(usart.obj)
                0x080020f8                USART_Driver::RemoveCharFromTxBuffer(int, char&)
 .text._ZN12USART_Driver8SetEventEij
                0x080021d4       0xa4 C:\MicroFrameworkPK_v4_0\BuildOutput\THUMB2\GCC4.2\le\FLASH\debug\STM32F10x\lib\tmp_RegressionTest.lib(usart.obj)
                0x080021d4                USART_Driver::SetEvent(int, unsigned int)
 .text._ZN21Hal_Queue_UnknownSizeIhE3PopEv
                0x08002278       0x64 C:\MicroFrameworkPK_v4_0\BuildOutput\THUMB2\GCC4.2\le\FLASH\debug\STM32F10x\lib\tmp_RegressionTest.lib(usart.obj)
                0x08002278                Hal_Queue_UnknownSize<unsigned char>::Pop()
 .text._ZN21Hal_Queue_UnknownSizeIhE10InitializeEPhj
                0x080022dc       0x3c C:\MicroFrameworkPK_v4_0\BuildOutput\THUMB2\GCC4.2\le\FLASH\debug\STM32F10x\lib\tmp_RegressionTest.lib(usart.obj)
                0x080022dc                Hal_Queue_UnknownSize<unsigned char>::Initialize(unsigned char*, unsigned int)
 .text._ZN21Hal_Queue_UnknownSizeIhE4PushERj
                0x08002318       0xc0 C:\MicroFrameworkPK_v4_0\BuildOutput\THUMB2\GCC4.2\le\FLASH\debug\STM32F10x\lib\tmp_RegressionTest.lib(usart.obj)
                0x08002318                Hal_Queue_UnknownSize<unsigned char>::Push(unsigned int&)
 .text._ZN21Hal_Queue_UnknownSizeIhE7IsEmptyEv
                0x080023d8       0x34 C:\MicroFrameworkPK_v4_0\BuildOutput\THUMB2\GCC4.2\le\FLASH\debug\STM32F10x\lib\tmp_RegressionTest.lib(usart.obj)
                0x080023d8                Hal_Queue_UnknownSize<unsigned char>::IsEmpty()
 .text.SystemInit_ExtMemCtl_Dummy
                0x0800240c        0x2 C:\MicroFrameworkPK_v4_0\BuildOutput\THUMB2\GCC4.2\le\FLASH\debug\STM32F10x\lib\tmp_RegressionTest.lib(VectorsTrampolines.obj)
                0x0800240c                SystemInit_ExtMemCtl
 .text.Default_Handler
                0x0800240e        0x6 C:\MicroFrameworkPK_v4_0\BuildOutput\THUMB2\GCC4.2\le\FLASH\debug\STM32F10x\lib\tmp_RegressionTest.lib(VectorsTrampolines.obj)
                0x0800240e                EXTI2_IRQHandler
                0x0800240e                TIM8_TRG_COM_IRQHandler
                0x0800240e                TIM8_CC_IRQHandler
                0x0800240e                DebugMon_Handler
                0x0800240e                TIM1_CC_IRQHandler
                0x0800240e                HardFault_Handler
                0x0800240e                TIM6_IRQHandler
                0x0800240e                SysTick_Handler
                0x0800240e                SDIO_IRQHandler
                0x0800240e                PendSV_Handler
                0x0800240e                NMI_Handler
                0x0800240e                EXTI3_IRQHandler
                0x0800240e                I2C2_EV_IRQHandler
                0x0800240e                UsageFault_Handler
                0x0800240e                ADC1_2_IRQHandler
                0x0800240e                SPI1_IRQHandler
                0x0800240e                TIM8_UP_IRQHandler
                0x0800240e                DMA2_Channel2_IRQHandler
                0x0800240e                DMA1_Channel4_IRQHandler
                0x0800240e                USART3_IRQHandler
                0x0800240e                DMA1_Channel7_IRQHandler
                0x0800240e                CAN1_RX1_IRQHandler
                0x0800240e                UART5_IRQHandler
                0x0800240e                ADC3_IRQHandler
                0x0800240e                TIM4_IRQHandler
                0x0800240e                DMA2_Channel1_IRQHandler
                0x0800240e                I2C1_EV_IRQHandler
                0x0800240e                DMA1_Channel6_IRQHandler
                0x0800240e                UART4_IRQHandler
                0x0800240e                TIM3_IRQHandler
                0x0800240e                RCC_IRQHandler
                0x0800240e                TIM1_TRG_COM_IRQHandler
                0x0800240e                DMA1_Channel1_IRQHandler
                0x0800240e                Default_Handler
                0x0800240e                EXTI15_10_IRQHandler
                0x0800240e                TIM7_IRQHandler
                0x0800240e                TIM5_IRQHandler
                0x0800240e                EXTI9_5_IRQHandler
                0x0800240e                SPI2_IRQHandler
                0x0800240e                MemManage_Handler
                0x0800240e                SVC_Handler
                0x0800240e                DMA1_Channel5_IRQHandler
                0x0800240e                EXTI4_IRQHandler
                0x0800240e                USB_LP_CAN1_RX0_IRQHandler
                0x0800240e                USB_HP_CAN1_TX_IRQHandler
                0x0800240e                DMA1_Channel3_IRQHandler
                0x0800240e                FSMC_IRQHandler
                0x0800240e                TIM1_UP_IRQHandler
                0x0800240e                WWDG_IRQHandler
                0x0800240e                TIM1_BRK_IRQHandler
                0x0800240e                EXTI1_IRQHandler
                0x0800240e                RTCAlarm_IRQHandler
                0x0800240e                DMA2_Channel4_5_IRQHandler
                0x0800240e                USART2_IRQHandler
                0x0800240e                I2C2_ER_IRQHandler
                0x0800240e                DMA1_Channel2_IRQHandler
                0x0800240e                TIM8_BRK_IRQHandler
                0x0800240e                CAN1_SCE_IRQHandler
                0x0800240e                FLASH_IRQHandler
                0x0800240e                BusFault_Handler
                0x0800240e                USART1_IRQHandler
                0x0800240e                SPI3_IRQHandler
                0x0800240e                I2C1_ER_IRQHandler
                0x0800240e                USBWakeUp_IRQHandler
                0x0800240e                DMA2_Channel3_IRQHandler
 .text._Z22Watchdog_GetSetEnabledjj
                0x08002414       0x1c C:\MicroFrameworkPK_v4_0\BuildOutput\THUMB2\GCC4.2\le\FLASH\debug\STM32F10x\lib\tmp_RegressionTest.lib(Watchdog_stubs.obj)
                0x08002414                Watchdog_GetSetEnabled(unsigned int, unsigned int)
 .text._Z22Watchdog_GetSetTimeoutij
                0x08002430       0x1c C:\MicroFrameworkPK_v4_0\BuildOutput\THUMB2\GCC4.2\le\FLASH\debug\STM32F10x\lib\tmp_RegressionTest.lib(Watchdog_stubs.obj)
                0x08002430                Watchdog_GetSetTimeout(int, unsigned int)
 .text._Z23Watchdog_GetSetBehavior17Watchdog_Behaviorj
                0x0800244c       0x1c C:\MicroFrameworkPK_v4_0\BuildOutput\THUMB2\GCC4.2\le\FLASH\debug\STM32F10x\lib\tmp_RegressionTest.lib(Watchdog_stubs.obj)
                0x0800244c                Watchdog_GetSetBehavior(Watchdog_Behavior, unsigned int)
 .text._ZN16HAL_CONTINUATION14InitializeListEv
                0x08002468        0xc C:\MicroFrameworkPK_v4_0\BuildOutput\THUMB2\GCC4.2\le\FLASH\debug\STM32F10x\lib\tmp_RegressionTest.lib(Async_stubs.obj)
                0x08002468                HAL_CONTINUATION::InitializeList()
 .text._ZN14HAL_COMPLETION14InitializeListEv
                0x08002474        0xc C:\MicroFrameworkPK_v4_0\BuildOutput\THUMB2\GCC4.2\le\FLASH\debug\STM32F10x\lib\tmp_RegressionTest.lib(Async_stubs.obj)
                0x08002474                HAL_COMPLETION::InitializeList()
 .text._Z23BlockStorage_AddDevicesv
                0x08002480        0xc C:\MicroFrameworkPK_v4_0\BuildOutput\THUMB2\GCC4.2\le\FLASH\debug\STM32F10x\lib\tmp_RegressionTest.lib(Bl_AddDevices_stubs.obj)
                0x08002480                BlockStorage_AddDevices()
 .text._ZN16BlockStorageList10InitializeEv
                0x0800248c        0xc C:\MicroFrameworkPK_v4_0\BuildOutput\THUMB2\GCC4.2\le\FLASH\debug\STM32F10x\lib\tmp_RegressionTest.lib(blockstoragelist_stubs.obj)
                0x0800248c                BlockStorageList::Initialize()
 .text._ZN16BlockStorageList17InitializeDevicesEv
                0x08002498       0x10 C:\MicroFrameworkPK_v4_0\BuildOutput\THUMB2\GCC4.2\le\FLASH\debug\STM32F10x\lib\tmp_RegressionTest.lib(blockstoragelist_stubs.obj)
                0x08002498                BlockStorageList::InitializeDevices()
 .text._Z18Buttons_Initializev
                0x080024a8       0x10 C:\MicroFrameworkPK_v4_0\BuildOutput\THUMB2\GCC4.2\le\FLASH\debug\STM32F10x\lib\tmp_RegressionTest.lib(Buttons_stubs.obj)
                0x080024a8                Buttons_Initialize()
 .text._Z22Buttons_CurrentHWStatev
                0x080024b8       0x10 C:\MicroFrameworkPK_v4_0\BuildOutput\THUMB2\GCC4.2\le\FLASH\debug\STM32F10x\lib\tmp_RegressionTest.lib(Buttons_stubs.obj)
                0x080024b8                Buttons_CurrentHWState()
 .text._Z27CPU_InitializeCommunicationv
                0x080024c8      0x110 C:\MicroFrameworkPK_v4_0\BuildOutput\THUMB2\GCC4.2\le\FLASH\debug\STM32F10x\lib\tmp_RegressionTest.lib(ComDirector.obj)
                0x080024c8                CPU_InitializeCommunication()
 .text._Z29CPU_ProtectCommunicationGPIOsj
                0x080025d8       0x64 C:\MicroFrameworkPK_v4_0\BuildOutput\THUMB2\GCC4.2\le\FLASH\debug\STM32F10x\lib\tmp_RegressionTest.lib(ComDirector.obj)
                0x080025d8                CPU_ProtectCommunicationGPIOs(unsigned int)
 .text._Z17Events_Initializev
                0x0800263c       0x10 C:\MicroFrameworkPK_v4_0\BuildOutput\THUMB2\GCC4.2\le\FLASH\debug\STM32F10x\lib\tmp_RegressionTest.lib(events_stubs.obj)
                0x0800263c                Events_Initialize()
 .text._Z10Events_Setj
                0x0800264c       0x14 C:\MicroFrameworkPK_v4_0\BuildOutput\THUMB2\GCC4.2\le\FLASH\debug\STM32F10x\lib\tmp_RegressionTest.lib(events_stubs.obj)
                0x0800264c                Events_Set(unsigned int)
 .text._Z20BackLight_Initializev
                0x08002660       0x10 C:\MicroFrameworkPK_v4_0\BuildOutput\THUMB2\GCC4.2\le\FLASH\debug\STM32F10x\lib\tmp_RegressionTest.lib(fastcompile_backlight_stubs.obj)
                0x08002660                BackLight_Initialize()
 .text._Z18Charger_Initializev
                0x08002670       0x10 C:\MicroFrameworkPK_v4_0\BuildOutput\THUMB2\GCC4.2\le\FLASH\debug\STM32F10x\lib\tmp_RegressionTest.lib(fastcompile_batterycharger_stubs.obj)
                0x08002670                Charger_Initialize()
 .text._Z18Battery_Initializev
                0x08002680       0x10 C:\MicroFrameworkPK_v4_0\BuildOutput\THUMB2\GCC4.2\le\FLASH\debug\STM32F10x\lib\tmp_RegressionTest.lib(fastcompile_BatteryMeasurement_stubs.obj)
                0x08002680                Battery_Initialize()
 .text._Z14LCD_Initializev
                0x08002690       0x10 C:\MicroFrameworkPK_v4_0\BuildOutput\THUMB2\GCC4.2\le\FLASH\debug\STM32F10x\lib\tmp_RegressionTest.lib(fastcompile_display_stubs.obj)
                0x08002690                LCD_Initialize()
 .text._Z9LCD_Clearv
                0x080026a0        0xc C:\MicroFrameworkPK_v4_0\BuildOutput\THUMB2\GCC4.2\le\FLASH\debug\STM32F10x\lib\tmp_RegressionTest.lib(fastcompile_display_stubs.obj)
                0x080026a0                LCD_Clear()
 .text._Z13FS_AddVolumesv
                0x080026ac        0xc C:\MicroFrameworkPK_v4_0\BuildOutput\THUMB2\GCC4.2\le\FLASH\debug\STM32F10x\lib\tmp_RegressionTest.lib(FS_config_stubs.obj)
                0x080026ac                FS_AddVolumes()
 .text._Z13FS_Initializev
                0x080026b8        0xc C:\MicroFrameworkPK_v4_0\BuildOutput\THUMB2\GCC4.2\le\FLASH\debug\STM32F10x\lib\tmp_RegressionTest.lib(fs_stubs.obj)
                0x080026b8                FS_Initialize()
 .text._ZN20FileSystemVolumeList10InitializeEv
                0x080026c4        0xc C:\MicroFrameworkPK_v4_0\BuildOutput\THUMB2\GCC4.2\le\FLASH\debug\STM32F10x\lib\tmp_RegressionTest.lib(fs_stubs.obj)
                0x080026c4                FileSystemVolumeList::Initialize()
 .text._ZN20FileSystemVolumeList17InitializeVolumesEv
                0x080026d0       0x10 C:\MicroFrameworkPK_v4_0\BuildOutput\THUMB2\GCC4.2\le\FLASH\debug\STM32F10x\lib\tmp_RegressionTest.lib(fs_stubs.obj)
                0x080026d0                FileSystemVolumeList::InitializeVolumes()
 .text._Z18Gesture_Initializev
                0x080026e0       0x10 C:\MicroFrameworkPK_v4_0\BuildOutput\THUMB2\GCC4.2\le\FLASH\debug\STM32F10x\lib\tmp_RegressionTest.lib(gesture_stubs.obj)
                0x080026e0                Gesture_Initialize()
 .text._ZN12SmartPtr_IRQC1EPv
                0x080026f0       0x18 C:\MicroFrameworkPK_v4_0\BuildOutput\THUMB2\GCC4.2\le\FLASH\debug\STM32F10x\lib\tmp_RegressionTest.lib(GlobalLock_stubs.obj)
                0x080026f0                SmartPtr_IRQ::SmartPtr_IRQ(void*)
 .text._ZN12SmartPtr_IRQD1Ev
                0x08002708       0x18 C:\MicroFrameworkPK_v4_0\BuildOutput\THUMB2\GCC4.2\le\FLASH\debug\STM32F10x\lib\tmp_RegressionTest.lib(GlobalLock_stubs.obj)
                0x08002708                SmartPtr_IRQ::~SmartPtr_IRQ()
 .text._ZN12SmartPtr_IRQ11WasDisabledEv
                0x08002720       0x18 C:\MicroFrameworkPK_v4_0\BuildOutput\THUMB2\GCC4.2\le\FLASH\debug\STM32F10x\lib\tmp_RegressionTest.lib(GlobalLock_stubs.obj)
                0x08002720                SmartPtr_IRQ::WasDisabled()
 .text._ZN12SmartPtr_IRQ7AcquireEv
                0x08002738       0x14 C:\MicroFrameworkPK_v4_0\BuildOutput\THUMB2\GCC4.2\le\FLASH\debug\STM32F10x\lib\tmp_RegressionTest.lib(GlobalLock_stubs.obj)
                0x08002738                SmartPtr_IRQ::Acquire()
 .text._ZN12SmartPtr_IRQ7ReleaseEv
                0x0800274c       0x14 C:\MicroFrameworkPK_v4_0\BuildOutput\THUMB2\GCC4.2\le\FLASH\debug\STM32F10x\lib\tmp_RegressionTest.lib(GlobalLock_stubs.obj)
                0x0800274c                SmartPtr_IRQ::Release()
 .text._ZN12SmartPtr_IRQ5ProbeEv
                0x08002760       0x14 C:\MicroFrameworkPK_v4_0\BuildOutput\THUMB2\GCC4.2\le\FLASH\debug\STM32F10x\lib\tmp_RegressionTest.lib(GlobalLock_stubs.obj)
                0x08002760                SmartPtr_IRQ::Probe()
 .text._ZN12SmartPtr_IRQ12ForceEnabledEPv
                0x08002774       0x18 C:\MicroFrameworkPK_v4_0\BuildOutput\THUMB2\GCC4.2\le\FLASH\debug\STM32F10x\lib\tmp_RegressionTest.lib(GlobalLock_stubs.obj)
                0x08002774                SmartPtr_IRQ::ForceEnabled(void*)
 .text._Z12HeapLocationRPhRj
                0x0800278c       0x24 C:\MicroFrameworkPK_v4_0\BuildOutput\THUMB2\GCC4.2\le\FLASH\debug\STM32F10x\lib\tmp_RegressionTest.lib(heap_stubs.obj)
                0x0800278c                HeapLocation(unsigned char*&, unsigned int&)
 .text._Z14I2C_Initializev
                0x080027b0       0x10 C:\MicroFrameworkPK_v4_0\BuildOutput\THUMB2\GCC4.2\le\FLASH\debug\STM32F10x\lib\tmp_RegressionTest.lib(i2c.obj)
                0x080027b0                I2C_Initialize()
 .text._ZN10I2C_Driver10InitializeEv
                0x080027c0       0x6c C:\MicroFrameworkPK_v4_0\BuildOutput\THUMB2\GCC4.2\le\FLASH\debug\STM32F10x\lib\tmp_RegressionTest.lib(i2c.obj)
                0x080027c0                I2C_Driver::Initialize()
 .text._ZN17HAL_DblLinkedListI16HAL_CONTINUATIONE10InitializeEv
                0x0800282c       0x30 C:\MicroFrameworkPK_v4_0\BuildOutput\THUMB2\GCC4.2\le\FLASH\debug\STM32F10x\lib\tmp_RegressionTest.lib(i2c.obj)
                0x0800282c                HAL_DblLinkedList<HAL_CONTINUATION>::Initialize()
 .text._ZNK17HAL_DblLinkedListI16HAL_CONTINUATIONE4TailEv
                0x0800285c       0x20 C:\MicroFrameworkPK_v4_0\BuildOutput\THUMB2\GCC4.2\le\FLASH\debug\STM32F10x\lib\tmp_RegressionTest.lib(i2c.obj)
                0x0800285c                HAL_DblLinkedList<HAL_CONTINUATION>::Tail() const
 .text._ZNK17HAL_DblLinkedListI16HAL_CONTINUATIONE4HeadEv
                0x0800287c       0x18 C:\MicroFrameworkPK_v4_0\BuildOutput\THUMB2\GCC4.2\le\FLASH\debug\STM32F10x\lib\tmp_RegressionTest.lib(i2c.obj)
                0x0800287c                HAL_DblLinkedList<HAL_CONTINUATION>::Head() const
 .text._Z14Ink_Initializev
                0x08002894       0x10 C:\MicroFrameworkPK_v4_0\BuildOutput\THUMB2\GCC4.2\le\FLASH\debug\STM32F10x\lib\tmp_RegressionTest.lib(ink_stubs.obj)
                0x08002894                Ink_Initialize()
 .text._Z11GPIO_GetPinj
                0x080028a4       0x24 C:\MicroFrameworkPK_v4_0\BuildOutput\THUMB2\GCC4.2\le\FLASH\debug\STM32F10x\lib\tmp_RegressionTest.lib(netmf_gpio.obj)
                0x080028a4                GPIO_GetPin(unsigned int)
 .text._Z12GPIO_GetPortj
                0x080028c8       0x1c C:\MicroFrameworkPK_v4_0\BuildOutput\THUMB2\GCC4.2\le\FLASH\debug\STM32F10x\lib\tmp_RegressionTest.lib(netmf_gpio.obj)
                0x080028c8                GPIO_GetPort(unsigned int)
 .text._Z15GPIO_GetPortPtrj
                0x080028e4       0x28 C:\MicroFrameworkPK_v4_0\BuildOutput\THUMB2\GCC4.2\le\FLASH\debug\STM32F10x\lib\tmp_RegressionTest.lib(netmf_gpio.obj)
                0x080028e4                GPIO_GetPortPtr(unsigned int)
 .text._Z19CPU_GPIO_Initializev
                0x0800290c       0x7c C:\MicroFrameworkPK_v4_0\BuildOutput\THUMB2\GCC4.2\le\FLASH\debug\STM32F10x\lib\tmp_RegressionTest.lib(netmf_gpio.obj)
                0x0800290c                CPU_GPIO_Initialize()
 .text._Z24CPU_GPIO_EnableOutputPinjj
                0x08002988       0x68 C:\MicroFrameworkPK_v4_0\BuildOutput\THUMB2\GCC4.2\le\FLASH\debug\STM32F10x\lib\tmp_RegressionTest.lib(netmf_gpio.obj)
                0x08002988                CPU_GPIO_EnableOutputPin(unsigned int, unsigned int)
 .text._Z20CPU_GPIO_SetPinStatejj
                0x080029f0       0x54 C:\MicroFrameworkPK_v4_0\BuildOutput\THUMB2\GCC4.2\le\FLASH\debug\STM32F10x\lib\tmp_RegressionTest.lib(netmf_gpio.obj)
                0x080029f0                CPU_GPIO_SetPinState(unsigned int, unsigned int)
 .text._Z18CPU_SPI_Initializev
                0x08002a44       0x2c C:\MicroFrameworkPK_v4_0\BuildOutput\THUMB2\GCC4.2\le\FLASH\debug\STM32F10x\lib\tmp_RegressionTest.lib(netmf_spi.obj)
                0x08002a44                CPU_SPI_Initialize()
 .text._Z10RCC_Configv
                0x08002a70       0x28 C:\MicroFrameworkPK_v4_0\BuildOutput\THUMB2\GCC4.2\le\FLASH\debug\STM32F10x\lib\tmp_RegressionTest.lib(netmf_spi.obj)
                0x08002a70                RCC_Config()
 .text._Z11NVIC_Configv
                0x08002a98        0xc C:\MicroFrameworkPK_v4_0\BuildOutput\THUMB2\GCC4.2\le\FLASH\debug\STM32F10x\lib\tmp_RegressionTest.lib(netmf_spi.obj)
                0x08002a98                NVIC_Config()
 .text._Z18CPU_TicksPerSecondv
                0x08002aa4       0x14 C:\MicroFrameworkPK_v4_0\BuildOutput\THUMB2\GCC4.2\le\FLASH\debug\STM32F10x\lib\tmp_RegressionTest.lib(netmf_time_functions.obj)
                0x08002aa4                CPU_TicksPerSecond()
 .text._Z23CPU_MicrosecondsToTicksj
                0x08002ab8       0x1c C:\MicroFrameworkPK_v4_0\BuildOutput\THUMB2\GCC4.2\le\FLASH\debug\STM32F10x\lib\tmp_RegressionTest.lib(netmf_time_functions.obj)
                0x08002ab8                CPU_MicrosecondsToTicks(unsigned int)
 .text._Z19HAL_Time_Initializev
                0x08002ad4       0x10 C:\MicroFrameworkPK_v4_0\BuildOutput\THUMB2\GCC4.2\le\FLASH\debug\STM32F10x\lib\tmp_RegressionTest.lib(netmf_time_functions.obj)
                0x08002ad4                HAL_Time_Initialize()
 .text.HAL_Time_CurrentTicks
                0x08002ae4       0x14 C:\MicroFrameworkPK_v4_0\BuildOutput\THUMB2\GCC4.2\le\FLASH\debug\STM32F10x\lib\tmp_RegressionTest.lib(netmf_time_functions.obj)
                0x08002ae4                HAL_Time_CurrentTicks
 .text._Z27HAL_Time_GetDriftParametersPiS_Px
                0x08002af8       0x34 C:\MicroFrameworkPK_v4_0\BuildOutput\THUMB2\GCC4.2\le\FLASH\debug\STM32F10x\lib\tmp_RegressionTest.lib(netmf_time_functions.obj)
                0x08002af8                HAL_Time_GetDriftParameters(int*, int*, long long*)
 .text._Z27HAL_Time_Sleep_MicroSecondsj
                0x08002b2c       0x18 C:\MicroFrameworkPK_v4_0\BuildOutput\THUMB2\GCC4.2\le\FLASH\debug\STM32F10x\lib\tmp_RegressionTest.lib(netmf_time_functions.obj)
                0x08002b2c                HAL_Time_Sleep_MicroSeconds(unsigned int)
 .text._Z44HAL_Time_Sleep_MicroSeconds_InterruptEnabledj
                0x08002b44       0x18 C:\MicroFrameworkPK_v4_0\BuildOutput\THUMB2\GCC4.2\le\FLASH\debug\STM32F10x\lib\tmp_RegressionTest.lib(netmf_time_functions.obj)
                0x08002b44                HAL_Time_Sleep_MicroSeconds_InterruptEnabled(unsigned int)
 .text._Z20CPU_USART_Initializeiiiiii
                0x08002b5c       0x68 C:\MicroFrameworkPK_v4_0\BuildOutput\THUMB2\GCC4.2\le\FLASH\debug\STM32F10x\lib\tmp_RegressionTest.lib(netmf_usart.obj)
                0x08002b5c                CPU_USART_Initialize(int, int, int, int, int, int)
 .text._Z23CPU_USART_TxBufferEmptyi
                0x08002bc4      0x110 C:\MicroFrameworkPK_v4_0\BuildOutput\THUMB2\GCC4.2\le\FLASH\debug\STM32F10x\lib\tmp_RegressionTest.lib(netmf_usart.obj)
                0x08002bc4                CPU_USART_TxBufferEmpty(int)
 .text._Z30CPU_USART_TxShiftRegisterEmptyi
                0x08002cd4      0x110 C:\MicroFrameworkPK_v4_0\BuildOutput\THUMB2\GCC4.2\le\FLASH\debug\STM32F10x\lib\tmp_RegressionTest.lib(netmf_usart.obj)
                0x08002cd4                CPU_USART_TxShiftRegisterEmpty(int)
 .text._Z29CPU_USART_WriteCharToTxBufferih
                0x08002de4       0xac C:\MicroFrameworkPK_v4_0\BuildOutput\THUMB2\GCC4.2\le\FLASH\debug\STM32F10x\lib\tmp_RegressionTest.lib(netmf_usart.obj)
                0x08002de4                CPU_USART_WriteCharToTxBuffer(int, unsigned char)
 .text._Z38CPU_USART_TxBufferEmptyInterruptEnableij
                0x08002e90       0x14 C:\MicroFrameworkPK_v4_0\BuildOutput\THUMB2\GCC4.2\le\FLASH\debug\STM32F10x\lib\tmp_RegressionTest.lib(netmf_usart.obj)
                0x08002e90                CPU_USART_TxBufferEmptyInterruptEnable(int, unsigned int)
 .text._Z37CPU_USART_TxBufferEmptyInterruptStatei
                0x08002ea4       0x18 C:\MicroFrameworkPK_v4_0\BuildOutput\THUMB2\GCC4.2\le\FLASH\debug\STM32F10x\lib\tmp_RegressionTest.lib(netmf_usart.obj)
                0x08002ea4                CPU_USART_TxBufferEmptyInterruptState(int)
 .text._Z33CPU_USART_TxHandshakeEnabledStatei
                0x08002ebc       0x18 C:\MicroFrameworkPK_v4_0\BuildOutput\THUMB2\GCC4.2\le\FLASH\debug\STM32F10x\lib\tmp_RegressionTest.lib(netmf_usart.obj)
                0x08002ebc                CPU_USART_TxHandshakeEnabledState(int)
 .text._Z21CPU_USART_ProtectPinsij
                0x08002ed4       0x14 C:\MicroFrameworkPK_v4_0\BuildOutput\THUMB2\GCC4.2\le\FLASH\debug\STM32F10x\lib\tmp_RegressionTest.lib(netmf_usart.obj)
                0x08002ed4                CPU_USART_ProtectPins(int, unsigned int)
 .text._Z19PalEvent_Initializev
                0x08002ee8       0x10 C:\MicroFrameworkPK_v4_0\BuildOutput\THUMB2\GCC4.2\le\FLASH\debug\STM32F10x\lib\tmp_RegressionTest.lib(palevent_stubs.obj)
                0x08002ee8                PalEvent_Initialize()
 .text._Z16Piezo_Initializev
                0x08002ef8        0xc C:\MicroFrameworkPK_v4_0\BuildOutput\THUMB2\GCC4.2\le\FLASH\debug\STM32F10x\lib\tmp_RegressionTest.lib(piezo_stubs.obj)
                0x08002ef8                Piezo_Initialize()
 .text._Z18CustomHeapLocationRPhRj
                0x08002f04       0x24 C:\MicroFrameworkPK_v4_0\BuildOutput\THUMB2\GCC4.2\le\FLASH\debug\STM32F10x\lib\tmp_RegressionTest.lib(SimpleHeap_config_stubs.obj)
                0x08002f04                CustomHeapLocation(unsigned char*&, unsigned int&)
 .text._Z21SimpleHeap_InitializePvj
                0x08002f28       0x14 C:\MicroFrameworkPK_v4_0\BuildOutput\THUMB2\GCC4.2\le\FLASH\debug\STM32F10x\lib\tmp_RegressionTest.lib(SimpleHeap_stubs.obj)
                0x08002f28                SimpleHeap_Initialize(void*, unsigned int)
 .text._Z18Network_Initializev
                0x08002f3c       0x10 C:\MicroFrameworkPK_v4_0\BuildOutput\THUMB2\GCC4.2\le\FLASH\debug\STM32F10x\lib\tmp_RegressionTest.lib(sockets_Stubs.obj)
                0x08002f3c                Network_Initialize()
 .text.STM_EVAL_LEDInit
                0x08002f4c       0x60 C:\MicroFrameworkPK_v4_0\BuildOutput\THUMB2\GCC4.2\le\FLASH\debug\STM32F10x\lib\tmp_RegressionTest.lib(stm3210e_eval.obj)
                0x08002f4c                STM_EVAL_LEDInit
 .text.STM_EVAL_COMInit
                0x08002fac      0x130 C:\MicroFrameworkPK_v4_0\BuildOutput\THUMB2\GCC4.2\le\FLASH\debug\STM32F10x\lib\tmp_RegressionTest.lib(stm3210e_eval.obj)
                0x08002fac                STM_EVAL_COMInit
 .text._Z19CPU_INTC_Initializev
                0x080030dc        0xc C:\MicroFrameworkPK_v4_0\BuildOutput\THUMB2\GCC4.2\le\FLASH\debug\STM32F10x\lib\tmp_RegressionTest.lib(STM32_nvic_functions.obj)
                0x080030dc                CPU_INTC_Initialize()
 .text._Z29CPU_INTC_InterruptEnableStatej
                0x080030e8       0x1c C:\MicroFrameworkPK_v4_0\BuildOutput\THUMB2\GCC4.2\le\FLASH\debug\STM32F10x\lib\tmp_RegressionTest.lib(STM32_nvic_functions.obj)
                0x080030e8                CPU_INTC_InterruptEnableState(unsigned int)
 .text.GPIO_Init
                0x08003104      0x1c0 C:\MicroFrameworkPK_v4_0\BuildOutput\THUMB2\GCC4.2\le\FLASH\debug\STM32F10x\lib\tmp_RegressionTest.lib(STM32F10x_gpio.obj)
                0x08003104                GPIO_Init
 .text.GPIO_StructInit
                0x080032c4       0x2c C:\MicroFrameworkPK_v4_0\BuildOutput\THUMB2\GCC4.2\le\FLASH\debug\STM32F10x\lib\tmp_RegressionTest.lib(STM32F10x_gpio.obj)
                0x080032c4                GPIO_StructInit
 .text.GPIO_WriteBit
                0x080032f0       0x30 C:\MicroFrameworkPK_v4_0\BuildOutput\THUMB2\GCC4.2\le\FLASH\debug\STM32F10x\lib\tmp_RegressionTest.lib(STM32F10x_gpio.obj)
                0x080032f0                GPIO_WriteBit
 .text.TIM_GetCounter
                0x08003320       0x1c C:\MicroFrameworkPK_v4_0\BuildOutput\THUMB2\GCC4.2\le\FLASH\debug\STM32F10x\lib\tmp_RegressionTest.lib(STM32F10x_tim.obj)
                0x08003320                TIM_GetCounter
 .text.TIM_GetFlagStatus
                0x0800333c       0x40 C:\MicroFrameworkPK_v4_0\BuildOutput\THUMB2\GCC4.2\le\FLASH\debug\STM32F10x\lib\tmp_RegressionTest.lib(STM32F10x_tim.obj)
                0x0800333c                TIM_GetFlagStatus
 .text.TIM_ClearFlag
                0x0800337c       0x24 C:\MicroFrameworkPK_v4_0\BuildOutput\THUMB2\GCC4.2\le\FLASH\debug\STM32F10x\lib\tmp_RegressionTest.lib(STM32F10x_tim.obj)
                0x0800337c                TIM_ClearFlag
 .text.USART_Init
                0x080033a0      0x1c8 C:\MicroFrameworkPK_v4_0\BuildOutput\THUMB2\GCC4.2\le\FLASH\debug\STM32F10x\lib\tmp_RegressionTest.lib(STM32F10x_usart.obj)
                0x080033a0                USART_Init
 .text.USART_Cmd
                0x08003568       0x4c C:\MicroFrameworkPK_v4_0\BuildOutput\THUMB2\GCC4.2\le\FLASH\debug\STM32F10x\lib\tmp_RegressionTest.lib(STM32F10x_usart.obj)
                0x08003568                USART_Cmd
 .text.USART_SendData
                0x080035b4       0x24 C:\MicroFrameworkPK_v4_0\BuildOutput\THUMB2\GCC4.2\le\FLASH\debug\STM32F10x\lib\tmp_RegressionTest.lib(STM32F10x_usart.obj)
                0x080035b4                USART_SendData
 .text.USART_GetFlagStatus
                0x080035d8       0x40 C:\MicroFrameworkPK_v4_0\BuildOutput\THUMB2\GCC4.2\le\FLASH\debug\STM32F10x\lib\tmp_RegressionTest.lib(STM32F10x_usart.obj)
                0x080035d8                USART_GetFlagStatus
 .text.LED_ORANGE_OFF
                0x08003618       0x18 C:\MicroFrameworkPK_v4_0\BuildOutput\THUMB2\GCC4.2\le\FLASH\debug\STM32F10x\lib\tmp_RegressionTest.lib(STM32F10x_usart.obj)
                0x08003618                LED_ORANGE_OFF
 .text._Z23I2C_Internal_Initializev
                0x08003630       0x10 C:\MicroFrameworkPK_v4_0\BuildOutput\THUMB2\GCC4.2\le\FLASH\debug\STM32F10x\lib\tmp_RegressionTest.lib(stubs_functions_I2C.obj)
                0x08003630                I2C_Internal_Initialize()
 .text._Z12HAL_AssertExv
                0x08003640        0xc C:\MicroFrameworkPK_v4_0\BuildOutput\THUMB2\GCC4.2\le\FLASH\debug\STM32F10x\lib\tmp_RegressionTest.lib(stubs_functions_power.obj)
                0x08003640                HAL_AssertEx()
 .text._Z14CPU_Initializev
                0x0800364c       0x10 C:\MicroFrameworkPK_v4_0\BuildOutput\THUMB2\GCC4.2\le\FLASH\debug\STM32F10x\lib\tmp_RegressionTest.lib(stubs_functions_power.obj)
                0x0800364c                CPU_Initialize()
 .text._Z8CPU_Haltv
                0x0800365c        0xc C:\MicroFrameworkPK_v4_0\BuildOutput\THUMB2\GCC4.2\le\FLASH\debug\STM32F10x\lib\tmp_RegressionTest.lib(stubs_functions_power.obj)
                0x0800365c                CPU_Halt()
 .text._Z16CPU_USB_GetStatei
                0x08003668       0x18 C:\MicroFrameworkPK_v4_0\BuildOutput\THUMB2\GCC4.2\le\FLASH\debug\STM32F10x\lib\tmp_RegressionTest.lib(stubs_functions_USB.obj)
                0x08003668                CPU_USB_GetState(int)
 .text._Z18CPU_USB_Initializei
                0x08003680       0x18 C:\MicroFrameworkPK_v4_0\BuildOutput\THUMB2\GCC4.2\le\FLASH\debug\STM32F10x\lib\tmp_RegressionTest.lib(stubs_functions_USB.obj)
                0x08003680                CPU_USB_Initialize(int)
 .text._Z19CPU_USB_ProtectPinsij
                0x08003698       0x1c C:\MicroFrameworkPK_v4_0\BuildOutput\THUMB2\GCC4.2\le\FLASH\debug\STM32F10x\lib\tmp_RegressionTest.lib(stubs_functions_USB.obj)
                0x08003698                CPU_USB_ProtectPins(int, unsigned int)
 .text._Z16Watchdog_Disablev
                0x080036b4        0xc C:\MicroFrameworkPK_v4_0\BuildOutput\THUMB2\GCC4.2\le\FLASH\debug\STM32F10x\lib\tmp_RegressionTest.lib(stubs_functions_WATCHDOG.obj)
                0x080036b4                Watchdog_Disable()
 .text._Z15Time_Initializev
                0x080036c0       0x18 C:\MicroFrameworkPK_v4_0\BuildOutput\THUMB2\GCC4.2\le\FLASH\debug\STM32F10x\lib\tmp_RegressionTest.lib(Time_functions.obj)
                0x080036c0                Time_Initialize()
 .text._Z22TimeService_Initializev
                0x080036d8       0x10 C:\MicroFrameworkPK_v4_0\BuildOutput\THUMB2\GCC4.2\le\FLASH\debug\STM32F10x\lib\tmp_RegressionTest.lib(TimeService_stubs.obj)
                0x080036d8                TimeService_Initialize()
 .text._ZN21USB_DESCRIPTOR_HEADER4nextEPKS_
                0x080036e8       0x30 C:\MicroFrameworkPK_v4_0\BuildOutput\THUMB2\GCC4.2\le\FLASH\debug\STM32F10x\lib\tmp_RegressionTest.lib(usb.obj)
                0x080036e8                USB_DESCRIPTOR_HEADER::next(USB_DESCRIPTOR_HEADER const*)
 .text._ZN4._6713GetDriverNameEv
                0x08003718       0x14 C:\MicroFrameworkPK_v4_0\BuildOutput\THUMB2\GCC4.2\le\FLASH\debug\STM32F10x\lib\tmp_RegressionTest.lib(usb.obj)
 .text._Z14USB_Initializei
                0x0800372c       0x1c C:\MicroFrameworkPK_v4_0\BuildOutput\THUMB2\GCC4.2\le\FLASH\debug\STM32F10x\lib\tmp_RegressionTest.lib(usb.obj)
                0x0800372c                USB_Initialize(int)
 .text._Z13USB_ConfigureiPK25USB_DYNAMIC_CONFIGURATION
                0x08003748       0x20 C:\MicroFrameworkPK_v4_0\BuildOutput\THUMB2\GCC4.2\le\FLASH\debug\STM32F10x\lib\tmp_RegressionTest.lib(usb.obj)
                0x08003748                USB_Configure(int, USB_DYNAMIC_CONFIGURATION const*)
 .text._Z14USB_OpenStreamiii
                0x08003768       0x24 C:\MicroFrameworkPK_v4_0\BuildOutput\THUMB2\GCC4.2\le\FLASH\debug\STM32F10x\lib\tmp_RegressionTest.lib(usb.obj)
                0x08003768                USB_OpenStream(int, int, int)
 .text._ZN10USB_Driver10InitializeEi
                0x0800378c      0x228 C:\MicroFrameworkPK_v4_0\BuildOutput\THUMB2\GCC4.2\le\FLASH\debug\STM32F10x\lib\tmp_RegressionTest.lib(usb.obj)
                0x0800378c                USB_Driver::Initialize(int)
 .text._ZN10USB_Driver9ConfigureEiPK25USB_DYNAMIC_CONFIGURATION
                0x080039b4      0x12c C:\MicroFrameworkPK_v4_0\BuildOutput\THUMB2\GCC4.2\le\FLASH\debug\STM32F10x\lib\tmp_RegressionTest.lib(usb.obj)
                0x080039b4                USB_Driver::Configure(int, USB_DYNAMIC_CONFIGURATION const*)
 .text._ZN10USB_Driver10OpenStreamEiii
                0x08003ae0      0x1e4 C:\MicroFrameworkPK_v4_0\BuildOutput\THUMB2\GCC4.2\le\FLASH\debug\STM32F10x\lib\tmp_RegressionTest.lib(usb.obj)
                0x08003ae0                USB_Driver::OpenStream(int, int, int)
 .text._Z14USB_FindRecordP20USB_CONTROLLER_STATEhP16USB_SETUP_PACKET
                0x08003cc4      0x15c C:\MicroFrameworkPK_v4_0\BuildOutput\THUMB2\GCC4.2\le\FLASH\debug\STM32F10x\lib\tmp_RegressionTest.lib(usb.obj)
                0x08003cc4                USB_FindRecord(USB_CONTROLLER_STATE*, unsigned char, USB_SETUP_PACKET*)
 .text._Z21UsbConfigurationCheckPK25USB_DYNAMIC_CONFIGURATION
                0x08003e20      0x498 C:\MicroFrameworkPK_v4_0\BuildOutput\THUMB2\GCC4.2\le\FLASH\debug\STM32F10x\lib\tmp_RegressionTest.lib(usb.obj)
                0x08003e20                UsbConfigurationCheck(USB_DYNAMIC_CONFIGURATION const*)
 .text._ZN16HAL_CONFIG_BLOCK19UpdateBlockWithNameEPKcPvjj
                0x080042b8       0x20 C:\MicroFrameworkPK_v4_0\BuildOutput\THUMB2\GCC4.2\le\FLASH\debug\STM32F10x\lib\tmp_RegressionTest.lib(ConfigHelper_stubs.obj)
                0x080042b8                HAL_CONFIG_BLOCK::UpdateBlockWithName(char const*, void*, unsigned int, unsigned int)
 .text._ZN16HAL_CONFIG_BLOCK11ApplyConfigEPKcPvj
                0x080042d8       0x1c C:\MicroFrameworkPK_v4_0\BuildOutput\THUMB2\GCC4.2\le\FLASH\debug\STM32F10x\lib\tmp_RegressionTest.lib(ConfigHelper_stubs.obj)
                0x080042d8                HAL_CONFIG_BLOCK::ApplyConfig(char const*, void*, unsigned int)
 .text.NVIC_PriorityGroupConfig
                0x080042f4       0x28 C:\MicroFrameworkPK_v4_0\BuildOutput\THUMB2\GCC4.2\le\FLASH\debug\STM32F10x\lib\tmp_RegressionTest.lib(misc.obj)
                0x080042f4                NVIC_PriorityGroupConfig
 .text.NVIC_Init
                0x0800431c       0xec C:\MicroFrameworkPK_v4_0\BuildOutput\THUMB2\GCC4.2\le\FLASH\debug\STM32F10x\lib\tmp_RegressionTest.lib(misc.obj)
                0x0800431c                NVIC_Init
 .text._ZN12Timer_Driver10GetCounterEj
                0x08004408       0x58 C:\MicroFrameworkPK_v4_0\BuildOutput\THUMB2\GCC4.2\le\FLASH\debug\STM32F10x\lib\tmp_RegressionTest.lib(netmf_time.obj)
                0x08004408                Timer_Driver::GetCounter(unsigned int)
 .text._ZN12Timer_Driver15DidTimeOverFlowEj
                0x08004460       0x64 C:\MicroFrameworkPK_v4_0\BuildOutput\THUMB2\GCC4.2\le\FLASH\debug\STM32F10x\lib\tmp_RegressionTest.lib(netmf_time.obj)
                0x08004460                Timer_Driver::DidTimeOverFlow(unsigned int)
 .text._ZN12Timer_Driver17ClearTimeOverFlowEj
                0x080044c4       0x58 C:\MicroFrameworkPK_v4_0\BuildOutput\THUMB2\GCC4.2\le\FLASH\debug\STM32F10x\lib\tmp_RegressionTest.lib(netmf_time.obj)
                0x080044c4                Timer_Driver::ClearTimeOverFlow(unsigned int)
 .text._ZN11Time_Driver12CounterValueEv
                0x0800451c       0xc4 C:\MicroFrameworkPK_v4_0\BuildOutput\THUMB2\GCC4.2\le\FLASH\debug\STM32F10x\lib\tmp_RegressionTest.lib(netmf_time.obj)
                0x0800451c                Time_Driver::CounterValue()
 .text._ZN11Time_Driver10Sleep_uSecEj
                0x080045e0       0x28 C:\MicroFrameworkPK_v4_0\BuildOutput\THUMB2\GCC4.2\le\FLASH\debug\STM32F10x\lib\tmp_RegressionTest.lib(netmf_time.obj)
                0x080045e0                Time_Driver::Sleep_uSec(unsigned int)
 .text._ZN11Time_Driver15Sleep_uSec_LoopEj
                0x08004608       0x14 C:\MicroFrameworkPK_v4_0\BuildOutput\THUMB2\GCC4.2\le\FLASH\debug\STM32F10x\lib\tmp_RegressionTest.lib(netmf_time.obj)
                0x08004608                Time_Driver::Sleep_uSec_Loop(unsigned int)
 .text._ZN12HAL_CALLBACK10InitializeEPFvPvES0_
                0x0800461c       0x24 C:\MicroFrameworkPK_v4_0\BuildOutput\THUMB2\GCC4.2\le\FLASH\debug\STM32F10x\lib\tmp_RegressionTest.lib(STM32__AITC.obj)
                0x0800461c                HAL_CALLBACK::Initialize(void (*)(void*), void*)
 .text._ZNK12HAL_CALLBACK7ExecuteEv
                0x08004640       0x28 C:\MicroFrameworkPK_v4_0\BuildOutput\THUMB2\GCC4.2\le\FLASH\debug\STM32F10x\lib\tmp_RegressionTest.lib(STM32__AITC.obj)
                0x08004640                HAL_CALLBACK::Execute() const
 .text._ZN10STM32_AITC18IsInterruptEnabledEj
                0x08004668       0x34 C:\MicroFrameworkPK_v4_0\BuildOutput\THUMB2\GCC4.2\le\FLASH\debug\STM32F10x\lib\tmp_RegressionTest.lib(STM32__AITC.obj)
                0x08004668                STM32_AITC::IsInterruptEnabled(unsigned int)
 .text._ZN10STM32_AITC11SetPriorityEjj
                0x0800469c       0x44 C:\MicroFrameworkPK_v4_0\BuildOutput\THUMB2\GCC4.2\le\FLASH\debug\STM32F10x\lib\tmp_RegressionTest.lib(STM32__AITC.obj)
                0x0800469c                STM32_AITC::SetPriority(unsigned int, unsigned int)
 .text._ZN10STM32_AITC21RemoveForcedInterruptEj
                0x080046e0       0x14 C:\MicroFrameworkPK_v4_0\BuildOutput\THUMB2\GCC4.2\le\FLASH\debug\STM32F10x\lib\tmp_RegressionTest.lib(STM32__AITC.obj)
                0x080046e0                STM32_AITC::RemoveForcedInterrupt(unsigned int)
 .text._ZN5STM324AITCEv
                0x080046f4       0x14 C:\MicroFrameworkPK_v4_0\BuildOutput\THUMB2\GCC4.2\le\FLASH\debug\STM32F10x\lib\tmp_RegressionTest.lib(STM32__AITC.obj)
                0x080046f4                STM32::AITC()
 .text._ZN17STM32_AITC_Driver10InitializeEv
                0x08004708       0xc4 C:\MicroFrameworkPK_v4_0\BuildOutput\THUMB2\GCC4.2\le\FLASH\debug\STM32F10x\lib\tmp_RegressionTest.lib(STM32__AITC.obj)
                0x08004708                STM32_AITC_Driver::Initialize()
 .text.PVD_IRQHandler
                0x080047cc       0x64 C:\MicroFrameworkPK_v4_0\BuildOutput\THUMB2\GCC4.2\le\FLASH\debug\STM32F10x\lib\tmp_RegressionTest.lib(STM32__AITC.obj)
                0x080047cc                PVD_IRQHandler
 .text.TAMPER_IRQHandler
                0x08004830       0x58 C:\MicroFrameworkPK_v4_0\BuildOutput\THUMB2\GCC4.2\le\FLASH\debug\STM32F10x\lib\tmp_RegressionTest.lib(STM32__AITC.obj)
                0x08004830                TAMPER_IRQHandler
 .text.RTC_IRQHandler
                0x08004888       0x58 C:\MicroFrameworkPK_v4_0\BuildOutput\THUMB2\GCC4.2\le\FLASH\debug\STM32F10x\lib\tmp_RegressionTest.lib(STM32__AITC.obj)
                0x08004888                RTC_IRQHandler
 .text.EXTI0_IRQHandler
                0x080048e0       0x58 C:\MicroFrameworkPK_v4_0\BuildOutput\THUMB2\GCC4.2\le\FLASH\debug\STM32F10x\lib\tmp_RegressionTest.lib(STM32__AITC.obj)
                0x080048e0                EXTI0_IRQHandler
 .text.TIM2_IRQHandler
                0x08004938       0x58 C:\MicroFrameworkPK_v4_0\BuildOutput\THUMB2\GCC4.2\le\FLASH\debug\STM32F10x\lib\tmp_RegressionTest.lib(STM32__AITC.obj)
                0x08004938                TIM2_IRQHandler
 .text._ZN17STM32_AITC_Driver20InterruptEnableStateEj
                0x08004990       0x24 C:\MicroFrameworkPK_v4_0\BuildOutput\THUMB2\GCC4.2\le\FLASH\debug\STM32F10x\lib\tmp_RegressionTest.lib(STM32__AITC.obj)
                0x08004990                STM32_AITC_Driver::InterruptEnableState(unsigned int)
 .text._ZN17STM32_AITC_Driver14STUB_ISRVectorEPv
                0x080049b4       0x30 C:\MicroFrameworkPK_v4_0\BuildOutput\THUMB2\GCC4.2\le\FLASH\debug\STM32F10x\lib\tmp_RegressionTest.lib(STM32__AITC.obj)
                0x080049b4                STM32_AITC_Driver::STUB_ISRVector(void*)
 *fill*         0x080049e4        0x4 00
 .text._ZN10TimeDriver10InitializeEv
                0x080049e8       0xa0 C:\MicroFrameworkPK_v4_0\BuildOutput\THUMB2\GCC4.2\le\FLASH\debug\STM32F10x\lib\tmp_RegressionTest.lib(Time_driver.obj)
                0x080049e8                TimeDriver::Initialize()
 .text.HARD_Breakpoint
                0x08004a88        0x4 C:\MicroFrameworkPK_v4_0\BuildOutput\THUMB2\GCC4.2\le\FLASH\debug\STM32F10x\lib\tmp_RegressionTest.lib(VectorsHandlers.obj)
                0x08004a88                HARD_Breakpoint
 .text._Z20monitor_debug_printfPKcz
                0x08004a8c       0x5c C:\MicroFrameworkPK_v4_0\BuildOutput\THUMB2\GCC4.2\le\FLASH\debug\STM32F10x\lib\tmp_RegressionTest.lib(Aborts.obj)
                0x08004a8c                monitor_debug_printf(char const*, ...)
 .text._Z12RegisterDumpv
                0x08004ae8        0xc C:\MicroFrameworkPK_v4_0\BuildOutput\THUMB2\GCC4.2\le\FLASH\debug\STM32F10x\lib\tmp_RegressionTest.lib(Aborts.obj)
                0x08004ae8                RegisterDump()
 .text._Z20ABORT_HandlerDisplayPjjjjPKcj
                0x08004af4      0x404 C:\MicroFrameworkPK_v4_0\BuildOutput\THUMB2\GCC4.2\le\FLASH\debug\STM32F10x\lib\tmp_RegressionTest.lib(Aborts.obj)
                0x08004af4                ABORT_HandlerDisplay(unsigned int*, unsigned int, unsigned int, unsigned int, char const*, unsigned int)
 .text.HARD_Breakpoint_Handler
                0x08004ef8       0x80 C:\MicroFrameworkPK_v4_0\BuildOutput\THUMB2\GCC4.2\le\FLASH\debug\STM32F10x\lib\tmp_RegressionTest.lib(Aborts.obj)
                0x08004ef8                HARD_Breakpoint_Handler
 *(.rodata)
 .rodata        0x08004f78       0x30 C:\MicroFrameworkPK_v4_0\BuildOutput\THUMB2\GCC4.2\le\FLASH\debug\STM32F10x\lib\tmp_RegressionTest.lib(timers.obj)
 .rodata        0x08004fa8       0x90 C:\MicroFrameworkPK_v4_0\BuildOutput\THUMB2\GCC4.2\le\FLASH\debug\STM32F10x\lib\tmp_RegressionTest.lib(tinyhal.obj)
 .rodata        0x08005038        0xc C:\MicroFrameworkPK_v4_0\BuildOutput\THUMB2\GCC4.2\le\FLASH\debug\STM32F10x\lib\tmp_RegressionTest.lib(OEM_Model_SKU_NetworkID.obj)
                0x08005038                HalName
 .rodata        0x08005044       0xa8 C:\MicroFrameworkPK_v4_0\BuildOutput\THUMB2\GCC4.2\le\FLASH\debug\STM32F10x\lib\tmp_RegressionTest.lib(stm3210e_eval.obj)
                0x08005044                GPIO_PIN
                0x0800504c                GPIO_CLK
                0x0800505c                BUTTON_PIN
                0x0800506c                BUTTON_CLK
                0x0800508c                BUTTON_EXTI_LINE
                0x0800509c                BUTTON_PORT_SOURCE
                0x080050ac                BUTTON_PIN_SOURCE
                0x080050bc                BUTTON_IRQn
                0x080050cc                COM_USART_CLK
                0x080050d4                COM_TX_PORT_CLK
                0x080050dc                COM_RX_PORT_CLK
                0x080050e4                COM_TX_PIN
                0x080050e8                COM_RX_PIN
 .rodata        0x080050ec       0xbc C:\MicroFrameworkPK_v4_0\BuildOutput\THUMB2\GCC4.2\le\FLASH\debug\STM32F10x\lib\tmp_RegressionTest.lib(usb.obj)
 .rodata        0x080051a8      0x178 C:\MicroFrameworkPK_v4_0\BuildOutput\THUMB2\GCC4.2\le\FLASH\debug\STM32F10x\lib\tmp_RegressionTest.lib(usb_config_stub.obj)
                0x080051a8                UsbDefaultConfiguration
 .rodata        0x08005320       0x3c C:\MicroFrameworkPK_v4_0\BuildOutput\THUMB2\GCC4.2\le\FLASH\debug\STM32F10x\lib\tmp_RegressionTest.lib(STM32__AITC.obj)
 .rodata        0x0800535c       0xdc C:\MicroFrameworkPK_v4_0\BuildOutput\THUMB2\GCC4.2\le\FLASH\debug\STM32F10x\lib\tmp_RegressionTest.lib(Aborts.obj)
 .rodata        0x08005438        0x4 c:\CodeSourcery\arm-none-eabi\lib\thumb\libc.a(lib_a-impure.o)
                0x08005438                _global_impure_ptr
 *(.rodata*)
 .rodata.str1.4
                0x0800543c        0x4 c:\CodeSourcery\arm-none-eabi\lib\thumb\libc.a(lib_a-impure.o)
 *(.glue_7)
 .glue_7        0x00000000        0x0 linker stubs
 *(.glue_7t)
 .glue_7t       0x00000000        0x0 linker stubs
 *(.eh_frame)
 *(.init)
 *(.fini)
                0x08005440                . = ALIGN (0x4)
                0x08005440                _etext = .

.vfp11_veneer   0x08005440        0x0
 .vfp11_veneer  0x00000000        0x0 linker stubs

.v4_bx          0x08005440        0x0
 .v4_bx         0x00000000        0x0 linker stubs

.ARM.extab
 *(.ARM.extab* .gnu.linkonce.armextab.*)

.ARM            0x08005440        0x0
                0x08005440                __exidx_start = .
 *(.ARM.exidx*)
                0x08005440                __exidx_end = .

.preinit_array  0x08005440        0x0
                0x08005440                PROVIDE (__preinit_array_start, .)
 *(.preinit_array*)
                0x08005440                PROVIDE (__preinit_array_end, .)

.init_array     0x08005440        0x4
                0x08005440                PROVIDE (__init_array_start, .)
 *(SORT(.init_array.*))
 .init_array.00000
                0x08005440        0x4 c:\CodeSourcery\arm-none-eabi\lib\thumb\libc.a(lib_a-__call_atexit.o)
 *(.init_array*)
                0x08005444                PROVIDE (__init_array_end, .)

.fini_array     0x08005444        0x0
                0x08005444                PROVIDE (__fini_array_start, .)
 *(.fini_array*)
 *(SORT(.fini_array.*))
                0x08005444                PROVIDE (__fini_array_end, .)
                0x08005444                _sidata = .

.data           0x20000000      0x4c8 load address 0x08005444
                0x20000000                . = ALIGN (0x4)
                0x20000000                _sdata = .
 *(.data)
 .data          0x20000000       0x14 C:\MicroFrameworkPK_v4_0\BuildOutput\THUMB2\GCC4.2\le\FLASH\debug\STM32F10x\lib\tmp_RegressionTest.lib(STM32F10x_rcc.obj)
 .data          0x20000014       0x1c C:\MicroFrameworkPK_v4_0\BuildOutput\THUMB2\GCC4.2\le\FLASH\debug\STM32F10x\lib\tmp_RegressionTest.lib(netmf_gpio.obj)
                0x20000014                GPIO_PORT_ARRAY
 .data          0x20000030       0x20 C:\MicroFrameworkPK_v4_0\BuildOutput\THUMB2\GCC4.2\le\FLASH\debug\STM32F10x\lib\tmp_RegressionTest.lib(OEM_Model_SKU_NetworkID.obj)
                0x20000030                HalSystemConfig
 .data          0x20000050       0x48 C:\MicroFrameworkPK_v4_0\BuildOutput\THUMB2\GCC4.2\le\FLASH\debug\STM32F10x\lib\tmp_RegressionTest.lib(stm3210e_eval.obj)
                0x20000050                GPIO_PORT
                0x20000060                BUTTON_PORT
                0x20000080                COM_USART
                0x20000088                COM_TX_PORT
                0x20000090                COM_RX_PORT
 .data          0x20000098      0x430 c:\CodeSourcery\arm-none-eabi\lib\thumb\libc.a(lib_a-impure.o)
                0x20000098                _impure_ptr
 *(.data*)
                0x200004c8                . = ALIGN (0x4)
                0x200004c8                _edata = .

rwdata          0x200004c8      0x2c4 load address 0x0800590c
                0x200004c8                . = ALIGN (0x4)
                0x200004c8                PROVIDE (__start_rwdata, ABSOLUTE (.))
 rwdata         0x200004c8      0x2c4 C:\MicroFrameworkPK_v4_0\BuildOutput\THUMB2\GCC4.2\le\FLASH\debug\STM32F10x\lib\tmp_RegressionTest.lib(STM32__AITC.obj)
                0x200004c8                STM32_AITC_Driver::s_IsrTable
                0x2000078c                PROVIDE (__stop_rwdata, .)
                0x2000078c                . = ALIGN (0x4)

.bss            0x20000790      0xd5c load address 0x08005bd4
                0x20000790                _sbss = .
                0x20000790                __bss_start__ = _sbss
 *(.bss)
 .bss           0x20000790        0xc C:\MicroFrameworkPK_v4_0\BuildOutput\THUMB2\GCC4.2\le\FLASH\debug\STM32F10x\lib\tmp_RegressionTest.lib(STM32F10x_bootstrap.obj)
                0x20000798                HSEStartUpStatus
 .bss           0x2000079c       0x24 C:\MicroFrameworkPK_v4_0\BuildOutput\THUMB2\GCC4.2\le\FLASH\debug\STM32F10x\lib\tmp_RegressionTest.lib(timers.obj)
                0x200007a4                testCount
                0x200007a8                g_testMathInstance
 .bss           0x200007c0       0x2c C:\MicroFrameworkPK_v4_0\BuildOutput\THUMB2\GCC4.2\le\FLASH\debug\STM32F10x\lib\tmp_RegressionTest.lib(tinyhal.obj)
                0x200007c8                LOAD_IMAGE_Start
                0x200007cc                LOAD_IMAGE_Length
                0x200007d0                LOAD_IMAGE_CalcCRC
                0x200007d8                SystemStates
 *fill*         0x200007ec        0x4 00
 .bss           0x200007f0      0x8b8 C:\MicroFrameworkPK_v4_0\BuildOutput\THUMB2\GCC4.2\le\FLASH\debug\STM32F10x\lib\tmp_RegressionTest.lib(usart.obj)
                0x200007f8                TxBuffer_Com
                0x20000bf8                RxBuffer_Com
                0x20000ff8                Hal_Usart_State
 .bss           0x200010a8       0x18 C:\MicroFrameworkPK_v4_0\BuildOutput\THUMB2\GCC4.2\le\FLASH\debug\STM32F10x\lib\tmp_RegressionTest.lib(i2c.obj)
                0x200010b0                g_I2C_Driver
 .bss           0x200010c0      0x1d8 C:\MicroFrameworkPK_v4_0\BuildOutput\THUMB2\GCC4.2\le\FLASH\debug\STM32F10x\lib\tmp_RegressionTest.lib(netmf_gpio.obj)
                0x200010c8                GPIO_Instances
                0x20001288                GPIO_Reserve
 .bss           0x20001298       0x24 C:\MicroFrameworkPK_v4_0\BuildOutput\THUMB2\GCC4.2\le\FLASH\debug\STM32F10x\lib\tmp_RegressionTest.lib(netmf_spi.obj)
                0x200012a0                SPI_InitStructure
                0x200012b4                SPI_mod
                0x200012b8                SPI_Initialized
 .bss           0x200012bc       0xd0 C:\MicroFrameworkPK_v4_0\BuildOutput\THUMB2\GCC4.2\le\FLASH\debug\STM32F10x\lib\tmp_RegressionTest.lib(usb.obj)
                0x200012c4                wInterrupt_Mask
                0x200012c6                wIstr
                0x200012c8                bIntPackSOF
                0x200012cc                Max_Lun
                0x200012d0                bDeviceState
                0x200012d4                ResumeS
                0x200012d8                pInformation
                0x200012dc                pProperty
                0x200012e0                Device_Info
                0x200012fc                pUser_Standard_Requests
                0x20001300                FriendlyNameString
                0x20001384                RequestPacket
 *fill*         0x2000138c        0x4 00
 .bss           0x20001390       0x18 C:\MicroFrameworkPK_v4_0\BuildOutput\THUMB2\GCC4.2\le\FLASH\debug\STM32F10x\lib\tmp_RegressionTest.lib(netmf_time.obj)
                0x20001398                g_Time_Driver
 .bss           0x200013a8      0x138 C:\MicroFrameworkPK_v4_0\BuildOutput\THUMB2\GCC4.2\le\FLASH\debug\STM32F10x\lib\tmp_RegressionTest.lib(Time_driver.obj)
                0x200013b0                g_TimeDriver
                0x200013d8                TimeDriver::m_initialized
 .bss           0x200014e0        0xc C:\MicroFrameworkPK_v4_0\BuildOutput\THUMB2\GCC4.2\le\FLASH\debug\STM32F10x\lib\tmp_RegressionTest.lib(Aborts.obj)
                0x200014e8                ABORT_recursion_counter
 *(.bss*)
 *(COMMON)
                0x200014ec                . = ALIGN (0x4)
                0x200014ec                _ebss = .
                0x200014ec                __bss_end__ = _ebss
                0x200014ec                PROVIDE (end, _ebss)
                0x200014ec                PROVIDE (_end, _ebss)

._user_heap_stack
                0x200014ec      0x200 load address 0x08006930
                0x200014ec                . = ALIGN (0x4)
                0x200014ec                . = (. + _Min_Heap_Size)
                0x200016ec                . = (. + _Min_Stack_Size)
 *fill*         0x200014ec      0x200 00
                0x200016ec                . = ALIGN (0x4)

.memory_b1_text
 *(.mb1text)
 *(.mb1text*)
 *(.mb1rodata)
 *(.mb1rodata*)

.ARM.attributes
                0x00000000       0x31
 *(.ARM.attributes)
 .ARM.attributes
                0x00000000       0x31 C:\MicroFrameworkPK_v4_0\BuildOutput\THUMB2\GCC4.2\le\FLASH\debug\STM32F10x\obj\Solutions\STM32F10x\RegressionTest\RegressionTest.obj
 .ARM.attributes
                0x00000031       0x31 C:\MicroFrameworkPK_v4_0\BuildOutput\THUMB2\GCC4.2\le\FLASH\debug\STM32F10x\obj\Solutions\STM32F10x\RegressionTest\test.obj
 .ARM.attributes
                0x00000062       0x31 C:\MicroFrameworkPK_v4_0\BuildOutput\THUMB2\GCC4.2\le\FLASH\debug\STM32F10x\obj\Solutions\STM32F10x\RegressionTest\signalr.obj
 .ARM.attributes
                0x00000093       0x31 C:\MicroFrameworkPK_v4_0\BuildOutput\THUMB2\GCC4.2\le\FLASH\debug\STM32F10x\obj\Solutions\STM32F10x\RegressionTest\syscalls.obj
 .ARM.attributes
                0x000000c4       0x31 C:\MicroFrameworkPK_v4_0\BuildOutput\THUMB2\GCC4.2\le\FLASH\debug\STM32F10x\lib\tmp_RegressionTest.lib(STM32F10x_bootstrap.obj)
 .ARM.attributes
                0x000000f5       0x31 C:\MicroFrameworkPK_v4_0\BuildOutput\THUMB2\GCC4.2\le\FLASH\debug\STM32F10x\lib\tmp_RegressionTest.lib(STM32F10x_flash.obj)
 .ARM.attributes
                0x00000126       0x31 C:\MicroFrameworkPK_v4_0\BuildOutput\THUMB2\GCC4.2\le\FLASH\debug\STM32F10x\lib\tmp_RegressionTest.lib(STM32F10x_led.obj)
 .ARM.attributes
                0x00000157       0x31 C:\MicroFrameworkPK_v4_0\BuildOutput\THUMB2\GCC4.2\le\FLASH\debug\STM32F10x\lib\tmp_RegressionTest.lib(STM32F10x_rcc.obj)
 .ARM.attributes
                0x00000188       0x31 C:\MicroFrameworkPK_v4_0\BuildOutput\THUMB2\GCC4.2\le\FLASH\debug\STM32F10x\lib\tmp_RegressionTest.lib(timers.obj)
 .ARM.attributes
                0x000001b9       0x31 C:\MicroFrameworkPK_v4_0\BuildOutput\THUMB2\GCC4.2\le\FLASH\debug\STM32F10x\lib\tmp_RegressionTest.lib(TimerTest.obj)
 .ARM.attributes
                0x000001ea       0x31 C:\MicroFrameworkPK_v4_0\BuildOutput\THUMB2\GCC4.2\le\FLASH\debug\STM32F10x\lib\tmp_RegressionTest.lib(tinycrt_stubs.obj)
 .ARM.attributes
                0x0000021b       0x31 C:\MicroFrameworkPK_v4_0\BuildOutput\THUMB2\GCC4.2\le\FLASH\debug\STM32F10x\lib\tmp_RegressionTest.lib(tinyhal.obj)
 .ARM.attributes
                0x0000024c       0x31 C:\MicroFrameworkPK_v4_0\BuildOutput\THUMB2\GCC4.2\le\FLASH\debug\STM32F10x\lib\tmp_RegressionTest.lib(usart.obj)
 .ARM.attributes
                0x0000027d       0x21 C:\MicroFrameworkPK_v4_0\BuildOutput\THUMB2\GCC4.2\le\FLASH\debug\STM32F10x\lib\tmp_RegressionTest.lib(VectorsTrampolines.obj)
 .ARM.attributes
                0x0000029e       0x31 C:\MicroFrameworkPK_v4_0\BuildOutput\THUMB2\GCC4.2\le\FLASH\debug\STM32F10x\lib\tmp_RegressionTest.lib(Watchdog_stubs.obj)
 .ARM.attributes
                0x000002cf       0x31 C:\MicroFrameworkPK_v4_0\BuildOutput\THUMB2\GCC4.2\le\FLASH\debug\STM32F10x\lib\tmp_RegressionTest.lib(Async_stubs.obj)
 .ARM.attributes
                0x00000300       0x31 C:\MicroFrameworkPK_v4_0\BuildOutput\THUMB2\GCC4.2\le\FLASH\debug\STM32F10x\lib\tmp_RegressionTest.lib(Bl_AddDevices_stubs.obj)
 .ARM.attributes
                0x00000331       0x31 C:\MicroFrameworkPK_v4_0\BuildOutput\THUMB2\GCC4.2\le\FLASH\debug\STM32F10x\lib\tmp_RegressionTest.lib(blockstoragelist_stubs.obj)
 .ARM.attributes
                0x00000362       0x31 C:\MicroFrameworkPK_v4_0\BuildOutput\THUMB2\GCC4.2\le\FLASH\debug\STM32F10x\lib\tmp_RegressionTest.lib(Buttons_stubs.obj)
 .ARM.attributes
                0x00000393       0x31 C:\MicroFrameworkPK_v4_0\BuildOutput\THUMB2\GCC4.2\le\FLASH\debug\STM32F10x\lib\tmp_RegressionTest.lib(ComDirector.obj)
 .ARM.attributes
                0x000003c4       0x31 C:\MicroFrameworkPK_v4_0\BuildOutput\THUMB2\GCC4.2\le\FLASH\debug\STM32F10x\lib\tmp_RegressionTest.lib(events_stubs.obj)
 .ARM.attributes
                0x000003f5       0x31 C:\MicroFrameworkPK_v4_0\BuildOutput\THUMB2\GCC4.2\le\FLASH\debug\STM32F10x\lib\tmp_RegressionTest.lib(fastcompile_backlight_stubs.obj)
 .ARM.attributes
                0x00000426       0x31 C:\MicroFrameworkPK_v4_0\BuildOutput\THUMB2\GCC4.2\le\FLASH\debug\STM32F10x\lib\tmp_RegressionTest.lib(fastcompile_batterycharger_stubs.obj)
 .ARM.attributes
                0x00000457       0x31 C:\MicroFrameworkPK_v4_0\BuildOutput\THUMB2\GCC4.2\le\FLASH\debug\STM32F10x\lib\tmp_RegressionTest.lib(fastcompile_BatteryMeasurement_stubs.obj)
 .ARM.attributes
                0x00000488       0x31 C:\MicroFrameworkPK_v4_0\BuildOutput\THUMB2\GCC4.2\le\FLASH\debug\STM32F10x\lib\tmp_RegressionTest.lib(fastcompile_display_stubs.obj)
 .ARM.attributes
                0x000004b9       0x21 C:\MicroFrameworkPK_v4_0\BuildOutput\THUMB2\GCC4.2\le\FLASH\debug\STM32F10x\lib\tmp_RegressionTest.lib(FirstEntry.obj)
 .ARM.attributes
                0x000004da       0x31 C:\MicroFrameworkPK_v4_0\BuildOutput\THUMB2\GCC4.2\le\FLASH\debug\STM32F10x\lib\tmp_RegressionTest.lib(FS_config_stubs.obj)
 .ARM.attributes
                0x0000050b       0x31 C:\MicroFrameworkPK_v4_0\BuildOutput\THUMB2\GCC4.2\le\FLASH\debug\STM32F10x\lib\tmp_RegressionTest.lib(fs_stubs.obj)
 .ARM.attributes
                0x0000053c       0x31 C:\MicroFrameworkPK_v4_0\BuildOutput\THUMB2\GCC4.2\le\FLASH\debug\STM32F10x\lib\tmp_RegressionTest.lib(gesture_stubs.obj)
 .ARM.attributes
                0x0000056d       0x31 C:\MicroFrameworkPK_v4_0\BuildOutput\THUMB2\GCC4.2\le\FLASH\debug\STM32F10x\lib\tmp_RegressionTest.lib(GlobalLock_stubs.obj)
 .ARM.attributes
                0x0000059e       0x31 C:\MicroFrameworkPK_v4_0\BuildOutput\THUMB2\GCC4.2\le\FLASH\debug\STM32F10x\lib\tmp_RegressionTest.lib(heap_stubs.obj)
 .ARM.attributes
                0x000005cf       0x31 C:\MicroFrameworkPK_v4_0\BuildOutput\THUMB2\GCC4.2\le\FLASH\debug\STM32F10x\lib\tmp_RegressionTest.lib(i2c.obj)
 .ARM.attributes
                0x00000600       0x31 C:\MicroFrameworkPK_v4_0\BuildOutput\THUMB2\GCC4.2\le\FLASH\debug\STM32F10x\lib\tmp_RegressionTest.lib(ink_stubs.obj)
 .ARM.attributes
                0x00000631       0x31 C:\MicroFrameworkPK_v4_0\BuildOutput\THUMB2\GCC4.2\le\FLASH\debug\STM32F10x\lib\tmp_RegressionTest.lib(log.obj)
 .ARM.attributes
                0x00000662       0x31 C:\MicroFrameworkPK_v4_0\BuildOutput\THUMB2\GCC4.2\le\FLASH\debug\STM32F10x\lib\tmp_RegressionTest.lib(netmf_gpio.obj)
 .ARM.attributes
                0x00000693       0x31 C:\MicroFrameworkPK_v4_0\BuildOutput\THUMB2\GCC4.2\le\FLASH\debug\STM32F10x\lib\tmp_RegressionTest.lib(netmf_spi.obj)
 .ARM.attributes
                0x000006c4       0x31 C:\MicroFrameworkPK_v4_0\BuildOutput\THUMB2\GCC4.2\le\FLASH\debug\STM32F10x\lib\tmp_RegressionTest.lib(netmf_time_functions.obj)
 .ARM.attributes
                0x000006f5       0x31 C:\MicroFrameworkPK_v4_0\BuildOutput\THUMB2\GCC4.2\le\FLASH\debug\STM32F10x\lib\tmp_RegressionTest.lib(netmf_timers.obj)
 .ARM.attributes
                0x00000726       0x31 C:\MicroFrameworkPK_v4_0\BuildOutput\THUMB2\GCC4.2\le\FLASH\debug\STM32F10x\lib\tmp_RegressionTest.lib(netmf_usart.obj)
 .ARM.attributes
                0x00000757       0x31 C:\MicroFrameworkPK_v4_0\BuildOutput\THUMB2\GCC4.2\le\FLASH\debug\STM32F10x\lib\tmp_RegressionTest.lib(OEM_Model_SKU_NetworkID.obj)
 .ARM.attributes
                0x00000788       0x31 C:\MicroFrameworkPK_v4_0\BuildOutput\THUMB2\GCC4.2\le\FLASH\debug\STM32F10x\lib\tmp_RegressionTest.lib(palevent_stubs.obj)
 .ARM.attributes
                0x000007b9       0x31 C:\MicroFrameworkPK_v4_0\BuildOutput\THUMB2\GCC4.2\le\FLASH\debug\STM32F10x\lib\tmp_RegressionTest.lib(piezo_stubs.obj)
 .ARM.attributes
                0x000007ea       0x31 C:\MicroFrameworkPK_v4_0\BuildOutput\THUMB2\GCC4.2\le\FLASH\debug\STM32F10x\lib\tmp_RegressionTest.lib(SimpleHeap_config_stubs.obj)
 .ARM.attributes
                0x0000081b       0x31 C:\MicroFrameworkPK_v4_0\BuildOutput\THUMB2\GCC4.2\le\FLASH\debug\STM32F10x\lib\tmp_RegressionTest.lib(SimpleHeap_stubs.obj)
 .ARM.attributes
                0x0000084c       0x31 C:\MicroFrameworkPK_v4_0\BuildOutput\THUMB2\GCC4.2\le\FLASH\debug\STM32F10x\lib\tmp_RegressionTest.lib(sockets_Stubs.obj)
 .ARM.attributes
                0x0000087d       0x31 C:\MicroFrameworkPK_v4_0\BuildOutput\THUMB2\GCC4.2\le\FLASH\debug\STM32F10x\lib\tmp_RegressionTest.lib(stm3210e_eval.obj)
 .ARM.attributes
                0x000008ae       0x31 C:\MicroFrameworkPK_v4_0\BuildOutput\THUMB2\GCC4.2\le\FLASH\debug\STM32F10x\lib\tmp_RegressionTest.lib(STM32_nvic_functions.obj)
 .ARM.attributes
                0x000008df       0x31 C:\MicroFrameworkPK_v4_0\BuildOutput\THUMB2\GCC4.2\le\FLASH\debug\STM32F10x\lib\tmp_RegressionTest.lib(STM32F10x_cache.obj)
 .ARM.attributes
                0x00000910       0x31 C:\MicroFrameworkPK_v4_0\BuildOutput\THUMB2\GCC4.2\le\FLASH\debug\STM32F10x\lib\tmp_RegressionTest.lib(STM32F10x_dma.obj)
 .ARM.attributes
                0x00000941       0x31 C:\MicroFrameworkPK_v4_0\BuildOutput\THUMB2\GCC4.2\le\FLASH\debug\STM32F10x\lib\tmp_RegressionTest.lib(STM32F10x_exti.obj)
 .ARM.attributes
                0x00000972       0x31 C:\MicroFrameworkPK_v4_0\BuildOutput\THUMB2\GCC4.2\le\FLASH\debug\STM32F10x\lib\tmp_RegressionTest.lib(STM32F10x_gpio.obj)
 .ARM.attributes
                0x000009a3       0x31 C:\MicroFrameworkPK_v4_0\BuildOutput\THUMB2\GCC4.2\le\FLASH\debug\STM32F10x\lib\tmp_RegressionTest.lib(STM32F10x_i2c.obj)
 .ARM.attributes
                0x000009d4       0x31 C:\MicroFrameworkPK_v4_0\BuildOutput\THUMB2\GCC4.2\le\FLASH\debug\STM32F10x\lib\tmp_RegressionTest.lib(STM32F10x_sdio.obj)
 .ARM.attributes
                0x00000a05       0x31 C:\MicroFrameworkPK_v4_0\BuildOutput\THUMB2\GCC4.2\le\FLASH\debug\STM32F10x\lib\tmp_RegressionTest.lib(STM32F10x_spi.obj)
 .ARM.attributes
                0x00000a36       0x31 C:\MicroFrameworkPK_v4_0\BuildOutput\THUMB2\GCC4.2\le\FLASH\debug\STM32F10x\lib\tmp_RegressionTest.lib(STM32F10x_tim.obj)
 .ARM.attributes
                0x00000a67       0x31 C:\MicroFrameworkPK_v4_0\BuildOutput\THUMB2\GCC4.2\le\FLASH\debug\STM32F10x\lib\tmp_RegressionTest.lib(STM32F10x_usart.obj)
 .ARM.attributes
                0x00000a98       0x31 C:\MicroFrameworkPK_v4_0\BuildOutput\THUMB2\GCC4.2\le\FLASH\debug\STM32F10x\lib\tmp_RegressionTest.lib(stubs_functions_I2C.obj)
 .ARM.attributes
                0x00000ac9       0x31 C:\MicroFrameworkPK_v4_0\BuildOutput\THUMB2\GCC4.2\le\FLASH\debug\STM32F10x\lib\tmp_RegressionTest.lib(stubs_functions_power.obj)
 .ARM.attributes
                0x00000afa       0x31 C:\MicroFrameworkPK_v4_0\BuildOutput\THUMB2\GCC4.2\le\FLASH\debug\STM32F10x\lib\tmp_RegressionTest.lib(stubs_functions_USB.obj)
 .ARM.attributes
                0x00000b2b       0x31 C:\MicroFrameworkPK_v4_0\BuildOutput\THUMB2\GCC4.2\le\FLASH\debug\STM32F10x\lib\tmp_RegressionTest.lib(stubs_functions_WATCHDOG.obj)
 .ARM.attributes
                0x00000b5c       0x31 C:\MicroFrameworkPK_v4_0\BuildOutput\THUMB2\GCC4.2\le\FLASH\debug\STM32F10x\lib\tmp_RegressionTest.lib(Time_functions.obj)
 .ARM.attributes
                0x00000b8d       0x31 C:\MicroFrameworkPK_v4_0\BuildOutput\THUMB2\GCC4.2\le\FLASH\debug\STM32F10x\lib\tmp_RegressionTest.lib(TimeService_stubs.obj)
 .ARM.attributes
                0x00000bbe       0x31 C:\MicroFrameworkPK_v4_0\BuildOutput\THUMB2\GCC4.2\le\FLASH\debug\STM32F10x\lib\tmp_RegressionTest.lib(usb.obj)
 .ARM.attributes
                0x00000bef       0x31 C:\MicroFrameworkPK_v4_0\BuildOutput\THUMB2\GCC4.2\le\FLASH\debug\STM32F10x\lib\tmp_RegressionTest.lib(usb_config_stub.obj)
 .ARM.attributes
                0x00000c20       0x31 C:\MicroFrameworkPK_v4_0\BuildOutput\THUMB2\GCC4.2\le\FLASH\debug\STM32F10x\lib\tmp_RegressionTest.lib(ConfigHelper_stubs.obj)
 .ARM.attributes
                0x00000c51       0x31 C:\MicroFrameworkPK_v4_0\BuildOutput\THUMB2\GCC4.2\le\FLASH\debug\STM32F10x\lib\tmp_RegressionTest.lib(misc.obj)
 .ARM.attributes
                0x00000c82       0x31 C:\MicroFrameworkPK_v4_0\BuildOutput\THUMB2\GCC4.2\le\FLASH\debug\STM32F10x\lib\tmp_RegressionTest.lib(netmf_time.obj)
 .ARM.attributes
                0x00000cb3       0x31 C:\MicroFrameworkPK_v4_0\BuildOutput\THUMB2\GCC4.2\le\FLASH\debug\STM32F10x\lib\tmp_RegressionTest.lib(STM32__AITC.obj)
 .ARM.attributes
                0x00000ce4       0x31 C:\MicroFrameworkPK_v4_0\BuildOutput\THUMB2\GCC4.2\le\FLASH\debug\STM32F10x\lib\tmp_RegressionTest.lib(Time_driver.obj)
 .ARM.attributes
                0x00000d15       0x21 C:\MicroFrameworkPK_v4_0\BuildOutput\THUMB2\GCC4.2\le\FLASH\debug\STM32F10x\lib\tmp_RegressionTest.lib(VectorsHandlers.obj)
 .ARM.attributes
                0x00000d36       0x31 C:\MicroFrameworkPK_v4_0\BuildOutput\THUMB2\GCC4.2\le\FLASH\debug\STM32F10x\lib\tmp_RegressionTest.lib(Aborts.obj)
 .ARM.attributes
                0x00000d67       0x32 c:\CodeSourcery\arm-none-eabi\lib\thumb\libc.a(lib_a-exit.o)
 .ARM.attributes
                0x00000d99       0x32 c:\CodeSourcery\arm-none-eabi\lib\thumb\libc.a(lib_a-impure.o)
 .ARM.attributes
                0x00000dcb       0x32 c:\CodeSourcery\arm-none-eabi\lib\thumb\libc.a(lib_a-memcpy.o)
 .ARM.attributes
                0x00000dfd       0x32 c:\CodeSourcery\arm-none-eabi\lib\thumb\libc.a(lib_a-memset.o)
 .ARM.attributes
                0x00000e2f       0x32 c:\CodeSourcery\arm-none-eabi\lib\thumb\libc.a(lib_a-strcpy.o)
 .ARM.attributes
                0x00000e61       0x32 c:\CodeSourcery\arm-none-eabi\lib\thumb\libc.a(lib_a-strncmp.o)
 .ARM.attributes
                0x00000e93       0x32 c:\CodeSourcery\arm-none-eabi\lib\thumb\libc.a(lib_a-strncpy.o)
 .ARM.attributes
                0x00000ec5       0x32 c:\CodeSourcery\arm-none-eabi\lib\thumb\libc.a(lib_a-__call_atexit.o)
 .ARM.attributes
                0x00000ef7       0x32 c:\CodeSourcery\arm-none-eabi\lib\thumb\libc.a(lib_a-atexit.o)
 .ARM.attributes
                0x00000f29       0x32 c:\CodeSourcery\arm-none-eabi\lib\thumb\libc.a(lib_a-fini.o)
 .ARM.attributes
                0x00000f5b       0x32 c:\CodeSourcery\arm-none-eabi\lib\thumb\libc.a(lib_a-__atexit.o)
 .ARM.attributes
                0x00000f8d       0x17 c:\CodeSourcery\lib\gcc\arm-none-eabi\4.5.0\thumb\libgcc.a(_arm_addsubdf3.o)
 .ARM.attributes
                0x00000fa4       0x17 c:\CodeSourcery\lib\gcc\arm-none-eabi\4.5.0\thumb\libgcc.a(_arm_fixdfsi.o)
 .ARM.attributes
                0x00000fbb       0x17 c:\CodeSourcery\lib\gcc\arm-none-eabi\4.5.0\thumb\libgcc.a(_arm_addsubsf3.o)
 .ARM.attributes
                0x00000fd2       0x17 c:\CodeSourcery\lib\gcc\arm-none-eabi\4.5.0\thumb\libgcc.a(_arm_muldivsf3.o)
 .ARM.attributes
                0x00000fe9       0x17 c:\CodeSourcery\lib\gcc\arm-none-eabi\4.5.0\thumb\libgcc.a(_aeabi_ldivmod.o)
 .ARM.attributes
                0x00001000       0x17 c:\CodeSourcery\lib\gcc\arm-none-eabi\4.5.0\thumb\libgcc.a(_aeabi_uldivmod.o)
 .ARM.attributes
                0x00001017       0x27 c:\CodeSourcery\lib\gcc\arm-none-eabi\4.5.0\thumb\libgcc.a(bpabi.o)
 .ARM.attributes
                0x0000103e       0x27 c:\CodeSourcery\lib\gcc\arm-none-eabi\4.5.0\thumb\libgcc.a(unwind-arm.o)
 .ARM.attributes
                0x00001065       0x17 c:\CodeSourcery\lib\gcc\arm-none-eabi\4.5.0\thumb\libgcc.a(libunwind.o)
 .ARM.attributes
                0x0000107c       0x27 c:\CodeSourcery\lib\gcc\arm-none-eabi\4.5.0\thumb\libgcc.a(pr-support.o)
 .ARM.attributes
                0x000010a3       0x27 c:\CodeSourcery\lib\gcc\arm-none-eabi\4.5.0\thumb\libgcc.a(_divdi3.o)
 .ARM.attributes
                0x000010ca       0x27 c:\CodeSourcery\lib\gcc\arm-none-eabi\4.5.0\thumb\libgcc.a(_udivdi3.o)
 .ARM.attributes
                0x000010f1       0x17 c:\CodeSourcery\lib\gcc\arm-none-eabi\4.5.0\thumb\libgcc.a(_udivsi3.o)
 .ARM.attributes
                0x00001108       0x17 c:\CodeSourcery\lib\gcc\arm-none-eabi\4.5.0\thumb\libgcc.a(_dvmd_tls.o)
 .ARM.attributes
                0x0000111f       0x32 c:\CodeSourcery\arm-none-eabi\lib\thumb\libc.a(lib_a-abort.o)
 .ARM.attributes
                0x00001151       0x32 c:\CodeSourcery\arm-none-eabi\lib\thumb\libc.a(lib_a-signal.o)
 .ARM.attributes
                0x00001183       0x32 c:\CodeSourcery\arm-none-eabi\lib\thumb\libc.a(lib_a-mallocr.o)
 .ARM.attributes
                0x000011b5       0x32 c:\CodeSourcery\arm-none-eabi\lib\thumb\libc.a(lib_a-mlock.o)
 .ARM.attributes
                0x000011e7       0x32 c:\CodeSourcery\arm-none-eabi\lib\thumb\libc.a(lib_a-freer.o)
                0x080001e8                Load$$ER_FLASH$$Base = ADDR (.text)
                0x00005258                Image$$ER_FLASH$$Length = SIZEOF (.text)
                0x20000000                Image$$ER_RAM_RO$$Base = ADDR (.data)
                0x000004c8                Image$$ER_RAM_RO$$Length = SIZEOF (.data)
                0x08005444                Load$$ER_RAM_RO$$Base = LOADADDR (.data)
                0x20000000                Image$$ER_RAM_RW$$Base = ADDR (.data)
                0x20000000                Image$$ER_RAM_RW$$Length = ADDR (.data)
                0x08005444                Load$$ER_RAM_RW$$Base = LOADADDR (.data)
                0x20000790                Image$$ER_RAM_RW$$ZI$$Base = ADDR (.bss)
                0x00000d5c                Image$$ER_RAM_RW$$ZI$$Length = SIZEOF (.bss)
                0x00000000                __use_no_semihosting_swi = 0x0
LOAD C:\MicroFrameworkPK_v4_0\BuildOutput\THUMB2\GCC4.2\le\FLASH\debug\STM32F10x\obj\Solutions\STM32F10x\RegressionTest\RegressionTest.obj
LOAD C:\MicroFrameworkPK_v4_0\BuildOutput\THUMB2\GCC4.2\le\FLASH\debug\STM32F10x\obj\Solutions\STM32F10x\RegressionTest\test.obj
LOAD C:\MicroFrameworkPK_v4_0\BuildOutput\THUMB2\GCC4.2\le\FLASH\debug\STM32F10x\obj\Solutions\STM32F10x\RegressionTest\signalr.obj
LOAD C:\MicroFrameworkPK_v4_0\BuildOutput\THUMB2\GCC4.2\le\FLASH\debug\STM32F10x\obj\Solutions\STM32F10x\RegressionTest\syscalls.obj
START GROUP
LOAD C:\MicroFrameworkPK_v4_0\BuildOutput\THUMB2\GCC4.2\le\ANY_MEDIA\debug\lib\CRC.lib
LOAD C:\MicroFrameworkPK_v4_0\BuildOutput\THUMB2\GCC4.2\le\ANY_MEDIA\debug\lib\WireProtocol.lib
LOAD C:\MicroFrameworkPK_v4_0\BuildOutput\THUMB2\GCC4.2\le\FLASH\debug\STM32F10x\lib\tmp_RegressionTest.lib
END GROUP
START GROUP
LOAD c:\CodeSourcery\arm-none-eabi\lib\thumb\libm.a
LOAD c:\CodeSourcery\arm-none-eabi\lib\thumb\libc.a
LOAD c:\CodeSourcery\lib\gcc\arm-none-eabi\4.5.0\thumb\libgcc.a
END GROUP
START GROUP
LOAD C:\MicroFrameworkPK_v4_0\tools\ads_v3_1\Lib\armlib\h_t.l
LOAD C:\MicroFrameworkPK_v4_0\tools\ads_v3_1\Lib\armlib\c_t.l
END GROUP
OUTPUT(C:\MicroFrameworkPK_v4_0\BuildOutput\THUMB2\GCC4.2\le\FLASH\debug\STM32F10x\bin\RegressionTest.axf elf32-littlearm)

.debug_abbrev   0x00000000     0xa1aa
 .debug_abbrev  0x00000000      0x2a3 C:\MicroFrameworkPK_v4_0\BuildOutput\THUMB2\GCC4.2\le\FLASH\debug\STM32F10x\obj\Solutions\STM32F10x\RegressionTest\RegressionTest.obj
 .debug_abbrev  0x000002a3       0xba C:\MicroFrameworkPK_v4_0\BuildOutput\THUMB2\GCC4.2\le\FLASH\debug\STM32F10x\obj\Solutions\STM32F10x\RegressionTest\test.obj
 .debug_abbrev  0x0000035d      0x170 C:\MicroFrameworkPK_v4_0\BuildOutput\THUMB2\GCC4.2\le\FLASH\debug\STM32F10x\obj\Solutions\STM32F10x\RegressionTest\signalr.obj
 .debug_abbrev  0x000004cd      0x132 C:\MicroFrameworkPK_v4_0\BuildOutput\THUMB2\GCC4.2\le\FLASH\debug\STM32F10x\obj\Solutions\STM32F10x\RegressionTest\syscalls.obj
 .debug_abbrev  0x000005ff      0x225 C:\MicroFrameworkPK_v4_0\BuildOutput\THUMB2\GCC4.2\le\FLASH\debug\STM32F10x\lib\tmp_RegressionTest.lib(STM32F10x_bootstrap.obj)
 .debug_abbrev  0x00000824      0x16b C:\MicroFrameworkPK_v4_0\BuildOutput\THUMB2\GCC4.2\le\FLASH\debug\STM32F10x\lib\tmp_RegressionTest.lib(STM32F10x_flash.obj)
 .debug_abbrev  0x0000098f       0xcb C:\MicroFrameworkPK_v4_0\BuildOutput\THUMB2\GCC4.2\le\FLASH\debug\STM32F10x\lib\tmp_RegressionTest.lib(STM32F10x_led.obj)
 .debug_abbrev  0x00000a5a      0x19a C:\MicroFrameworkPK_v4_0\BuildOutput\THUMB2\GCC4.2\le\FLASH\debug\STM32F10x\lib\tmp_RegressionTest.lib(STM32F10x_rcc.obj)
 .debug_abbrev  0x00000bf4      0x310 C:\MicroFrameworkPK_v4_0\BuildOutput\THUMB2\GCC4.2\le\FLASH\debug\STM32F10x\lib\tmp_RegressionTest.lib(timers.obj)
 .debug_abbrev  0x00000f04      0x3aa C:\MicroFrameworkPK_v4_0\BuildOutput\THUMB2\GCC4.2\le\FLASH\debug\STM32F10x\lib\tmp_RegressionTest.lib(TimerTest.obj)
 .debug_abbrev  0x000012ae      0x202 C:\MicroFrameworkPK_v4_0\BuildOutput\THUMB2\GCC4.2\le\FLASH\debug\STM32F10x\lib\tmp_RegressionTest.lib(tinycrt_stubs.obj)
 .debug_abbrev  0x000014b0      0x5fd C:\MicroFrameworkPK_v4_0\BuildOutput\THUMB2\GCC4.2\le\FLASH\debug\STM32F10x\lib\tmp_RegressionTest.lib(tinyhal.obj)
 .debug_abbrev  0x00001aad      0x422 C:\MicroFrameworkPK_v4_0\BuildOutput\THUMB2\GCC4.2\le\FLASH\debug\STM32F10x\lib\tmp_RegressionTest.lib(usart.obj)
 .debug_abbrev  0x00001ecf       0x12 C:\MicroFrameworkPK_v4_0\BuildOutput\THUMB2\GCC4.2\le\FLASH\debug\STM32F10x\lib\tmp_RegressionTest.lib(VectorsTrampolines.obj)
 .debug_abbrev  0x00001ee1      0x1b2 C:\MicroFrameworkPK_v4_0\BuildOutput\THUMB2\GCC4.2\le\FLASH\debug\STM32F10x\lib\tmp_RegressionTest.lib(Watchdog_stubs.obj)
 .debug_abbrev  0x00002093      0x293 C:\MicroFrameworkPK_v4_0\BuildOutput\THUMB2\GCC4.2\le\FLASH\debug\STM32F10x\lib\tmp_RegressionTest.lib(Async_stubs.obj)
 .debug_abbrev  0x00002326      0x168 C:\MicroFrameworkPK_v4_0\BuildOutput\THUMB2\GCC4.2\le\FLASH\debug\STM32F10x\lib\tmp_RegressionTest.lib(Bl_AddDevices_stubs.obj)
 .debug_abbrev  0x0000248e      0x388 C:\MicroFrameworkPK_v4_0\BuildOutput\THUMB2\GCC4.2\le\FLASH\debug\STM32F10x\lib\tmp_RegressionTest.lib(blockstoragelist_stubs.obj)
 .debug_abbrev  0x00002816      0x19c C:\MicroFrameworkPK_v4_0\BuildOutput\THUMB2\GCC4.2\le\FLASH\debug\STM32F10x\lib\tmp_RegressionTest.lib(Buttons_stubs.obj)
 .debug_abbrev  0x000029b2      0x251 C:\MicroFrameworkPK_v4_0\BuildOutput\THUMB2\GCC4.2\le\FLASH\debug\STM32F10x\lib\tmp_RegressionTest.lib(ComDirector.obj)
 .debug_abbrev  0x00002c03      0x1d8 C:\MicroFrameworkPK_v4_0\BuildOutput\THUMB2\GCC4.2\le\FLASH\debug\STM32F10x\lib\tmp_RegressionTest.lib(events_stubs.obj)
 .debug_abbrev  0x00002ddb      0x1d6 C:\MicroFrameworkPK_v4_0\BuildOutput\THUMB2\GCC4.2\le\FLASH\debug\STM32F10x\lib\tmp_RegressionTest.lib(fastcompile_backlight_stubs.obj)
 .debug_abbrev  0x00002fb1      0x1e3 C:\MicroFrameworkPK_v4_0\BuildOutput\THUMB2\GCC4.2\le\FLASH\debug\STM32F10x\lib\tmp_RegressionTest.lib(fastcompile_batterycharger_stubs.obj)
 .debug_abbrev  0x00003194      0x202 C:\MicroFrameworkPK_v4_0\BuildOutput\THUMB2\GCC4.2\le\FLASH\debug\STM32F10x\lib\tmp_RegressionTest.lib(fastcompile_BatteryMeasurement_stubs.obj)
 .debug_abbrev  0x00003396      0x1d9 C:\MicroFrameworkPK_v4_0\BuildOutput\THUMB2\GCC4.2\le\FLASH\debug\STM32F10x\lib\tmp_RegressionTest.lib(fastcompile_display_stubs.obj)
 .debug_abbrev  0x0000356f       0x14 C:\MicroFrameworkPK_v4_0\BuildOutput\THUMB2\GCC4.2\le\FLASH\debug\STM32F10x\lib\tmp_RegressionTest.lib(FirstEntry.obj)
 .debug_abbrev  0x00003583      0x2eb C:\MicroFrameworkPK_v4_0\BuildOutput\THUMB2\GCC4.2\le\FLASH\debug\STM32F10x\lib\tmp_RegressionTest.lib(FS_config_stubs.obj)
 .debug_abbrev  0x0000386e      0x391 C:\MicroFrameworkPK_v4_0\BuildOutput\THUMB2\GCC4.2\le\FLASH\debug\STM32F10x\lib\tmp_RegressionTest.lib(fs_stubs.obj)
 .debug_abbrev  0x00003bff      0x1a0 C:\MicroFrameworkPK_v4_0\BuildOutput\THUMB2\GCC4.2\le\FLASH\debug\STM32F10x\lib\tmp_RegressionTest.lib(gesture_stubs.obj)
 .debug_abbrev  0x00003d9f      0x267 C:\MicroFrameworkPK_v4_0\BuildOutput\THUMB2\GCC4.2\le\FLASH\debug\STM32F10x\lib\tmp_RegressionTest.lib(GlobalLock_stubs.obj)
 .debug_abbrev  0x00004006      0x18b C:\MicroFrameworkPK_v4_0\BuildOutput\THUMB2\GCC4.2\le\FLASH\debug\STM32F10x\lib\tmp_RegressionTest.lib(heap_stubs.obj)
 .debug_abbrev  0x00004191      0x42e C:\MicroFrameworkPK_v4_0\BuildOutput\THUMB2\GCC4.2\le\FLASH\debug\STM32F10x\lib\tmp_RegressionTest.lib(i2c.obj)
 .debug_abbrev  0x000045bf      0x22c C:\MicroFrameworkPK_v4_0\BuildOutput\THUMB2\GCC4.2\le\FLASH\debug\STM32F10x\lib\tmp_RegressionTest.lib(ink_stubs.obj)
 .debug_abbrev  0x000047eb      0x2a8 C:\MicroFrameworkPK_v4_0\BuildOutput\THUMB2\GCC4.2\le\FLASH\debug\STM32F10x\lib\tmp_RegressionTest.lib(log.obj)
 .debug_abbrev  0x00004a93      0x25e C:\MicroFrameworkPK_v4_0\BuildOutput\THUMB2\GCC4.2\le\FLASH\debug\STM32F10x\lib\tmp_RegressionTest.lib(netmf_gpio.obj)
 .debug_abbrev  0x00004cf1      0x2f5 C:\MicroFrameworkPK_v4_0\BuildOutput\THUMB2\GCC4.2\le\FLASH\debug\STM32F10x\lib\tmp_RegressionTest.lib(netmf_spi.obj)
 .debug_abbrev  0x00004fe6      0x206 C:\MicroFrameworkPK_v4_0\BuildOutput\THUMB2\GCC4.2\le\FLASH\debug\STM32F10x\lib\tmp_RegressionTest.lib(netmf_time_functions.obj)
 .debug_abbrev  0x000051ec      0x331 C:\MicroFrameworkPK_v4_0\BuildOutput\THUMB2\GCC4.2\le\FLASH\debug\STM32F10x\lib\tmp_RegressionTest.lib(netmf_timers.obj)
 .debug_abbrev  0x0000551d      0x272 C:\MicroFrameworkPK_v4_0\BuildOutput\THUMB2\GCC4.2\le\FLASH\debug\STM32F10x\lib\tmp_RegressionTest.lib(netmf_usart.obj)
 .debug_abbrev  0x0000578f      0x33c C:\MicroFrameworkPK_v4_0\BuildOutput\THUMB2\GCC4.2\le\FLASH\debug\STM32F10x\lib\tmp_RegressionTest.lib(OEM_Model_SKU_NetworkID.obj)
 .debug_abbrev  0x00005acb      0x229 C:\MicroFrameworkPK_v4_0\BuildOutput\THUMB2\GCC4.2\le\FLASH\debug\STM32F10x\lib\tmp_RegressionTest.lib(palevent_stubs.obj)
 .debug_abbrev  0x00005cf4      0x1a9 C:\MicroFrameworkPK_v4_0\BuildOutput\THUMB2\GCC4.2\le\FLASH\debug\STM32F10x\lib\tmp_RegressionTest.lib(piezo_stubs.obj)
 .debug_abbrev  0x00005e9d      0x18b C:\MicroFrameworkPK_v4_0\BuildOutput\THUMB2\GCC4.2\le\FLASH\debug\STM32F10x\lib\tmp_RegressionTest.lib(SimpleHeap_config_stubs.obj)
 .debug_abbrev  0x00006028      0x1a9 C:\MicroFrameworkPK_v4_0\BuildOutput\THUMB2\GCC4.2\le\FLASH\debug\STM32F10x\lib\tmp_RegressionTest.lib(SimpleHeap_stubs.obj)
 .debug_abbrev  0x000061d1      0x20f C:\MicroFrameworkPK_v4_0\BuildOutput\THUMB2\GCC4.2\le\FLASH\debug\STM32F10x\lib\tmp_RegressionTest.lib(sockets_Stubs.obj)