Archive member included because of file (symbol)

D:\Main\Work\SOURCE\WORKING\DotNet-MF\MicroFrameworkPK_v4_3\BuildOutput\THUMB2\GCC4.4\le\ANY_MEDIA\debug\lib\TinybooterLib.lib(Commands.obj)
                              D:\Main\Work\SOURCE\WORKING\DotNet-MF\MicroFrameworkPK_v4_3\BuildOutput\THUMB2\GCC4.4\le\FLASH\debug\EmoteDotNow\obj\Solutions\EmoteDotNow\TinyBooter\TinyBooterEntry.obj (MfReleaseInfo::Init(MfReleaseInfo&, unsigned short, unsigned short, unsigned short, unsigned short, char const*, unsigned int))
D:\Main\Work\SOURCE\WORKING\DotNet-MF\MicroFrameworkPK_v4_3\BuildOutput\THUMB2\GCC4.4\le\ANY_MEDIA\debug\lib\TinybooterLib.lib(ConfigurationManager.obj)
                              D:\Main\Work\SOURCE\WORKING\DotNet-MF\MicroFrameworkPK_v4_3\BuildOutput\THUMB2\GCC4.4\le\ANY_MEDIA\debug\lib\TinybooterLib.lib(Commands.obj) (ConfigurationSectorManager::LocateConfigurationSector(unsigned int))
D:\Main\Work\SOURCE\WORKING\DotNet-MF\MicroFrameworkPK_v4_3\BuildOutput\THUMB2\GCC4.4\le\ANY_MEDIA\debug\lib\TinybooterLib.lib(CryptoInterface.obj)
                              D:\Main\Work\SOURCE\WORKING\DotNet-MF\MicroFrameworkPK_v4_3\BuildOutput\THUMB2\GCC4.4\le\ANY_MEDIA\debug\lib\TinybooterLib.lib(Commands.obj) (CryptoState::CryptoState(unsigned int, unsigned int, unsigned char*, unsigned int, unsigned int))
D:\Main\Work\SOURCE\WORKING\DotNet-MF\MicroFrameworkPK_v4_3\BuildOutput\THUMB2\GCC4.4\le\ANY_MEDIA\debug\lib\TinybooterLib.lib(Tinybooter.obj)
                              D:\Main\Work\SOURCE\WORKING\DotNet-MF\MicroFrameworkPK_v4_3\BuildOutput\THUMB2\GCC4.4\le\ANY_MEDIA\debug\lib\TinybooterLib.lib(Commands.obj) (private_malloc)
D:\Main\Work\SOURCE\WORKING\DotNet-MF\MicroFrameworkPK_v4_3\BuildOutput\THUMB2\GCC4.4\le\ANY_MEDIA\debug\lib\CRC.lib(CRC.obj)
                              D:\Main\Work\SOURCE\WORKING\DotNet-MF\MicroFrameworkPK_v4_3\BuildOutput\THUMB2\GCC4.4\le\ANY_MEDIA\debug\lib\TinybooterLib.lib(Commands.obj) (SUPPORT_ComputeCRC(void const*, int, unsigned int))
D:\Main\Work\SOURCE\WORKING\DotNet-MF\MicroFrameworkPK_v4_3\BuildOutput\THUMB2\GCC4.4\le\ANY_MEDIA\debug\lib\WireProtocol.lib(Compression.obj)
                              D:\Main\Work\SOURCE\WORKING\DotNet-MF\MicroFrameworkPK_v4_3\BuildOutput\THUMB2\GCC4.4\le\ANY_MEDIA\debug\lib\TinybooterLib.lib(Commands.obj) (LZ77_Decompress(unsigned char*, int, unsigned char*, int))
D:\Main\Work\SOURCE\WORKING\DotNet-MF\MicroFrameworkPK_v4_3\BuildOutput\THUMB2\GCC4.4\le\ANY_MEDIA\debug\lib\WireProtocol.lib(WireProtocol.obj)
                              D:\Main\Work\SOURCE\WORKING\DotNet-MF\MicroFrameworkPK_v4_3\BuildOutput\THUMB2\GCC4.4\le\ANY_MEDIA\debug\lib\TinybooterLib.lib(Commands.obj) (WP_Message::Initialize(WP_Controller*))
D:\Main\Work\SOURCE\WORKING\DotNet-MF\MicroFrameworkPK_v4_3\BuildOutput\THUMB2\GCC4.4\le\FLASH\debug\EmoteDotNow\lib\tmp_Tinybooter.lib(blockstoragelist.obj)
                              D:\Main\Work\SOURCE\WORKING\DotNet-MF\MicroFrameworkPK_v4_3\BuildOutput\THUMB2\GCC4.4\le\ANY_MEDIA\debug\lib\TinybooterLib.lib(Commands.obj) (BlockStorageList::FindDeviceForPhysicalAddress(BlockStorageDevice**, unsigned int, unsigned int&))
D:\Main\Work\SOURCE\WORKING\DotNet-MF\MicroFrameworkPK_v4_3\BuildOutput\THUMB2\GCC4.4\le\FLASH\debug\EmoteDotNow\lib\tmp_Tinybooter.lib(Buttons_stubs.obj)
                              D:\Main\Work\SOURCE\WORKING\DotNet-MF\MicroFrameworkPK_v4_3\BuildOutput\THUMB2\GCC4.4\le\FLASH\debug\EmoteDotNow\obj\Solutions\EmoteDotNow\TinyBooter\TinyBooterEntry.obj (Buttons_GetNextStateChange(unsigned int&, unsigned int&))
D:\Main\Work\SOURCE\WORKING\DotNet-MF\MicroFrameworkPK_v4_3\BuildOutput\THUMB2\GCC4.4\le\FLASH\debug\EmoteDotNow\lib\tmp_Tinybooter.lib(Buttons_stubs_config.obj)
                              D:\Main\Work\SOURCE\WORKING\DotNet-MF\MicroFrameworkPK_v4_3\BuildOutput\THUMB2\GCC4.4\le\FLASH\debug\EmoteDotNow\obj\Solutions\EmoteDotNow\TinyBooter\TinyBooterEntry.obj (g_GPIO_BUTTON_Config)
D:\Main\Work\SOURCE\WORKING\DotNet-MF\MicroFrameworkPK_v4_3\BuildOutput\THUMB2\GCC4.4\le\FLASH\debug\EmoteDotNow\lib\tmp_Tinybooter.lib(ComDirector.obj)
                              D:\Main\Work\SOURCE\WORKING\DotNet-MF\MicroFrameworkPK_v4_3\BuildOutput\THUMB2\GCC4.4\le\ANY_MEDIA\debug\lib\TinybooterLib.lib(Tinybooter.obj) (DebuggerPort_Initialize(int))
D:\Main\Work\SOURCE\WORKING\DotNet-MF\MicroFrameworkPK_v4_3\BuildOutput\THUMB2\GCC4.4\le\FLASH\debug\EmoteDotNow\lib\tmp_Tinybooter.lib(events.obj)
                              D:\Main\Work\SOURCE\WORKING\DotNet-MF\MicroFrameworkPK_v4_3\BuildOutput\THUMB2\GCC4.4\le\ANY_MEDIA\debug\lib\TinybooterLib.lib(Tinybooter.obj) (Events_Clear(unsigned int))
D:\Main\Work\SOURCE\WORKING\DotNet-MF\MicroFrameworkPK_v4_3\BuildOutput\THUMB2\GCC4.4\le\FLASH\debug\EmoteDotNow\lib\tmp_Tinybooter.lib(fastcompile_display_stubs.obj)
[...]
Memory Configuration

Name             Origin             Length             Attributes
LR_FLASH         0x08000000         0x00080000
LR_CONFIG        0x08078000         0x00010000
HEAP             0x20010000         0x00007f01
STACK            0x20000000         0x00000009
RELOC_RAM        0x20000000         0x00018000
*default*        0x00000000         0xffffffff

Linker script and memory map


ER_FLASH        0x08000000    0x14a94
 *(VectorsTrampolines)
 VectorsTrampolines
                0x08000000      0x1e4 D:\Main\Work\SOURCE\WORKING\DotNet-MF\MicroFrameworkPK_v4_3\BuildOutput\THUMB2\GCC4.4\le\FLASH\debug\EmoteDotNow\lib\tmp_Tinybooter.lib(VectorsTrampolines.obj)
                0x08000000                ARM_Vectors
 *(i.EntryPoint)
 i.EntryPoint   0x080001e4       0x2c D:\Main\Work\SOURCE\WORKING\DotNet-MF\MicroFrameworkPK_v4_3\BuildOutput\THUMB2\GCC4.4\le\FLASH\debug\EmoteDotNow\lib\tmp_Tinybooter.lib(FirstEntry.obj)
                0x080001f8                EntryPoint
 *(SectionForBootstrapOperations)
 SectionForBootstrapOperations
                0x08000210      0x194 D:\Main\Work\SOURCE\WORKING\DotNet-MF\MicroFrameworkPK_v4_3\BuildOutput\THUMB2\GCC4.4\le\FLASH\debug\EmoteDotNow\lib\tmp_Tinybooter.lib(tinyhal.obj)
                0x08000328                PrepareImageRegions
 *(.text*)
 .text._Z20Events_WaitForEventsjj
                0x080003a4       0x24 D:\Main\Work\SOURCE\WORKING\DotNet-MF\MicroFrameworkPK_v4_3\BuildOutput\THUMB2\GCC4.4\le\FLASH\debug\EmoteDotNow\obj\Solutions\EmoteDotNow\TinyBooter\TinyBooterEntry.obj
                0x080003a4                Events_WaitForEvents(unsigned int, unsigned int)
 .text._ZNK10BlockRange11IsBootstrapEv
                0x080003c8       0x24 D:\Main\Work\SOURCE\WORKING\DotNet-MF\MicroFrameworkPK_v4_3\BuildOutput\THUMB2\GCC4.4\le\FLASH\debug\EmoteDotNow\obj\Solutions\EmoteDotNow\TinyBooter\TinyBooterEntry.obj
                0x080003c8                BlockRange::IsBootstrap() const
 .text._ZN18BlockStorageDevice13GetDeviceInfoEv
                0x080003ec       0x24 D:\Main\Work\SOURCE\WORKING\DotNet-MF\MicroFrameworkPK_v4_3\BuildOutput\THUMB2\GCC4.4\le\FLASH\debug\EmoteDotNow\obj\Solutions\EmoteDotNow\TinyBooter\TinyBooterEntry.obj
                0x080003ec                BlockStorageDevice::GetDeviceInfo()
 .text._ZN18BlockStorageDevice21FindRegionFromAddressEjRjS0_
                0x08000410       0x30 D:\Main\Work\SOURCE\WORKING\DotNet-MF\MicroFrameworkPK_v4_3\BuildOutput\THUMB2\GCC4.4\le\FLASH\debug\EmoteDotNow\obj\Solutions\EmoteDotNow\TinyBooter\TinyBooterEntry.obj
                0x08000410                BlockStorageDevice::FindRegionFromAddress(unsigned int, unsigned int&, unsigned int&)
 .text._Z27Tinybooter_ProgramWordCheckv
                0x08000440       0x14 D:\Main\Work\SOURCE\WORKING\DotNet-MF\MicroFrameworkPK_v4_3\BuildOutput\THUMB2\GCC4.4\le\FLASH\debug\EmoteDotNow\obj\Solutions\EmoteDotNow\TinyBooter\TinyBooterEntry.obj
                0x08000440                Tinybooter_ProgramWordCheck()
 .text._Z28Tinybooter_ImageIsCompressedv
                0x08000454       0x10 D:\Main\Work\SOURCE\WORKING\DotNet-MF\MicroFrameworkPK_v4_3\BuildOutput\THUMB2\GCC4.4\le\FLASH\debug\EmoteDotNow\obj\Solutions\EmoteDotNow\TinyBooter\TinyBooterEntry.obj
                0x08000454                Tinybooter_ImageIsCompressed()
 .text._Z31Tinybooter_CompressedImageStartRK22CompressedImage_Header
                0x08000464       0x18 D:\Main\Work\SOURCE\WORKING\DotNet-MF\MicroFrameworkPK_v4_3\BuildOutput\THUMB2\GCC4.4\le\FLASH\debug\EmoteDotNow\obj\Solutions\EmoteDotNow\TinyBooter\TinyBooterEntry.obj
                0x08000464                Tinybooter_CompressedImageStart(CompressedImage_Header const&)
 .text._Z39Tinybooter_PrepareForDecompressedLaunchv
                0x0800047c        0xc D:\Main\Work\SOURCE\WORKING\DotNet-MF\MicroFrameworkPK_v4_3\BuildOutput\THUMB2\GCC4.4\le\FLASH\debug\EmoteDotNow\obj\Solutions\EmoteDotNow\TinyBooter\TinyBooterEntry.obj
                0x0800047c                Tinybooter_PrepareForDecompressedLaunch()
 .text._Z23WaitForTinyBooterUploadRi
                0x08000488       0x80 D:\Main\Work\SOURCE\WORKING\DotNet-MF\MicroFrameworkPK_v4_3\BuildOutput\THUMB2\GCC4.4\le\FLASH\debug\EmoteDotNow\obj\Solutions\EmoteDotNow\TinyBooter\TinyBooterEntry.obj
                0x08000488                WaitForTinyBooterUpload(int&)
 .text._Z24TinyBooter_OnStateChange16_TinyBooterStatePvPS0_
                0x08000508      0x19c D:\Main\Work\SOURCE\WORKING\DotNet-MF\MicroFrameworkPK_v4_3\BuildOutput\THUMB2\GCC4.4\le\FLASH\debug\EmoteDotNow\obj\Solutions\EmoteDotNow\TinyBooter\TinyBooterEntry.obj
                0x08000508                TinyBooter_OnStateChange(_TinyBooterState, void*, void**)
 .text._Z26CheckFlashSectorPermissionP18BlockStorageDevicej
                0x080006a4       0x9c D:\Main\Work\SOURCE\WORKING\DotNet-MF\MicroFrameworkPK_v4_3\BuildOutput\THUMB2\GCC4.4\le\FLASH\debug\EmoteDotNow\obj\Solutions\EmoteDotNow\TinyBooter\TinyBooterEntry.obj
                0x080006a4                CheckFlashSectorPermission(BlockStorageDevice*, unsigned int)
 .text._Z25TinyBooter_GetReleaseInfoR13MfReleaseInfo
                0x08000740       0x48 D:\Main\Work\SOURCE\WORKING\DotNet-MF\MicroFrameworkPK_v4_3\BuildOutput\THUMB2\GCC4.4\le\FLASH\debug\EmoteDotNow\obj\Solutions\EmoteDotNow\TinyBooter\TinyBooterEntry.obj
                0x08000740                TinyBooter_GetReleaseInfo(MfReleaseInfo&)
 .text.VectorRelocate
                0x08000788       0x20 D:\Main\Work\SOURCE\WORKING\DotNet-MF\MicroFrameworkPK_v4_3\BuildOutput\THUMB2\GCC4.4\le\FLASH\debug\EmoteDotNow\obj\Solutions\EmoteDotNow\TinyBooter\tinyclr_vector.obj
                0x08000788                VectorRelocate
 .text._ZN9MFVersion4InitERS_tttt
                0x080007a8       0x30 D:\Main\Work\SOURCE\WORKING\DotNet-MF\MicroFrameworkPK_v4_3\BuildOutput\THUMB2\GCC4.4\le\ANY_MEDIA\debug\lib\TinybooterLib.lib(Commands.obj)
                0x080007a8                MFVersion::Init(MFVersion&, unsigned short, unsigned short, unsigned short, unsigned short)
 .text._ZN10BlockRange25IsBlockTinyBooterAgnosticEj
                0x080007d8       0x50 D:\Main\Work\SOURCE\WORKING\DotNet-MF\MicroFrameworkPK_v4_3\BuildOutput\THUMB2\GCC4.4\le\ANY_MEDIA\debug\lib\TinybooterLib.lib(Commands.obj)
                0x080007d8                BlockRange::IsBlockTinyBooterAgnostic(unsigned int)
 .text._ZNK10BlockRange8IsConfigEv
                0x08000828       0x34 D:\Main\Work\SOURCE\WORKING\DotNet-MF\MicroFrameworkPK_v4_3\BuildOutput\THUMB2\GCC4.4\le\ANY_MEDIA\debug\lib\TinybooterLib.lib(Commands.obj)
                0x08000828                BlockRange::IsConfig() const
 .text._ZNK10BlockRange13GetBlockCountEv
                0x0800085c       0x24 D:\Main\Work\SOURCE\WORKING\DotNet-MF\MicroFrameworkPK_v4_3\BuildOutput\THUMB2\GCC4.4\le\ANY_MEDIA\debug\lib\TinybooterLib.lib(Commands.obj)
                0x0800085c                BlockRange::GetBlockCount() const
 .text._ZNK15BlockRegionInfo12BlockAddressEj
                0x08000880       0x28 D:\Main\Work\SOURCE\WORKING\DotNet-MF\MicroFrameworkPK_v4_3\BuildOutput\THUMB2\GCC4.4\le\ANY_MEDIA\debug\lib\TinybooterLib.lib(Commands.obj)
                0x08000880                BlockRegionInfo::BlockAddress(unsigned int) const
 .text._ZNK15BlockRegionInfo15OffsetFromBlockEj
                0x080008a8       0x30 D:\Main\Work\SOURCE\WORKING\DotNet-MF\MicroFrameworkPK_v4_3\BuildOutput\THUMB2\GCC4.4\le\ANY_MEDIA\debug\lib\TinybooterLib.lib(Commands.obj)
                0x080008a8                BlockRegionInfo::OffsetFromBlock(unsigned int) const
 .text._ZNK15BlockRegionInfo21BlockIndexFromAddressEj
                0x080008d8       0x28 D:\Main\Work\SOURCE\WORKING\DotNet-MF\MicroFrameworkPK_v4_3\BuildOutput\THUMB2\GCC4.4\le\ANY_MEDIA\debug\lib\TinybooterLib.lib(Commands.obj)
                0x080008d8                BlockRegionInfo::BlockIndexFromAddress(unsigned int) const
 .text._ZN18BlockStorageDevice4ReadEjjPh
                0x08000900       0x30 D:\Main\Work\SOURCE\WORKING\DotNet-MF\MicroFrameworkPK_v4_3\BuildOutput\THUMB2\GCC4.4\le\ANY_MEDIA\debug\lib\TinybooterLib.lib(Commands.obj)
                0x08000900                BlockStorageDevice::Read(unsigned int, unsigned int, unsigned char*)
 .text._ZN18BlockStorageDevice5WriteEjjPhj
                0x08000930       0x34 D:\Main\Work\SOURCE\WORKING\DotNet-MF\MicroFrameworkPK_v4_3\BuildOutput\THUMB2\GCC4.4\le\ANY_MEDIA\debug\lib\TinybooterLib.lib(Commands.obj)
                0x08000930                BlockStorageDevice::Write(unsigned int, unsigned int, unsigned char*, unsigned int)
 .text._ZN18BlockStorageDevice13IsBlockErasedEjj
                0x08000964       0x2c D:\Main\Work\SOURCE\WORKING\DotNet-MF\MicroFrameworkPK_v4_3\BuildOutput\THUMB2\GCC4.4\le\ANY_MEDIA\debug\lib\TinybooterLib.lib(Commands.obj)
                0x08000964                BlockStorageDevice::IsBlockErased(unsigned int, unsigned int)
 .text._ZNK18BlockStorageDevice10EraseBlockEj
                0x08000990       0x28 D:\Main\Work\SOURCE\WORKING\DotNet-MF\MicroFrameworkPK_v4_3\BuildOutput\THUMB2\GCC4.4\le\ANY_MEDIA\debug\lib\TinybooterLib.lib(Commands.obj)
                0x08000990                BlockStorageDevice::EraseBlock(unsigned int) const
 .text._ZN15BitFieldManager20ResetBitFieldManagerEv
                0x080009b8       0x44 D:\Main\Work\SOURCE\WORKING\DotNet-MF\MicroFrameworkPK_v4_3\BuildOutput\THUMB2\GCC4.4\le\ANY_MEDIA\debug\lib\TinybooterLib.lib(Commands.obj)
                0x080009b8                BitFieldManager::ResetBitFieldManager()
 .text._ZN15BitFieldManager24ResetSignatureCheckArrayEv
                0x080009fc      0x104 D:\Main\Work\SOURCE\WORKING\DotNet-MF\MicroFrameworkPK_v4_3\BuildOutput\THUMB2\GCC4.4\le\ANY_MEDIA\debug\lib\TinybooterLib.lib(Commands.obj)
                0x080009fc                BitFieldManager::ResetSignatureCheckArray()
 .text._ZN15BitFieldManager17SetDirtySectorBitEj
                0x08000b00      0x1b4 D:\Main\Work\SOURCE\WORKING\DotNet-MF\MicroFrameworkPK_v4_3\BuildOutput\THUMB2\GCC4.4\le\ANY_MEDIA\debug\lib\TinybooterLib.lib(Commands.obj)
                0x08000b00                BitFieldManager::SetDirtySectorBit(unsigned int)
 .text._ZN15BitFieldManager27GetNextSectorSignatureCheckEP18BlockStorageDeviceR16SECTOR_BIT_FIELD
                0x08000cb4      0x2d8 D:\Main\Work\SOURCE\WORKING\DotNet-MF\MicroFrameworkPK_v4_3\BuildOutput\THUMB2\GCC4.4\le\ANY_MEDIA\debug\lib\TinybooterLib.lib(Commands.obj)
                0x08000cb4                BitFieldManager::GetNextSectorSignatureCheck(BlockStorageDevice*, SECTOR_BIT_FIELD&)
 .text._ZN15BitFieldManager24InvalidateSectorBitFieldEv
                0x08000f8c       0x3c D:\Main\Work\SOURCE\WORKING\DotNet-MF\MicroFrameworkPK_v4_3\BuildOutput\THUMB2\GCC4.4\le\ANY_MEDIA\debug\lib\TinybooterLib.lib(Commands.obj)
                0x08000f8c                BitFieldManager::InvalidateSectorBitField()
 .text._ZN15BitFieldManager25EraseOnSignatureCheckFailEv
                0x08000fc8      0x2b4 D:\Main\Work\SOURCE\WORKING\DotNet-MF\MicroFrameworkPK_v4_3\BuildOutput\THUMB2\GCC4.4\le\ANY_MEDIA\debug\lib\TinybooterLib.lib(Commands.obj)
                0x08000fc8                BitFieldManager::EraseOnSignatureCheckFail()
 .text._ZL12AccessMemoryjjPhi
                0x0800127c      0x5d8 D:\Main\Work\SOURCE\WORKING\DotNet-MF\MicroFrameworkPK_v4_3\BuildOutput\THUMB2\GCC4.4\le\ANY_MEDIA\debug\lib\TinybooterLib.lib(Commands.obj)
 .text._ZN13Loader_Engine15SignedDataState10CheckDirtyEv
                0x08001854       0x30 D:\Main\Work\SOURCE\WORKING\DotNet-MF\MicroFrameworkPK_v4_3\BuildOutput\THUMB2\GCC4.4\le\ANY_MEDIA\debug\lib\TinybooterLib.lib(Commands.obj)
                0x08001854                Loader_Engine::SignedDataState::CheckDirty()
 .text._ZN13Loader_Engine15SignedDataState5ResetEv
                0x08001884       0x34 D:\Main\Work\SOURCE\WORKING\DotNet-MF\MicroFrameworkPK_v4_3\BuildOutput\THUMB2\GCC4.4\le\ANY_MEDIA\debug\lib\TinybooterLib.lib(Commands.obj)
                0x08001884                Loader_Engine::SignedDataState::Reset()
 .text._ZN13Loader_Engine15SignedDataState19EraseMemoryAndResetEv
                0x080018b8       0x50 D:\Main\Work\SOURCE\WORKING\DotNet-MF\MicroFrameworkPK_v4_3\BuildOutput\THUMB2\GCC4.4\le\ANY_MEDIA\debug\lib\TinybooterLib.lib(Commands.obj)
                0x080018b8                Loader_Engine::SignedDataState::EraseMemoryAndReset()
 .text._ZN13Loader_Engine15SignedDataState20VerifyContiguousDataEjj
                0x08001908      0x144 D:\Main\Work\SOURCE\WORKING\DotNet-MF\MicroFrameworkPK_v4_3\BuildOutput\THUMB2\GCC4.4\le\ANY_MEDIA\debug\lib\TinybooterLib.lib(Commands.obj)
                0x08001908                Loader_Engine::SignedDataState::VerifyContiguousData(unsigned int, unsigned int)
 .text._ZN13Loader_Engine15SignedDataState15VerifySignatureEPhjj
                0x08001a4c      0x144 D:\Main\Work\SOURCE\WORKING\DotNet-MF\MicroFrameworkPK_v4_3\BuildOutput\THUMB2\GCC4.4\le\ANY_MEDIA\debug\lib\TinybooterLib.lib(Commands.obj)
                0x08001a4c                Loader_Engine::SignedDataState::VerifySignature(unsigned char*, unsigned int, unsigned int)
 .text._ZN13Loader_Engine16Phy_ReceiveBytesEPvRPhRj
                0x08001b90       0x68 D:\Main\Work\SOURCE\WORKING\DotNet-MF\MicroFrameworkPK_v4_3\BuildOutput\THUMB2\GCC4.4\le\ANY_MEDIA\debug\lib\TinybooterLib.lib(Commands.obj)
                0x08001b90                Loader_Engine::Phy_ReceiveBytes(void*, unsigned char*&, unsigned int&)
 .text._ZN13Loader_Engine19Phy_TransmitMessageEPvPK10WP_Message
                0x08001bf8       0x28 D:\Main\Work\SOURCE\WORKING\DotNet-MF\MicroFrameworkPK_v4_3\BuildOutput\THUMB2\GCC4.4\le\ANY_MEDIA\debug\lib\TinybooterLib.lib(Commands.obj)
                0x08001bf8                Loader_Engine::Phy_TransmitMessage(void*, WP_Message const*)
 .text._ZN13Loader_Engine17App_ProcessHeaderEPvP10WP_Message
                0x08001c20       0x70 D:\Main\Work\SOURCE\WORKING\DotNet-MF\MicroFrameworkPK_v4_3\BuildOutput\THUMB2\GCC4.4\le\ANY_MEDIA\debug\lib\TinybooterLib.lib(Commands.obj)
                0x08001c20                Loader_Engine::App_ProcessHeader(void*, WP_Message*)
 .text._ZN13Loader_Engine18App_ProcessPayloadEPvP10WP_Message
                0x08001c90       0x58 D:\Main\Work\SOURCE\WORKING\DotNet-MF\MicroFrameworkPK_v4_3\BuildOutput\THUMB2\GCC4.4\le\ANY_MEDIA\debug\lib\TinybooterLib.lib(Commands.obj)
                0x08001c90                Loader_Engine::App_ProcessPayload(void*, WP_Message*)
 .text._ZN13Loader_Engine11App_ReleaseEPvP10WP_Message
                0x08001ce8       0x44 D:\Main\Work\SOURCE\WORKING\DotNet-MF\MicroFrameworkPK_v4_3\BuildOutput\THUMB2\GCC4.4\le\ANY_MEDIA\debug\lib\TinybooterLib.lib(Commands.obj)
                0x08001ce8                Loader_Engine::App_Release(void*, WP_Message*)
 .text._ZN13Loader_Engine10InitializeEi
                0x08001d2c       0x94 D:\Main\Work\SOURCE\WORKING\DotNet-MF\MicroFrameworkPK_v4_3\BuildOutput\THUMB2\GCC4.4\le\ANY_MEDIA\debug\lib\TinybooterLib.lib(Commands.obj)
                0x08001d2c                Loader_Engine::Initialize(int)
 .text._ZN13Loader_Engine15ProcessCommandsEv
                0x08001dc0       0x1c D:\Main\Work\SOURCE\WORKING\DotNet-MF\MicroFrameworkPK_v4_3\BuildOutput\THUMB2\GCC4.4\le\ANY_MEDIA\debug\lib\TinybooterLib.lib(Commands.obj)
                0x08001dc0                Loader_Engine::ProcessCommands()
 .text._ZN13Loader_Engine13ProcessHeaderEP10WP_Message
                0x08001ddc       0x1c D:\Main\Work\SOURCE\WORKING\DotNet-MF\MicroFrameworkPK_v4_3\BuildOutput\THUMB2\GCC4.4\le\ANY_MEDIA\debug\lib\TinybooterLib.lib(Commands.obj)
                0x08001ddc                Loader_Engine::ProcessHeader(WP_Message*)
 .text._ZN13Loader_Engine14ProcessPayloadEP10WP_Message
                0x08001df8       0xfc D:\Main\Work\SOURCE\WORKING\DotNet-MF\MicroFrameworkPK_v4_3\BuildOutput\THUMB2\GCC4.4\le\ANY_MEDIA\debug\lib\TinybooterLib.lib(Commands.obj)
                0x08001df8                Loader_Engine::ProcessPayload(WP_Message*)
 .text._ZN13Loader_Engine18EnumerateAndLaunchEv
                0x08001ef4      0x108 D:\Main\Work\SOURCE\WORKING\DotNet-MF\MicroFrameworkPK_v4_3\BuildOutput\THUMB2\GCC4.4\le\ANY_MEDIA\debug\lib\TinybooterLib.lib(Commands.obj)
                0x08001ef4                Loader_Engine::EnumerateAndLaunch()
 .text._ZN13Loader_Engine6LaunchEPFvvE
                0x08001ffc       0xc8 D:\Main\Work\SOURCE\WORKING\DotNet-MF\MicroFrameworkPK_v4_3\BuildOutput\THUMB2\GCC4.4\le\ANY_MEDIA\debug\lib\TinybooterLib.lib(Commands.obj)
                0x08001ffc                Loader_Engine::Launch(void (*)())
 .text._ZN13Loader_Engine15TransmitMessageEPK10WP_Messageb
                0x080020c4       0x9c D:\Main\Work\SOURCE\WORKING\DotNet-MF\MicroFrameworkPK_v4_3\BuildOutput\THUMB2\GCC4.4\le\ANY_MEDIA\debug\lib\TinybooterLib.lib(Commands.obj)
                0x080020c4                Loader_Engine::TransmitMessage(WP_Message const*, bool)
 .text._ZN13Loader_Engine14ReplyToCommandEP10WP_MessagebbPvi
                0x08002160       0xd0 D:\Main\Work\SOURCE\WORKING\DotNet-MF\MicroFrameworkPK_v4_3\BuildOutput\THUMB2\GCC4.4\le\ANY_MEDIA\debug\lib\TinybooterLib.lib(Commands.obj)
                0x08002160                Loader_Engine::ReplyToCommand(WP_Message*, bool, bool, void*, int)
 .text._ZN13Loader_Engine14ReplyToCommandEP10WP_Messagebb
                0x08002230       0x30 D:\Main\Work\SOURCE\WORKING\DotNet-MF\MicroFrameworkPK_v4_3\BuildOutput\THUMB2\GCC4.4\le\ANY_MEDIA\debug\lib\TinybooterLib.lib(Commands.obj)
                0x08002230                Loader_Engine::ReplyToCommand(WP_Message*, bool, bool)
 .text._ZN13Loader_Engine12Monitor_PingEP10WP_Message
                0x08002260       0x48 D:\Main\Work\SOURCE\WORKING\DotNet-MF\MicroFrameworkPK_v4_3\BuildOutput\THUMB2\GCC4.4\le\ANY_MEDIA\debug\lib\TinybooterLib.lib(Commands.obj)
                0x08002260                Loader_Engine::Monitor_Ping(WP_Message*)
 .text._ZN13MfReleaseInfo4InitERS_ttttPKcj
                0x080022a8       0x5c D:\Main\Work\SOURCE\WORKING\DotNet-MF\MicroFrameworkPK_v4_3\BuildOutput\THUMB2\GCC4.4\le\ANY_MEDIA\debug\lib\TinybooterLib.lib(Commands.obj)
                0x080022a8                MfReleaseInfo::Init(MfReleaseInfo&, unsigned short, unsigned short, unsigned short, unsigned short, char const*, unsigned int)
 .text._ZN13Loader_Engine15Monitor_OemInfoEP10WP_Message
                0x08002304       0x5c D:\Main\Work\SOURCE\WORKING\DotNet-MF\MicroFrameworkPK_v4_3\BuildOutput\THUMB2\GCC4.4\le\ANY_MEDIA\debug\lib\TinybooterLib.lib(Commands.obj)
                0x08002304                Loader_Engine::Monitor_OemInfo(WP_Message*)
 .text._ZN13Loader_Engine14Monitor_RebootEP10WP_Message
                0x08002360       0x50 D:\Main\Work\SOURCE\WORKING\DotNet-MF\MicroFrameworkPK_v4_3\BuildOutput\THUMB2\GCC4.4\le\ANY_MEDIA\debug\lib\TinybooterLib.lib(Commands.obj)
                0x08002360                Loader_Engine::Monitor_Reboot(WP_Message*)
 .text._ZN13Loader_Engine18Monitor_ReadMemoryEP10WP_Message
                0x080023b0       0xc8 D:\Main\Work\SOURCE\WORKING\DotNet-MF\MicroFrameworkPK_v4_3\BuildOutput\THUMB2\GCC4.4\le\ANY_MEDIA\debug\lib\TinybooterLib.lib(Commands.obj)
                0x080023b0                Loader_Engine::Monitor_ReadMemory(WP_Message*)
 .text._ZN13Loader_Engine19Monitor_WriteMemoryEP10WP_Message
                0x08002478       0x98 D:\Main\Work\SOURCE\WORKING\DotNet-MF\MicroFrameworkPK_v4_3\BuildOutput\THUMB2\GCC4.4\le\ANY_MEDIA\debug\lib\TinybooterLib.lib(Commands.obj)
                0x08002478                Loader_Engine::Monitor_WriteMemory(WP_Message*)
 .text._ZN13Loader_Engine19Monitor_CheckMemoryEP10WP_Message
                0x08002510       0x80 D:\Main\Work\SOURCE\WORKING\DotNet-MF\MicroFrameworkPK_v4_3\BuildOutput\THUMB2\GCC4.4\le\ANY_MEDIA\debug\lib\TinybooterLib.lib(Commands.obj)
                0x08002510                Loader_Engine::Monitor_CheckMemory(WP_Message*)
 .text._ZN13Loader_Engine19Monitor_EraseMemoryEP10WP_Message
                0x08002590       0x8c D:\Main\Work\SOURCE\WORKING\DotNet-MF\MicroFrameworkPK_v4_3\BuildOutput\THUMB2\GCC4.4\le\ANY_MEDIA\debug\lib\TinybooterLib.lib(Commands.obj)
                0x08002590                Loader_Engine::Monitor_EraseMemory(WP_Message*)
 .text._ZN13Loader_Engine15Monitor_ExecuteEP10WP_Message
                0x0800261c      0x134 D:\Main\Work\SOURCE\WORKING\DotNet-MF\MicroFrameworkPK_v4_3\BuildOutput\THUMB2\GCC4.4\le\ANY_MEDIA\debug\lib\TinybooterLib.lib(Commands.obj)
                0x0800261c                Loader_Engine::Monitor_Execute(WP_Message*)
 .text._ZN13Loader_Engine17Monitor_MemoryMapEP10WP_Message
                0x08002750       0x9c D:\Main\Work\SOURCE\WORKING\DotNet-MF\MicroFrameworkPK_v4_3\BuildOutput\THUMB2\GCC4.4\le\ANY_MEDIA\debug\lib\TinybooterLib.lib(Commands.obj)
                0x08002750                Loader_Engine::Monitor_MemoryMap(WP_Message*)
 .text._ZN13Loader_Engine22Monitor_CheckSignatureEP10WP_Message
                0x080027ec       0x7c D:\Main\Work\SOURCE\WORKING\DotNet-MF\MicroFrameworkPK_v4_3\BuildOutput\THUMB2\GCC4.4\le\ANY_MEDIA\debug\lib\TinybooterLib.lib(Commands.obj)
                0x080027ec                Loader_Engine::Monitor_CheckSignature(WP_Message*)
 .text._ZN13Loader_Engine26Monitor_SignatureKeyUpdateEP10WP_Message
                0x08002868      0x174 D:\Main\Work\SOURCE\WORKING\DotNet-MF\MicroFrameworkPK_v4_3\BuildOutput\THUMB2\GCC4.4\le\ANY_MEDIA\debug\lib\TinybooterLib.lib(Commands.obj)
                0x08002868                Loader_Engine::Monitor_SignatureKeyUpdate(WP_Message*)
 .text._ZN13Loader_Engine22Monitor_FlashSectorMapEP10WP_Message
                0x080029dc      0x230 D:\Main\Work\SOURCE\WORKING\DotNet-MF\MicroFrameworkPK_v4_3\BuildOutput\THUMB2\GCC4.4\le\ANY_MEDIA\debug\lib\TinybooterLib.lib(Commands.obj)
                0x080029dc                Loader_Engine::Monitor_FlashSectorMap(WP_Message*)
 .text._ZN26ConfigurationSectorManager25LocateConfigurationSectorEj
                0x08002c0c      0x140 D:\Main\Work\SOURCE\WORKING\DotNet-MF\MicroFrameworkPK_v4_3\BuildOutput\THUMB2\GCC4.4\le\ANY_MEDIA\debug\lib\TinybooterLib.lib(ConfigurationManager.obj)
                0x08002c0c                ConfigurationSectorManager::LocateConfigurationSector(unsigned int)
 .text._ZN26ConfigurationSectorManager17LoadConfigurationEv
                0x08002d4c       0x68 D:\Main\Work\SOURCE\WORKING\DotNet-MF\MicroFrameworkPK_v4_3\BuildOutput\THUMB2\GCC4.4\le\ANY_MEDIA\debug\lib\TinybooterLib.lib(ConfigurationManager.obj)
                0x08002d4c                ConfigurationSectorManager::LoadConfiguration()
 .text._ZN26ConfigurationSectorManager18WriteConfigurationEjPhjj
                0x08002db4      0x184 D:\Main\Work\SOURCE\WORKING\DotNet-MF\MicroFrameworkPK_v4_3\BuildOutput\THUMB2\GCC4.4\le\ANY_MEDIA\debug\lib\TinybooterLib.lib(ConfigurationManager.obj)
                0x08002db4                ConfigurationSectorManager::WriteConfiguration(unsigned int, unsigned char*, unsigned int, unsigned int)
 .text._ZN26ConfigurationSectorManager21EraseWriteConfigBlockEPhj
                0x08002f38       0x4c D:\Main\Work\SOURCE\WORKING\DotNet-MF\MicroFrameworkPK_v4_3\BuildOutput\THUMB2\GCC4.4\le\ANY_MEDIA\debug\lib\TinybooterLib.lib(ConfigurationManager.obj)
                0x08002f38                ConfigurationSectorManager::EraseWriteConfigBlock(unsigned char*, unsigned int)
 .text._ZN26ConfigurationSectorManager20IsBootLoaderRequiredERi
                0x08002f84       0xac D:\Main\Work\SOURCE\WORKING\DotNet-MF\MicroFrameworkPK_v4_3\BuildOutput\THUMB2\GCC4.4\le\ANY_MEDIA\debug\lib\TinybooterLib.lib(ConfigurationManager.obj)
                0x08002f84                ConfigurationSectorManager::IsBootLoaderRequired(int&)
 .text._ZN26ConfigurationSectorManager19CleanBootLoaderFlagEv
                0x08003030       0x40 D:\Main\Work\SOURCE\WORKING\DotNet-MF\MicroFrameworkPK_v4_3\BuildOutput\THUMB2\GCC4.4\le\ANY_MEDIA\debug\lib\TinybooterLib.lib(ConfigurationManager.obj)
                0x08003030                ConfigurationSectorManager::CleanBootLoaderFlag()
 .text._ZN26ConfigurationSectorManager22CheckSignatureKeyEmptyEj
                0x08003070       0x6c D:\Main\Work\SOURCE\WORKING\DotNet-MF\MicroFrameworkPK_v4_3\BuildOutput\THUMB2\GCC4.4\le\ANY_MEDIA\debug\lib\TinybooterLib.lib(ConfigurationManager.obj)
                0x08003070                ConfigurationSectorManager::CheckSignatureKeyEmpty(unsigned int)
 .text._ZN26ConfigurationSectorManager18UpdateSignatureKeyEjPh
                0x080030dc       0x50 D:\Main\Work\SOURCE\WORKING\DotNet-MF\MicroFrameworkPK_v4_3\BuildOutput\THUMB2\GCC4.4\le\ANY_MEDIA\debug\lib\TinybooterLib.lib(ConfigurationManager.obj)
                0x080030dc                ConfigurationSectorManager::UpdateSignatureKey(unsigned int, unsigned char*)
 .text._ZN26ConfigurationSectorManager19VerifiySignatureKeyEjPh
                0x0800312c       0x78 D:\Main\Work\SOURCE\WORKING\DotNet-MF\MicroFrameworkPK_v4_3\BuildOutput\THUMB2\GCC4.4\le\ANY_MEDIA\debug\lib\TinybooterLib.lib(ConfigurationManager.obj)
                0x0800312c                ConfigurationSectorManager::VerifiySignatureKey(unsigned int, unsigned char*)
 .text._ZN26ConfigurationSectorManager17GetDeploymentKeysEj
                0x080031a4       0x44 D:\Main\Work\SOURCE\WORKING\DotNet-MF\MicroFrameworkPK_v4_3\BuildOutput\THUMB2\GCC4.4\le\ANY_MEDIA\debug\lib\TinybooterLib.lib(ConfigurationManager.obj)
                0x080031a4                ConfigurationSectorManager::GetDeploymentKeys(unsigned int)
 .text._ZN26ConfigurationSectorManager20GetTinyBooterVersionEv
                0x080031e8       0x2c D:\Main\Work\SOURCE\WORKING\DotNet-MF\MicroFrameworkPK_v4_3\BuildOutput\THUMB2\GCC4.4\le\ANY_MEDIA\debug\lib\TinybooterLib.lib(ConfigurationManager.obj)
                0x080031e8                ConfigurationSectorManager::GetTinyBooterVersion()
 .text._ZN11CryptoStateC1EjjPhjj
                0x08003214       0x4c D:\Main\Work\SOURCE\WORKING\DotNet-MF\MicroFrameworkPK_v4_3\BuildOutput\THUMB2\GCC4.4\le\ANY_MEDIA\debug\lib\TinybooterLib.lib(CryptoInterface.obj)
                0x08003214                CryptoState::CryptoState(unsigned int, unsigned int, unsigned char*, unsigned int, unsigned int)
 .text._ZN11CryptoStateD1Ev
                0x08003260       0x20 D:\Main\Work\SOURCE\WORKING\DotNet-MF\MicroFrameworkPK_v4_3\BuildOutput\THUMB2\GCC4.4\le\ANY_MEDIA\debug\lib\TinybooterLib.lib(CryptoInterface.obj)
                0x08003260                CryptoState::~CryptoState()
 .text._ZN11CryptoState15VerifySignatureEj
                0x08003280      0x304 D:\Main\Work\SOURCE\WORKING\DotNet-MF\MicroFrameworkPK_v4_3\BuildOutput\THUMB2\GCC4.4\le\ANY_MEDIA\debug\lib\TinybooterLib.lib(CryptoInterface.obj)
                0x08003280                CryptoState::VerifySignature(unsigned int)
 .text.private_malloc
                0x08003584       0x1c D:\Main\Work\SOURCE\WORKING\DotNet-MF\MicroFrameworkPK_v4_3\BuildOutput\THUMB2\GCC4.4\le\ANY_MEDIA\debug\lib\TinybooterLib.lib(Tinybooter.obj)
                0x08003584                private_malloc
 .text.private_free
                0x080035a0       0x18 D:\Main\Work\SOURCE\WORKING\DotNet-MF\MicroFrameworkPK_v4_3\BuildOutput\THUMB2\GCC4.4\le\ANY_MEDIA\debug\lib\TinybooterLib.lib(Tinybooter.obj)
                0x080035a0                private_free
 .text._Z21ApplicationEntryPointv
                0x080035b8      0x2d4 D:\Main\Work\SOURCE\WORKING\DotNet-MF\MicroFrameworkPK_v4_3\BuildOutput\THUMB2\GCC4.4\le\ANY_MEDIA\debug\lib\TinybooterLib.lib(Tinybooter.obj)
                0x080035b8                ApplicationEntryPoint()
 .text._Z18SUPPORT_ComputeCRCPKvij
                0x0800388c       0x6c D:\Main\Work\SOURCE\WORKING\DotNet-MF\MicroFrameworkPK_v4_3\BuildOutput\THUMB2\GCC4.4\le\ANY_MEDIA\debug\lib\CRC.lib(CRC.obj)
                0x0800388c                SUPPORT_ComputeCRC(void const*, int, unsigned int)
 .text._Z15LZ77_DecompressPhiS_iPFjjjPKhEPFjjjS_E
                0x080038f8      0x648 D:\Main\Work\SOURCE\WORKING\DotNet-MF\MicroFrameworkPK_v4_3\BuildOutput\THUMB2\GCC4.4\le\ANY_MEDIA\debug\lib\WireProtocol.lib(Compression.obj)
                0x080038f8                LZ77_Decompress(unsigned char*, int, unsigned char*, int, unsigned int (*)(unsigned int, unsigned int, unsigned char const*), unsigned int (*)(unsigned int, unsigned int, unsigned char*))
 .text._Z15LZ77_DecompressPhiS_i
                0x08003f40       0x34 D:\Main\Work\SOURCE\WORKING\DotNet-MF\MicroFrameworkPK_v4_3\BuildOutput\THUMB2\GCC4.4\le\ANY_MEDIA\debug\lib\WireProtocol.lib(Compression.obj)
                0x08003f40                LZ77_Decompress(unsigned char*, int, unsigned char*, int)
 .text._ZN10WP_Message10InitializeEP13WP_Controller
                0x08003f74       0x5c D:\Main\Work\SOURCE\WORKING\DotNet-MF\MicroFrameworkPK_v4_3\BuildOutput\THUMB2\GCC4.4\le\ANY_MEDIA\debug\lib\WireProtocol.lib(WireProtocol.obj)
                0x08003f74                WP_Message::Initialize(WP_Controller*)
 .text._ZN10WP_Message16PrepareReceptionEv
                0x08003fd0       0x1c D:\Main\Work\SOURCE\WORKING\DotNet-MF\MicroFrameworkPK_v4_3\BuildOutput\THUMB2\GCC4.4\le\ANY_MEDIA\debug\lib\WireProtocol.lib(WireProtocol.obj)
                0x08003fd0                WP_Message::PrepareReception()
 .text._ZN10WP_Message14PrepareRequestEjjjPh
                0x08003fec       0xb0 D:\Main\Work\SOURCE\WORKING\DotNet-MF\MicroFrameworkPK_v4_3\BuildOutput\THUMB2\GCC4.4\le\ANY_MEDIA\debug\lib\WireProtocol.lib(WireProtocol.obj)
                0x08003fec                WP_Message::PrepareRequest(unsigned int, unsigned int, unsigned int, unsigned char*)
 .text._ZN10WP_Message12PrepareReplyERK9WP_PacketjjPh
                0x0800409c       0xb8 D:\Main\Work\SOURCE\WORKING\DotNet-MF\MicroFrameworkPK_v4_3\BuildOutput\THUMB2\GCC4.4\le\ANY_MEDIA\debug\lib\WireProtocol.lib(WireProtocol.obj)
                0x0800409c                WP_Message::PrepareReply(WP_Packet const&, unsigned int, unsigned int, unsigned char*)
 .text._ZN10WP_Message7ReleaseEv
                0x08004154       0x34 D:\Main\Work\SOURCE\WORKING\DotNet-MF\MicroFrameworkPK_v4_3\BuildOutput\THUMB2\GCC4.4\le\ANY_MEDIA\debug\lib\WireProtocol.lib(WireProtocol.obj)
                0x08004154                WP_Message::Release()
 .text._ZN10WP_Message12VerifyHeaderEv
                0x08004188       0x4c D:\Main\Work\SOURCE\WORKING\DotNet-MF\MicroFrameworkPK_v4_3\BuildOutput\THUMB2\GCC4.4\le\ANY_MEDIA\debug\lib\WireProtocol.lib(WireProtocol.obj)
                0x08004188                WP_Message::VerifyHeader()
 .text._ZN10WP_Message13VerifyPayloadEv
                0x080041d4       0x4c D:\Main\Work\SOURCE\WORKING\DotNet-MF\MicroFrameworkPK_v4_3\BuildOutput\THUMB2\GCC4.4\le\ANY_MEDIA\debug\lib\WireProtocol.lib(WireProtocol.obj)
                0x080041d4                WP_Message::VerifyPayload()
 .text._ZN10WP_Message14ReplyBadPacketEj
                0x08004220       0x58 D:\Main\Work\SOURCE\WORKING\DotNet-MF\MicroFrameworkPK_v4_3\BuildOutput\THUMB2\GCC4.4\le\ANY_MEDIA\debug\lib\WireProtocol.lib(WireProtocol.obj)
                0x08004220                WP_Message::ReplyBadPacket(unsigned int)
 .text._ZN10WP_Message7ProcessEv
                0x08004278      0x338 D:\Main\Work\SOURCE\WORKING\DotNet-MF\MicroFrameworkPK_v4_3\BuildOutput\THUMB2\GCC4.4\le\ANY_MEDIA\debug\lib\WireProtocol.lib(WireProtocol.obj)
                0x08004278                WP_Message::Process()
 .text._ZN13WP_Controller10InitializeEPKcPK16WP_PhysicalLayerPK19WP_ApplicationLayerPv
                0x080045b0       0x68 D:\Main\Work\SOURCE\WORKING\DotNet-MF\MicroFrameworkPK_v4_3\BuildOutput\THUMB2\GCC4.4\le\ANY_MEDIA\debug\lib\WireProtocol.lib(WireProtocol.obj)
                0x080045b0                WP_Controller::Initialize(char const*, WP_PhysicalLayer const*, WP_ApplicationLayer const*, void*)
 .text._ZN13WP_Controller12AdvanceStateEv
                0x08004618       0x20 D:\Main\Work\SOURCE\WORKING\DotNet-MF\MicroFrameworkPK_v4_3\BuildOutput\THUMB2\GCC4.4\le\ANY_MEDIA\debug\lib\WireProtocol.lib(WireProtocol.obj)
                0x08004618                WP_Controller::AdvanceState()
 .text._ZN13WP_Controller19SendProtocolMessageERK10WP_Message
                0x08004638       0x28 D:\Main\Work\SOURCE\WORKING\DotNet-MF\MicroFrameworkPK_v4_3\BuildOutput\THUMB2\GCC4.4\le\ANY_MEDIA\debug\lib\WireProtocol.lib(WireProtocol.obj)
                0x08004638                WP_Controller::SendProtocolMessage(WP_Message const&)
 .text._ZN13WP_Controller19SendProtocolMessageEjjjPh
                0x08004660       0x48 D:\Main\Work\SOURCE\WORKING\DotNet-MF\MicroFrameworkPK_v4_3\BuildOutput\THUMB2\GCC4.4\le\ANY_MEDIA\debug\lib\WireProtocol.lib(WireProtocol.obj)
                0x08004660                WP_Controller::SendProtocolMessage(unsigned int, unsigned int, unsigned int, unsigned char*)
 .text._ZNK10BlockRange13GetBlockUsageEv
                0x080046a8       0x1c D:\Main\Work\SOURCE\WORKING\DotNet-MF\MicroFrameworkPK_v4_3\BuildOutput\THUMB2\GCC4.4\le\FLASH\debug\EmoteDotNow\lib\tmp_Tinybooter.lib(blockstoragelist.obj)
                0x080046a8                BlockRange::GetBlockUsage() const
 .text._ZN18BlockStorageDevice16InitializeDeviceEv
                0x080046c4       0x24 D:\Main\Work\SOURCE\WORKING\DotNet-MF\MicroFrameworkPK_v4_3\BuildOutput\THUMB2\GCC4.4\le\FLASH\debug\EmoteDotNow\lib\tmp_Tinybooter.lib(blockstoragelist.obj)
                0x080046c4                BlockStorageDevice::InitializeDevice()
 .text._ZN18BlockStorageDevice17FindForBlockUsageEjRjS0_S0_
                0x080046e8       0x34 D:\Main\Work\SOURCE\WORKING\DotNet-MF\MicroFrameworkPK_v4_3\BuildOutput\THUMB2\GCC4.4\le\FLASH\debug\EmoteDotNow\lib\tmp_Tinybooter.lib(blockstoragelist.obj)
                0x080046e8                BlockStorageDevice::FindForBlockUsage(unsigned int, unsigned int&, unsigned int&, unsigned int&)
 .text._ZN18BlockStorageDevice18FindNextUsageBlockEjRjS0_S0_
                0x0800471c       0x34 D:\Main\Work\SOURCE\WORKING\DotNet-MF\MicroFrameworkPK_v4_3\BuildOutput\THUMB2\GCC4.4\le\FLASH\debug\EmoteDotNow\lib\tmp_Tinybooter.lib(blockstoragelist.obj)
                0x0800471c                BlockStorageDevice::FindNextUsageBlock(unsigned int, unsigned int&, unsigned int&, unsigned int&)
 .text._ZN16BlockStorageList10InitializeEv
                0x08004750       0x30 D:\Main\Work\SOURCE\WORKING\DotNet-MF\MicroFrameworkPK_v4_3\BuildOutput\THUMB2\GCC4.4\le\FLASH\debug\EmoteDotNow\lib\tmp_Tinybooter.lib(blockstoragelist.obj)
                0x08004750                BlockStorageList::Initialize()
 .text._ZN16BlockStorageList17InitializeDevicesEv
                0x08004780       0xf8 D:\Main\Work\SOURCE\WORKING\DotNet-MF\MicroFrameworkPK_v4_3\BuildOutput\THUMB2\GCC4.4\le\FLASH\debug\EmoteDotNow\lib\tmp_Tinybooter.lib(blockstoragelist.obj)
                0x08004780                BlockStorageList::InitializeDevices()
 .text._ZN16BlockStorageList9AddDeviceEP18BlockStorageDeviceP19IBlockStorageDevicePvj
                0x08004878       0x74 D:\Main\Work\SOURCE\WORKING\DotNet-MF\MicroFrameworkPK_v4_3\BuildOutput\THUMB2\GCC4.4\le\FLASH\debug\EmoteDotNow\lib\tmp_Tinybooter.lib(blockstoragelist.obj)
                0x08004878                BlockStorageList::AddDevice(BlockStorageDevice*, IBlockStorageDevice*, void*, unsigned int)
 .text._ZN16BlockStorageList28FindDeviceForPhysicalAddressEPP18BlockStorageDevicejRj
                0x080048ec      0x11c D:\Main\Work\SOURCE\WORKING\DotNet-MF\MicroFrameworkPK_v4_3\BuildOutput\THUMB2\GCC4.4\le\FLASH\debug\EmoteDotNow\lib\tmp_Tinybooter.lib(blockstoragelist.obj)
                0x080048ec                BlockStorageList::FindDeviceForPhysicalAddress(BlockStorageDevice**, unsigned int, unsigned int&)
 .text._ZN16BlockStorageList14GetFirstDeviceEv
                0x08004a08       0x2c D:\Main\Work\SOURCE\WORKING\DotNet-MF\MicroFrameworkPK_v4_3\BuildOutput\THUMB2\GCC4.4\le\FLASH\debug\EmoteDotNow\lib\tmp_Tinybooter.lib(blockstoragelist.obj)
                0x08004a08                BlockStorageList::GetFirstDevice()
 .text._ZN16BlockStorageList13GetNextDeviceER18BlockStorageDevice
                0x08004a34       0x5c D:\Main\Work\SOURCE\WORKING\DotNet-MF\MicroFrameworkPK_v4_3\BuildOutput\THUMB2\GCC4.4\le\FLASH\debug\EmoteDotNow\lib\tmp_Tinybooter.lib(blockstoragelist.obj)
                0x08004a34                BlockStorageList::GetNextDevice(BlockStorageDevice&)
 .text._ZN18BlockStorageStream10InitializeEj
                0x08004a90       0x24 D:\Main\Work\SOURCE\WORKING\DotNet-MF\MicroFrameworkPK_v4_3\BuildOutput\THUMB2\GCC4.4\le\FLASH\debug\EmoteDotNow\lib\tmp_Tinybooter.lib(blockstoragelist.obj)
                0x08004a90                BlockStorageStream::Initialize(unsigned int)
 .text._ZN18BlockStorageStream10InitializeEjP18BlockStorageDevice
                0x08004ab4       0xac D:\Main\Work\SOURCE\WORKING\DotNet-MF\MicroFrameworkPK_v4_3\BuildOutput\THUMB2\GCC4.4\le\FLASH\debug\EmoteDotNow\lib\tmp_Tinybooter.lib(blockstoragelist.obj)
                0x08004ab4                BlockStorageStream::Initialize(unsigned int, BlockStorageDevice*)
 .text._ZN18BlockStorageStream14CurrentAddressEv
                0x08004b60       0x20 D:\Main\Work\SOURCE\WORKING\DotNet-MF\MicroFrameworkPK_v4_3\BuildOutput\THUMB2\GCC4.4\le\FLASH\debug\EmoteDotNow\lib\tmp_Tinybooter.lib(blockstoragelist.obj)
                0x08004b60                BlockStorageStream::CurrentAddress()
 .text._ZN18BlockStorageStream10PrevStreamEv
                0x08004b80      0x1ec D:\Main\Work\SOURCE\WORKING\DotNet-MF\MicroFrameworkPK_v4_3\BuildOutput\THUMB2\GCC4.4\le\FLASH\debug\EmoteDotNow\lib\tmp_Tinybooter.lib(blockstoragelist.obj)
                0x08004b80                BlockStorageStream::PrevStream()
 .text._ZN18BlockStorageStream10NextStreamEv
                0x08004d6c      0x20c D:\Main\Work\SOURCE\WORKING\DotNet-MF\MicroFrameworkPK_v4_3\BuildOutput\THUMB2\GCC4.4\le\FLASH\debug\EmoteDotNow\lib\tmp_Tinybooter.lib(blockstoragelist.obj)
                0x08004d6c                BlockStorageStream::NextStream()
 .text._ZN18BlockStorageStream4SeekEiNS_10SeekOriginE
                0x08004f78      0x128 D:\Main\Work\SOURCE\WORKING\DotNet-MF\MicroFrameworkPK_v4_3\BuildOutput\THUMB2\GCC4.4\le\FLASH\debug\EmoteDotNow\lib\tmp_Tinybooter.lib(blockstoragelist.obj)
                0x08004f78                BlockStorageStream::Seek(int, BlockStorageStream::SeekOrigin)
 .text._ZN18BlockStorageStream4ReadEPPhj
                0x080050a0      0x140 D:\Main\Work\SOURCE\WORKING\DotNet-MF\MicroFrameworkPK_v4_3\BuildOutput\THUMB2\GCC4.4\le\FLASH\debug\EmoteDotNow\lib\tmp_Tinybooter.lib(blockstoragelist.obj)
                0x080050a0                BlockStorageStream::Read(unsigned char**, unsigned int)
 .text._ZNK15BlockDeviceInfo21FindRegionFromAddressEjRjS0_
                0x080051e0      0x100 D:\Main\Work\SOURCE\WORKING\DotNet-MF\MicroFrameworkPK_v4_3\BuildOutput\THUMB2\GCC4.4\le\FLASH\debug\EmoteDotNow\lib\tmp_Tinybooter.lib(blockstoragelist.obj)
                0x080051e0                BlockDeviceInfo::FindRegionFromAddress(unsigned int, unsigned int&, unsigned int&) const
 .text._ZNK15BlockDeviceInfo17FindForBlockUsageEjRjS0_S0_
                0x080052e0       0x44 D:\Main\Work\SOURCE\WORKING\DotNet-MF\MicroFrameworkPK_v4_3\BuildOutput\THUMB2\GCC4.4\le\FLASH\debug\EmoteDotNow\lib\tmp_Tinybooter.lib(blockstoragelist.obj)
                0x080052e0                BlockDeviceInfo::FindForBlockUsage(unsigned int, unsigned int&, unsigned int&, unsigned int&) const
 .text._ZNK15BlockDeviceInfo18FindNextUsageBlockEjRjS0_S0_
                0x08005324       0xd4 D:\Main\Work\SOURCE\WORKING\DotNet-MF\MicroFrameworkPK_v4_3\BuildOutput\THUMB2\GCC4.4\le\FLASH\debug\EmoteDotNow\lib\tmp_Tinybooter.lib(blockstoragelist.obj)
                0x08005324                BlockDeviceInfo::FindNextUsageBlock(unsigned int, unsigned int&, unsigned int&, unsigned int&) const
 .text._ZN17HAL_DblLinkedListI18BlockStorageDeviceE10InitializeEv
                0x080053f8       0x30 D:\Main\Work\SOURCE\WORKING\DotNet-MF\MicroFrameworkPK_v4_3\BuildOutput\THUMB2\GCC4.4\le\FLASH\debug\EmoteDotNow\lib\tmp_Tinybooter.lib(blockstoragelist.obj)
                0x080053f8                HAL_DblLinkedList<BlockStorageDevice>::Initialize()
 .text._ZNK17HAL_DblLinkedListI18BlockStorageDeviceE9FirstNodeEv
                0x08005428       0x18 D:\Main\Work\SOURCE\WORKING\DotNet-MF\MicroFrameworkPK_v4_3\BuildOutput\THUMB2\GCC4.4\le\FLASH\debug\EmoteDotNow\lib\tmp_Tinybooter.lib(blockstoragelist.obj)
                0x08005428                HAL_DblLinkedList<BlockStorageDevice>::FirstNode() const
 .text._ZNK17HAL_DblLinkedNodeI18BlockStorageDeviceE4NextEv
                0x08005440       0x18 D:\Main\Work\SOURCE\WORKING\DotNet-MF\MicroFrameworkPK_v4_3\BuildOutput\THUMB2\GCC4.4\le\FLASH\debug\EmoteDotNow\lib\tmp_Tinybooter.lib(blockstoragelist.obj)
                0x08005440                HAL_DblLinkedNode<BlockStorageDevice>::Next() const
 .text._ZN17HAL_DblLinkedNodeI18BlockStorageDeviceE10InitializeEv
                0x08005458       0x24 D:\Main\Work\SOURCE\WORKING\DotNet-MF\MicroFrameworkPK_v4_3\BuildOutput\THUMB2\GCC4.4\le\FLASH\debug\EmoteDotNow\lib\tmp_Tinybooter.lib(blockstoragelist.obj)
                0x08005458                HAL_DblLinkedNode<BlockStorageDevice>::Initialize()
 .text._ZN17HAL_DblLinkedListI18BlockStorageDeviceE10LinkAtBackEPS0_
                0x0800547c       0x24 D:\Main\Work\SOURCE\WORKING\DotNet-MF\MicroFrameworkPK_v4_3\BuildOutput\THUMB2\GCC4.4\le\FLASH\debug\EmoteDotNow\lib\tmp_Tinybooter.lib(blockstoragelist.obj)
                0x0800547c                HAL_DblLinkedList<BlockStorageDevice>::LinkAtBack(BlockStorageDevice*)
 .text._ZNK17HAL_DblLinkedListI18BlockStorageDeviceE14FirstValidNodeEv
                0x080054a0       0x30 D:\Main\Work\SOURCE\WORKING\DotNet-MF\MicroFrameworkPK_v4_3\BuildOutput\THUMB2\GCC4.4\le\FLASH\debug\EmoteDotNow\lib\tmp_Tinybooter.lib(blockstoragelist.obj)
                0x080054a0                HAL_DblLinkedList<BlockStorageDevice>::FirstValidNode() const
 .text._ZNK17HAL_DblLinkedNodeI18BlockStorageDeviceE4PrevEv
                0x080054d0       0x18 D:\Main\Work\SOURCE\WORKING\DotNet-MF\MicroFrameworkPK_v4_3\BuildOutput\THUMB2\GCC4.4\le\FLASH\debug\EmoteDotNow\lib\tmp_Tinybooter.lib(blockstoragelist.obj)
                0x080054d0                HAL_DblLinkedNode<BlockStorageDevice>::Prev() const
 .text._ZNK17HAL_DblLinkedListI18BlockStorageDeviceE4TailEv
                0x080054e8       0x20 D:\Main\Work\SOURCE\WORKING\DotNet-MF\MicroFrameworkPK_v4_3\BuildOutput\THUMB2\GCC4.4\le\FLASH\debug\EmoteDotNow\lib\tmp_Tinybooter.lib(blockstoragelist.obj)
                0x080054e8                HAL_DblLinkedList<BlockStorageDevice>::Tail() const
 .text._ZNK17HAL_DblLinkedListI18BlockStorageDeviceE4HeadEv
                0x08005508       0x18 D:\Main\Work\SOURCE\WORKING\DotNet-MF\MicroFrameworkPK_v4_3\BuildOutput\THUMB2\GCC4.4\le\FLASH\debug\EmoteDotNow\lib\tmp_Tinybooter.lib(blockstoragelist.obj)
                0x08005508                HAL_DblLinkedList<BlockStorageDevice>::Head() const
 .text._ZN17HAL_DblLinkedListI18BlockStorageDeviceE16InsertBeforeNodeEPS0_S2_
                0x08005520       0x48 D:\Main\Work\SOURCE\WORKING\DotNet-MF\MicroFrameworkPK_v4_3\BuildOutput\THUMB2\GCC4.4\le\FLASH\debug\EmoteDotNow\lib\tmp_Tinybooter.lib(blockstoragelist.obj)
                0x08005520                HAL_DblLinkedList<BlockStorageDevice>::InsertBeforeNode(BlockStorageDevice*, BlockStorageDevice*)
 .text._ZN17HAL_DblLinkedNodeI18BlockStorageDeviceE14RemoveFromListEv
                0x08005568       0x38 D:\Main\Work\SOURCE\WORKING\DotNet-MF\MicroFrameworkPK_v4_3\BuildOutput\THUMB2\GCC4.4\le\FLASH\debug\EmoteDotNow\lib\tmp_Tinybooter.lib(blockstoragelist.obj)
                0x08005568                HAL_DblLinkedNode<BlockStorageDevice>::RemoveFromList()
 .text._ZN17HAL_DblLinkedListI18BlockStorageDeviceE6InsertEPS0_S2_S2_
                0x080055a0       0x30 D:\Main\Work\SOURCE\WORKING\DotNet-MF\MicroFrameworkPK_v4_3\BuildOutput\THUMB2\GCC4.4\le\FLASH\debug\EmoteDotNow\lib\tmp_Tinybooter.lib(blockstoragelist.obj)
                0x080055a0                HAL_DblLinkedList<BlockStorageDevice>::Insert(BlockStorageDevice*, BlockStorageDevice*, BlockStorageDevice*)
 .text._Z18Buttons_Initializev
                0x080055d0       0x10 D:\Main\Work\SOURCE\WORKING\DotNet-MF\MicroFrameworkPK_v4_3\BuildOutput\THUMB2\GCC4.4\le\FLASH\debug\EmoteDotNow\lib\tmp_Tinybooter.lib(Buttons_stubs.obj)
                0x080055d0                Buttons_Initialize()
 .text._Z26Buttons_GetNextStateChangeRjS_
                0x080055e0       0x1c D:\Main\Work\SOURCE\WORKING\DotNet-MF\MicroFrameworkPK_v4_3\BuildOutput\THUMB2\GCC4.4\le\FLASH\debug\EmoteDotNow\lib\tmp_Tinybooter.lib(Buttons_stubs.obj)
                0x080055e0                Buttons_GetNextStateChange(unsigned int&, unsigned int&)
 .text._Z23DebuggerPort_Initializei
                0x080055fc       0xe4 D:\Main\Work\SOURCE\WORKING\DotNet-MF\MicroFrameworkPK_v4_3\BuildOutput\THUMB2\GCC4.4\le\FLASH\debug\EmoteDotNow\lib\tmp_Tinybooter.lib(ComDirector.obj)
                0x080055fc                DebuggerPort_Initialize(int)
 .text._Z25DebuggerPort_Uninitializei
                0x080056e0       0x7c D:\Main\Work\SOURCE\WORKING\DotNet-MF\MicroFrameworkPK_v4_3\BuildOutput\THUMB2\GCC4.4\le\FLASH\debug\EmoteDotNow\lib\tmp_Tinybooter.lib(ComDirector.obj)
                0x080056e0                DebuggerPort_Uninitialize(int)
 .text._Z18DebuggerPort_WriteiPKcj
                0x0800575c      0x120 D:\Main\Work\SOURCE\WORKING\DotNet-MF\MicroFrameworkPK_v4_3\BuildOutput\THUMB2\GCC4.4\le\FLASH\debug\EmoteDotNow\lib\tmp_Tinybooter.lib(ComDirector.obj)
                0x0800575c                DebuggerPort_Write(int, char const*, unsigned int)
 .text._Z17DebuggerPort_ReadiPcj
                0x0800587c       0x84 D:\Main\Work\SOURCE\WORKING\DotNet-MF\MicroFrameworkPK_v4_3\BuildOutput\THUMB2\GCC4.4\le\FLASH\debug\EmoteDotNow\lib\tmp_Tinybooter.lib(ComDirector.obj)
                0x0800587c                DebuggerPort_Read(int, char*, unsigned int)
 .text._Z18DebuggerPort_Flushi
                0x08005900       0x6c D:\Main\Work\SOURCE\WORKING\DotNet-MF\MicroFrameworkPK_v4_3\BuildOutput\THUMB2\GCC4.4\le\FLASH\debug\EmoteDotNow\lib\tmp_Tinybooter.lib(ComDirector.obj)
                0x08005900                DebuggerPort_Flush(int)
 .text._Z27CPU_InitializeCommunicationv
                0x0800596c      0x120 D:\Main\Work\SOURCE\WORKING\DotNet-MF\MicroFrameworkPK_v4_3\BuildOutput\THUMB2\GCC4.4\le\FLASH\debug\EmoteDotNow\lib\tmp_Tinybooter.lib(ComDirector.obj)
                0x0800596c                CPU_InitializeCommunication()
 .text._Z17Events_Initializev
                0x08005a8c       0x28 D:\Main\Work\SOURCE\WORKING\DotNet-MF\MicroFrameworkPK_v4_3\BuildOutput\THUMB2\GCC4.4\le\FLASH\debug\EmoteDotNow\lib\tmp_Tinybooter.lib(events.obj)
                0x08005a8c                Events_Initialize()
 .text._Z10Events_Setj
                0x08005ab4       0x68 D:\Main\Work\SOURCE\WORKING\DotNet-MF\MicroFrameworkPK_v4_3\BuildOutput\THUMB2\GCC4.4\le\FLASH\debug\EmoteDotNow\lib\tmp_Tinybooter.lib(events.obj)
                0x08005ab4                Events_Set(unsigned int)
 .text._Z12Events_Clearj
                0x08005b1c       0x48 D:\Main\Work\SOURCE\WORKING\DotNet-MF\MicroFrameworkPK_v4_3\BuildOutput\THUMB2\GCC4.4\le\FLASH\debug\EmoteDotNow\lib\tmp_Tinybooter.lib(events.obj)
                0x08005b1c                Events_Clear(unsigned int)
 .text._Z17Events_MaskedReadj
                0x08005b64       0x24 D:\Main\Work\SOURCE\WORKING\DotNet-MF\MicroFrameworkPK_v4_3\BuildOutput\THUMB2\GCC4.4\le\FLASH\debug\EmoteDotNow\lib\tmp_Tinybooter.lib(events.obj)
                0x08005b64                Events_MaskedRead(unsigned int)
 .text._Z20Events_WaitForEventsjjj
                0x08005b88      0x12c D:\Main\Work\SOURCE\WORKING\DotNet-MF\MicroFrameworkPK_v4_3\BuildOutput\THUMB2\GCC4.4\le\FLASH\debug\EmoteDotNow\lib\tmp_Tinybooter.lib(events.obj)
                0x08005b88                Events_WaitForEvents(unsigned int, unsigned int, unsigned int)
 .text._ZN17HAL_DblLinkedNodeI16HAL_CONTINUATIONE10InitializeEv
                0x08005cb4       0x24 D:\Main\Work\SOURCE\WORKING\DotNet-MF\MicroFrameworkPK_v4_3\BuildOutput\THUMB2\GCC4.4\le\FLASH\debug\EmoteDotNow\lib\tmp_Tinybooter.lib(events.obj)
                0x08005cb4                HAL_DblLinkedNode<HAL_CONTINUATION>::Initialize()
 .text._Z14LCD_Initializev
                0x08005cd8       0x10 D:\Main\Work\SOURCE\WORKING\DotNet-MF\MicroFrameworkPK_v4_3\BuildOutput\THUMB2\GCC4.4\le\FLASH\debug\EmoteDotNow\lib\tmp_Tinybooter.lib(fastcompile_display_stubs.obj)
                0x08005cd8                LCD_Initialize()
 .text._Z16LCD_Uninitializev
                0x08005ce8       0x10 D:\Main\Work\SOURCE\WORKING\DotNet-MF\MicroFrameworkPK_v4_3\BuildOutput\THUMB2\GCC4.4\le\FLASH\debug\EmoteDotNow\lib\tmp_Tinybooter.lib(fastcompile_display_stubs.obj)
                0x08005ce8                LCD_Uninitialize()
 .text._Z9LCD_Clearv
                0x08005cf8        0xc D:\Main\Work\SOURCE\WORKING\DotNet-MF\MicroFrameworkPK_v4_3\BuildOutput\THUMB2\GCC4.4\le\FLASH\debug\EmoteDotNow\lib\tmp_Tinybooter.lib(fastcompile_display_stubs.obj)
                0x08005cf8                LCD_Clear()
 .text._Z22LCD_WriteFormattedCharh
                0x08005d04       0x14 D:\Main\Work\SOURCE\WORKING\DotNet-MF\MicroFrameworkPK_v4_3\BuildOutput\THUMB2\GCC4.4\le\FLASH\debug\EmoteDotNow\lib\tmp_Tinybooter.lib(fastcompile_display_stubs.obj)
                0x08005d04                LCD_WriteFormattedChar(unsigned char)
 .text._Z12HeapLocationRPhRj
                0x08005d18       0x28 D:\Main\Work\SOURCE\WORKING\DotNet-MF\MicroFrameworkPK_v4_3\BuildOutput\THUMB2\GCC4.4\le\FLASH\debug\EmoteDotNow\lib\tmp_Tinybooter.lib(heap.obj)
                0x08005d18                HeapLocation(unsigned char*&, unsigned int&)
 .text._Z11GPIO_GetPinj
                0x08005d40       0x24 D:\Main\Work\SOURCE\WORKING\DotNet-MF\MicroFrameworkPK_v4_3\BuildOutput\THUMB2\GCC4.4\le\FLASH\debug\EmoteDotNow\lib\tmp_Tinybooter.lib(netmf_gpio.obj)
                0x08005d40                GPIO_GetPin(unsigned int)
 .text._Z12GPIO_GetPortj
                0x08005d64       0x1c D:\Main\Work\SOURCE\WORKING\DotNet-MF\MicroFrameworkPK_v4_3\BuildOutput\THUMB2\GCC4.4\le\FLASH\debug\EmoteDotNow\lib\tmp_Tinybooter.lib(netmf_gpio.obj)
                0x08005d64                GPIO_GetPort(unsigned int)
 .text._Z15GPIO_GetPortPtrj
                0x08005d80       0x28 D:\Main\Work\SOURCE\WORKING\DotNet-MF\MicroFrameworkPK_v4_3\BuildOutput\THUMB2\GCC4.4\le\FLASH\debug\EmoteDotNow\lib\tmp_Tinybooter.lib(netmf_gpio.obj)
                0x08005d80                GPIO_GetPortPtr(unsigned int)
 .text._Z19CPU_GPIO_Initializev
                0x08005da8       0x88 D:\Main\Work\SOURCE\WORKING\DotNet-MF\MicroFrameworkPK_v4_3\BuildOutput\THUMB2\GCC4.4\le\FLASH\debug\EmoteDotNow\lib\tmp_Tinybooter.lib(netmf_gpio.obj)
                0x08005da8                CPU_GPIO_Initialize()
 .text._Z19CPU_GPIO_Attributesj
                0x08005e30       0x18 D:\Main\Work\SOURCE\WORKING\DotNet-MF\MicroFrameworkPK_v4_3\BuildOutput\THUMB2\GCC4.4\le\FLASH\debug\EmoteDotNow\lib\tmp_Tinybooter.lib(netmf_gpio.obj)
                0x08005e30                CPU_GPIO_Attributes(unsigned int)
 .text._Z24CPU_GPIO_EnableOutputPinjj
                0x08005e48       0x68 D:\Main\Work\SOURCE\WORKING\DotNet-MF\MicroFrameworkPK_v4_3\BuildOutput\THUMB2\GCC4.4\le\FLASH\debug\EmoteDotNow\lib\tmp_Tinybooter.lib(netmf_gpio.obj)
                0x08005e48                CPU_GPIO_EnableOutputPin(unsigned int, unsigned int)
 .text._Z20CPU_GPIO_GetPinStatej
                0x08005eb0       0x78 D:\Main\Work\SOURCE\WORKING\DotNet-MF\MicroFrameworkPK_v4_3\BuildOutput\THUMB2\GCC4.4\le\FLASH\debug\EmoteDotNow\lib\tmp_Tinybooter.lib(netmf_gpio.obj)
                0x08005eb0                CPU_GPIO_GetPinState(unsigned int)
 .text._Z20CPU_GPIO_SetPinStatejj
                0x08005f28       0x54 D:\Main\Work\SOURCE\WORKING\DotNet-MF\MicroFrameworkPK_v4_3\BuildOutput\THUMB2\GCC4.4\le\FLASH\debug\EmoteDotNow\lib\tmp_Tinybooter.lib(netmf_gpio.obj)
                0x08005f28                CPU_GPIO_SetPinState(unsigned int, unsigned int)
 .text._Z18CPU_TicksPerSecondv
                0x08005f7c       0x14 D:\Main\Work\SOURCE\WORKING\DotNet-MF\MicroFrameworkPK_v4_3\BuildOutput\THUMB2\GCC4.4\le\FLASH\debug\EmoteDotNow\lib\tmp_Tinybooter.lib(netmf_time_functions.obj)
                0x08005f7c                CPU_TicksPerSecond()
 .text._Z15CPU_TicksToTimey
                0x08005f90       0x58 D:\Main\Work\SOURCE\WORKING\DotNet-MF\MicroFrameworkPK_v4_3\BuildOutput\THUMB2\GCC4.4\le\FLASH\debug\EmoteDotNow\lib\tmp_Tinybooter.lib(netmf_time_functions.obj)
                0x08005f90                CPU_TicksToTime(unsigned long long)
 .text._Z23CPU_MillisecondsToTicksj
                0x08005fe8       0x84 D:\Main\Work\SOURCE\WORKING\DotNet-MF\MicroFrameworkPK_v4_3\BuildOutput\THUMB2\GCC4.4\le\FLASH\debug\EmoteDotNow\lib\tmp_Tinybooter.lib(netmf_time_functions.obj)
                0x08005fe8                CPU_MillisecondsToTicks(unsigned int)
 .text._Z23CPU_MicrosecondsToTicksj
                0x0800606c       0x24 D:\Main\Work\SOURCE\WORKING\DotNet-MF\MicroFrameworkPK_v4_3\BuildOutput\THUMB2\GCC4.4\le\FLASH\debug\EmoteDotNow\lib\tmp_Tinybooter.lib(netmf_time_functions.obj)
                0x0800606c                CPU_MicrosecondsToTicks(unsigned int)
 .text._Z19HAL_Time_Initializev
                0x08006090       0x10 D:\Main\Work\SOURCE\WORKING\DotNet-MF\MicroFrameworkPK_v4_3\BuildOutput\THUMB2\GCC4.4\le\FLASH\debug\EmoteDotNow\lib\tmp_Tinybooter.lib(netmf_time_functions.obj)
                0x08006090                HAL_Time_Initialize()
 .text.HAL_Time_CurrentTicks
                0x080060a0       0x14 D:\Main\Work\SOURCE\WORKING\DotNet-MF\MicroFrameworkPK_v4_3\BuildOutput\THUMB2\GCC4.4\le\FLASH\debug\EmoteDotNow\lib\tmp_Tinybooter.lib(netmf_time_functions.obj)
                0x080060a0                HAL_Time_CurrentTicks
 .text._Z20HAL_Time_TicksToTimey
                0x080060b4       0x24 D:\Main\Work\SOURCE\WORKING\DotNet-MF\MicroFrameworkPK_v4_3\BuildOutput\THUMB2\GCC4.4\le\FLASH\debug\EmoteDotNow\lib\tmp_Tinybooter.lib(netmf_time_functions.obj)
                0x080060b4                HAL_Time_TicksToTime(unsigned long long)
 .text._Z19HAL_Time_SetComparey
                0x080060d8       0x1c D:\Main\Work\SOURCE\WORKING\DotNet-MF\MicroFrameworkPK_v4_3\BuildOutput\THUMB2\GCC4.4\le\FLASH\debug\EmoteDotNow\lib\tmp_Tinybooter.lib(netmf_time_functions.obj)
                0x080060d8                HAL_Time_SetCompare(unsigned long long)
 .text._Z27HAL_Time_Sleep_MicroSecondsj
                0x080060f4       0x18 D:\Main\Work\SOURCE\WORKING\DotNet-MF\MicroFrameworkPK_v4_3\BuildOutput\THUMB2\GCC4.4\le\FLASH\debug\EmoteDotNow\lib\tmp_Tinybooter.lib(netmf_time_functions.obj)
                0x080060f4                HAL_Time_Sleep_MicroSeconds(unsigned int)
 .text._Z44HAL_Time_Sleep_MicroSeconds_InterruptEnabledj
                0x0800610c       0x18 D:\Main\Work\SOURCE\WORKING\DotNet-MF\MicroFrameworkPK_v4_3\BuildOutput\THUMB2\GCC4.4\le\FLASH\debug\EmoteDotNow\lib\tmp_Tinybooter.lib(netmf_time_functions.obj)
                0x0800610c                HAL_Time_Sleep_MicroSeconds_InterruptEnabled(unsigned int)
 .text._Z7COMInitiP17USART_InitTypeDef
                0x08006124      0x194 D:\Main\Work\SOURCE\WORKING\DotNet-MF\MicroFrameworkPK_v4_3\BuildOutput\THUMB2\GCC4.4\le\FLASH\debug\EmoteDotNow\lib\tmp_Tinybooter.lib(netmf_usart.obj)
                0x08006124                COMInit(int, USART_InitTypeDef*)
 .text._Z20CPU_USART_Initializeiiiiii
                0x080062b8       0xe0 D:\Main\Work\SOURCE\WORKING\DotNet-MF\MicroFrameworkPK_v4_3\BuildOutput\THUMB2\GCC4.4\le\FLASH\debug\EmoteDotNow\lib\tmp_Tinybooter.lib(netmf_usart.obj)
                0x080062b8                CPU_USART_Initialize(int, int, int, int, int, int)
 .text._Z22CPU_USART_Uninitializei
                0x08006398       0x40 D:\Main\Work\SOURCE\WORKING\DotNet-MF\MicroFrameworkPK_v4_3\BuildOutput\THUMB2\GCC4.4\le\FLASH\debug\EmoteDotNow\lib\tmp_Tinybooter.lib(netmf_usart.obj)
                0x08006398                CPU_USART_Uninitialize(int)
 .text._Z23CPU_USART_TxBufferEmptyi
                0x080063d8       0x58 D:\Main\Work\SOURCE\WORKING\DotNet-MF\MicroFrameworkPK_v4_3\BuildOutput\THUMB2\GCC4.4\le\FLASH\debug\EmoteDotNow\lib\tmp_Tinybooter.lib(netmf_usart.obj)
                0x080063d8                CPU_USART_TxBufferEmpty(int)
 .text._Z30CPU_USART_TxShiftRegisterEmptyi
                0x08006430       0x58 D:\Main\Work\SOURCE\WORKING\DotNet-MF\MicroFrameworkPK_v4_3\BuildOutput\THUMB2\GCC4.4\le\FLASH\debug\EmoteDotNow\lib\tmp_Tinybooter.lib(netmf_usart.obj)
                0x08006430                CPU_USART_TxShiftRegisterEmpty(int)
 .text._Z29CPU_USART_WriteCharToTxBufferih
                0x08006488       0x50 D:\Main\Work\SOURCE\WORKING\DotNet-MF\MicroFrameworkPK_v4_3\BuildOutput\THUMB2\GCC4.4\le\FLASH\debug\EmoteDotNow\lib\tmp_Tinybooter.lib(netmf_usart.obj)
                0x08006488                CPU_USART_WriteCharToTxBuffer(int, unsigned char)
 .text._Z38CPU_USART_TxBufferEmptyInterruptEnableij
                0x080064d8       0x54 D:\Main\Work\SOURCE\WORKING\DotNet-MF\MicroFrameworkPK_v4_3\BuildOutput\THUMB2\GCC4.4\le\FLASH\debug\EmoteDotNow\lib\tmp_Tinybooter.lib(netmf_usart.obj)
                0x080064d8                CPU_USART_TxBufferEmptyInterruptEnable(int, unsigned int)
 .text._Z37CPU_USART_TxBufferEmptyInterruptStatei
                0x0800652c       0x58 D:\Main\Work\SOURCE\WORKING\DotNet-MF\MicroFrameworkPK_v4_3\BuildOutput\THUMB2\GCC4.4\le\FLASH\debug\EmoteDotNow\lib\tmp_Tinybooter.lib(netmf_usart.obj)
                0x0800652c                CPU_USART_TxBufferEmptyInterruptState(int)
 .text._Z37CPU_USART_RxBufferFullInterruptEnableij
                0x08006584       0x88 D:\Main\Work\SOURCE\WORKING\DotNet-MF\MicroFrameworkPK_v4_3\BuildOutput\THUMB2\GCC4.4\le\FLASH\debug\EmoteDotNow\lib\tmp_Tinybooter.lib(netmf_usart.obj)
                0x08006584                CPU_USART_RxBufferFullInterruptEnable(int, unsigned int)
 .text._Z33CPU_USART_TxHandshakeEnabledStatei
                0x0800660c       0x18 D:\Main\Work\SOURCE\WORKING\DotNet-MF\MicroFrameworkPK_v4_3\BuildOutput\THUMB2\GCC4.4\le\FLASH\debug\EmoteDotNow\lib\tmp_Tinybooter.lib(netmf_usart.obj)
                0x0800660c                CPU_USART_TxHandshakeEnabledState(int)
 .text.USART1_Handler
                0x08006624      0x1a0 D:\Main\Work\SOURCE\WORKING\DotNet-MF\MicroFrameworkPK_v4_3\BuildOutput\THUMB2\GCC4.4\le\FLASH\debug\EmoteDotNow\lib\tmp_Tinybooter.lib(netmf_usart.obj)
                0x08006624                USART1_Handler
 .text.USART2_Handler
                0x080067c4       0xb8 D:\Main\Work\SOURCE\WORKING\DotNet-MF\MicroFrameworkPK_v4_3\BuildOutput\THUMB2\GCC4.4\le\FLASH\debug\EmoteDotNow\lib\tmp_Tinybooter.lib(netmf_usart.obj)
                0x080067c4                USART2_Handler
 .text._Z21SimpleHeap_InitializePvj
                0x0800687c       0x5c D:\Main\Work\SOURCE\WORKING\DotNet-MF\MicroFrameworkPK_v4_3\BuildOutput\THUMB2\GCC4.4\le\FLASH\debug\EmoteDotNow\lib\tmp_Tinybooter.lib(SimpleHeap.obj)
                0x0800687c                SimpleHeap_Initialize(void*, unsigned int)
 .text._Z18SimpleHeap_ReleasePv
                0x080068d8      0x174 D:\Main\Work\SOURCE\WORKING\DotNet-MF\MicroFrameworkPK_v4_3\BuildOutput\THUMB2\GCC4.4\le\FLASH\debug\EmoteDotNow\lib\tmp_Tinybooter.lib(SimpleHeap.obj)
                0x080068d8                SimpleHeap_Release(void*)
 .text._Z19SimpleHeap_Allocatej
                0x08006a4c      0x120 D:\Main\Work\SOURCE\WORKING\DotNet-MF\MicroFrameworkPK_v4_3\BuildOutput\THUMB2\GCC4.4\le\FLASH\debug\EmoteDotNow\lib\tmp_Tinybooter.lib(SimpleHeap.obj)
                0x08006a4c                SimpleHeap_Allocate(unsigned int)
 .text._ZN12SmartPtr_IRQC1EPv
                0x08006b6c       0x24 D:\Main\Work\SOURCE\WORKING\DotNet-MF\MicroFrameworkPK_v4_3\BuildOutput\THUMB2\GCC4.4\le\FLASH\debug\EmoteDotNow\lib\tmp_Tinybooter.lib(SmartPtr_thumb2.obj)
                0x08006b6c                SmartPtr_IRQ::SmartPtr_IRQ(void*)
 .text._ZN12SmartPtr_IRQD1Ev
                0x08006b90       0x1c D:\Main\Work\SOURCE\WORKING\DotNet-MF\MicroFrameworkPK_v4_3\BuildOutput\THUMB2\GCC4.4\le\FLASH\debug\EmoteDotNow\lib\tmp_Tinybooter.lib(SmartPtr_thumb2.obj)
                0x08006b90                SmartPtr_IRQ::~SmartPtr_IRQ()
 .text._ZN12SmartPtr_IRQ11WasDisabledEv
                0x08006bac       0x24 D:\Main\Work\SOURCE\WORKING\DotNet-MF\MicroFrameworkPK_v4_3\BuildOutput\THUMB2\GCC4.4\le\FLASH\debug\EmoteDotNow\lib\tmp_Tinybooter.lib(SmartPtr_thumb2.obj)
                0x08006bac                SmartPtr_IRQ::WasDisabled()
 .text._ZN12SmartPtr_IRQ7AcquireEv
                0x08006bd0       0x28 D:\Main\Work\SOURCE\WORKING\DotNet-MF\MicroFrameworkPK_v4_3\BuildOutput\THUMB2\GCC4.4\le\FLASH\debug\EmoteDotNow\lib\tmp_Tinybooter.lib(SmartPtr_thumb2.obj)
                0x08006bd0                SmartPtr_IRQ::Acquire()
 .text._ZN12SmartPtr_IRQ7ReleaseEv
                0x08006bf8       0x38 D:\Main\Work\SOURCE\WORKING\DotNet-MF\MicroFrameworkPK_v4_3\BuildOutput\THUMB2\GCC4.4\le\FLASH\debug\EmoteDotNow\lib\tmp_Tinybooter.lib(SmartPtr_thumb2.obj)
                0x08006bf8                SmartPtr_IRQ::Release()
 .text._ZN12SmartPtr_IRQ5ProbeEv
                0x08006c30       0x28 D:\Main\Work\SOURCE\WORKING\DotNet-MF\MicroFrameworkPK_v4_3\BuildOutput\THUMB2\GCC4.4\le\FLASH\debug\EmoteDotNow\lib\tmp_Tinybooter.lib(SmartPtr_thumb2.obj)
                0x08006c30                SmartPtr_IRQ::Probe()
 .text._ZN12SmartPtr_IRQ8GetStateEPv
                0x08006c58       0x24 D:\Main\Work\SOURCE\WORKING\DotNet-MF\MicroFrameworkPK_v4_3\BuildOutput\THUMB2\GCC4.4\le\FLASH\debug\EmoteDotNow\lib\tmp_Tinybooter.lib(SmartPtr_thumb2.obj)
                0x08006c58                SmartPtr_IRQ::GetState(void*)
 .text._ZN12SmartPtr_IRQ13ForceDisabledEPv
                0x08006c7c       0x1c D:\Main\Work\SOURCE\WORKING\DotNet-MF\MicroFrameworkPK_v4_3\BuildOutput\THUMB2\GCC4.4\le\FLASH\debug\EmoteDotNow\lib\tmp_Tinybooter.lib(SmartPtr_thumb2.obj)
                0x08006c7c                SmartPtr_IRQ::ForceDisabled(void*)
 .text._ZN12SmartPtr_IRQ12ForceEnabledEPv
                0x08006c98       0x1c D:\Main\Work\SOURCE\WORKING\DotNet-MF\MicroFrameworkPK_v4_3\BuildOutput\THUMB2\GCC4.4\le\FLASH\debug\EmoteDotNow\lib\tmp_Tinybooter.lib(SmartPtr_thumb2.obj)
                0x08006c98                SmartPtr_IRQ::ForceEnabled(void*)
 .text._ZN12SmartPtr_IRQ7DisableEv
                0x08006cb4       0x1c D:\Main\Work\SOURCE\WORKING\DotNet-MF\MicroFrameworkPK_v4_3\BuildOutput\THUMB2\GCC4.4\le\FLASH\debug\EmoteDotNow\lib\tmp_Tinybooter.lib(SmartPtr_thumb2.obj)
                0x08006cb4                SmartPtr_IRQ::Disable()
 .text._ZN12SmartPtr_IRQ7RestoreEv
                0x08006cd0       0x14 D:\Main\Work\SOURCE\WORKING\DotNet-MF\MicroFrameworkPK_v4_3\BuildOutput\THUMB2\GCC4.4\le\FLASH\debug\EmoteDotNow\lib\tmp_Tinybooter.lib(SmartPtr_thumb2.obj)
                0x08006cd0                SmartPtr_IRQ::Restore()
 .text._Z18Network_Initializev
                0x08006ce4       0x10 D:\Main\Work\SOURCE\WORKING\DotNet-MF\MicroFrameworkPK_v4_3\BuildOutput\THUMB2\GCC4.4\le\FLASH\debug\EmoteDotNow\lib\tmp_Tinybooter.lib(sockets_Stubs.obj)
                0x08006ce4                Network_Initialize()
 .text._Z18SOCKETS_Initializei
                0x08006cf4       0x18 D:\Main\Work\SOURCE\WORKING\DotNet-MF\MicroFrameworkPK_v4_3\BuildOutput\THUMB2\GCC4.4\le\FLASH\debug\EmoteDotNow\lib\tmp_Tinybooter.lib(sockets_Stubs.obj)
                0x08006cf4                SOCKETS_Initialize(int)
 .text._Z20SOCKETS_Uninitializei
                0x08006d0c       0x18 D:\Main\Work\SOURCE\WORKING\DotNet-MF\MicroFrameworkPK_v4_3\BuildOutput\THUMB2\GCC4.4\le\FLASH\debug\EmoteDotNow\lib\tmp_Tinybooter.lib(sockets_Stubs.obj)
                0x08006d0c                SOCKETS_Uninitialize(int)
 .text._Z13SOCKETS_WriteiPKcj
                0x08006d24       0x1c D:\Main\Work\SOURCE\WORKING\DotNet-MF\MicroFrameworkPK_v4_3\BuildOutput\THUMB2\GCC4.4\le\FLASH\debug\EmoteDotNow\lib\tmp_Tinybooter.lib(sockets_Stubs.obj)
                0x08006d24                SOCKETS_Write(int, char const*, unsigned int)
 .text._Z12SOCKETS_ReadiPcj
                0x08006d40       0x1c D:\Main\Work\SOURCE\WORKING\DotNet-MF\MicroFrameworkPK_v4_3\BuildOutput\THUMB2\GCC4.4\le\FLASH\debug\EmoteDotNow\lib\tmp_Tinybooter.lib(sockets_Stubs.obj)
                0x08006d40                SOCKETS_Read(int, char*, unsigned int)
 .text._Z13SOCKETS_Flushi
                0x08006d5c       0x18 D:\Main\Work\SOURCE\WORKING\DotNet-MF\MicroFrameworkPK_v4_3\BuildOutput\THUMB2\GCC4.4\le\FLASH\debug\EmoteDotNow\lib\tmp_Tinybooter.lib(sockets_Stubs.obj)
                0x08006d5c                SOCKETS_Flush(int)
 .text._Z19CPU_INTC_Initializev
                0x08006d74        0xc D:\Main\Work\SOURCE\WORKING\DotNet-MF\MicroFrameworkPK_v4_3\BuildOutput\THUMB2\GCC4.4\le\FLASH\debug\EmoteDotNow\lib\tmp_Tinybooter.lib(STM32_nvic_functions.obj)
                0x08006d74                CPU_INTC_Initialize()
 .text._Z26CPU_INTC_ActivateInterruptjPFvPvES_
                0x08006d80       0x28 D:\Main\Work\SOURCE\WORKING\DotNet-MF\MicroFrameworkPK_v4_3\BuildOutput\THUMB2\GCC4.4\le\FLASH\debug\EmoteDotNow\lib\tmp_Tinybooter.lib(STM32_nvic_functions.obj)
                0x08006d80                CPU_INTC_ActivateInterrupt(unsigned int, void (*)(void*), void*)
 .text._Z29CPU_INTC_InterruptEnableStatej
                0x08006da8       0x1c D:\Main\Work\SOURCE\WORKING\DotNet-MF\MicroFrameworkPK_v4_3\BuildOutput\THUMB2\GCC4.4\le\FLASH\debug\EmoteDotNow\lib\tmp_Tinybooter.lib(STM32_nvic_functions.obj)
                0x08006da8                CPU_INTC_InterruptEnableState(unsigned int)
 .text.GPIO_Init
                0x08006dc4      0x1c0 D:\Main\Work\SOURCE\WORKING\DotNet-MF\MicroFrameworkPK_v4_3\BuildOutput\THUMB2\GCC4.4\le\FLASH\debug\EmoteDotNow\lib\tmp_Tinybooter.lib(STM32F10x_gpio.obj)
                0x08006dc4                GPIO_Init
 .text.GPIO_StructInit
                0x08006f84       0x2c D:\Main\Work\SOURCE\WORKING\DotNet-MF\MicroFrameworkPK_v4_3\BuildOutput\THUMB2\GCC4.4\le\FLASH\debug\EmoteDotNow\lib\tmp_Tinybooter.lib(STM32F10x_gpio.obj)
                0x08006f84                GPIO_StructInit
 .text.GPIO_ReadInputDataBit
                0x08006fb0       0x3c D:\Main\Work\SOURCE\WORKING\DotNet-MF\MicroFrameworkPK_v4_3\BuildOutput\THUMB2\GCC4.4\le\FLASH\debug\EmoteDotNow\lib\tmp_Tinybooter.lib(STM32F10x_gpio.obj)
                0x08006fb0                GPIO_ReadInputDataBit
 .text.GPIO_ReadOutputDataBit
                0x08006fec       0x3c D:\Main\Work\SOURCE\WORKING\DotNet-MF\MicroFrameworkPK_v4_3\BuildOutput\THUMB2\GCC4.4\le\FLASH\debug\EmoteDotNow\lib\tmp_Tinybooter.lib(STM32F10x_gpio.obj)
                0x08006fec                GPIO_ReadOutputDataBit
 .text.GPIO_WriteBit
                0x08007028       0x30 D:\Main\Work\SOURCE\WORKING\DotNet-MF\MicroFrameworkPK_v4_3\BuildOutput\THUMB2\GCC4.4\le\FLASH\debug\EmoteDotNow\lib\tmp_Tinybooter.lib(STM32F10x_gpio.obj)
                0x08007028                GPIO_WriteBit
 .text.GPIO_PinRemapConfig
                0x08007058      0x124 D:\Main\Work\SOURCE\WORKING\DotNet-MF\MicroFrameworkPK_v4_3\BuildOutput\THUMB2\GCC4.4\le\FLASH\debug\EmoteDotNow\lib\tmp_Tinybooter.lib(STM32F10x_gpio.obj)
                0x08007058                GPIO_PinRemapConfig
 .text.RCC_DeInit
                0x0800717c       0x9c D:\Main\Work\SOURCE\WORKING\DotNet-MF\MicroFrameworkPK_v4_3\BuildOutput\THUMB2\GCC4.4\le\FLASH\debug\EmoteDotNow\lib\tmp_Tinybooter.lib(STM32F10x_rcc.obj)
                0x0800717c                RCC_DeInit
 .text.RCC_HSEConfig
                0x08007218       0x84 D:\Main\Work\SOURCE\WORKING\DotNet-MF\MicroFrameworkPK_v4_3\BuildOutput\THUMB2\GCC4.4\le\FLASH\debug\EmoteDotNow\lib\tmp_Tinybooter.lib(STM32F10x_rcc.obj)
                0x08007218                RCC_HSEConfig
 .text.RCC_PLLConfig
                0x0800729c       0x4c D:\Main\Work\SOURCE\WORKING\DotNet-MF\MicroFrameworkPK_v4_3\BuildOutput\THUMB2\GCC4.4\le\FLASH\debug\EmoteDotNow\lib\tmp_Tinybooter.lib(STM32F10x_rcc.obj)
                0x0800729c                RCC_PLLConfig
 .text.RCC_PLLCmd
                0x080072e8       0x20 D:\Main\Work\SOURCE\WORKING\DotNet-MF\MicroFrameworkPK_v4_3\BuildOutput\THUMB2\GCC4.4\le\FLASH\debug\EmoteDotNow\lib\tmp_Tinybooter.lib(STM32F10x_rcc.obj)
                0x080072e8                RCC_PLLCmd
 .text.RCC_SYSCLKConfig
                0x08007308       0x44 D:\Main\Work\SOURCE\WORKING\DotNet-MF\MicroFrameworkPK_v4_3\BuildOutput\THUMB2\GCC4.4\le\FLASH\debug\EmoteDotNow\lib\tmp_Tinybooter.lib(STM32F10x_rcc.obj)
                0x08007308                RCC_SYSCLKConfig
 .text.RCC_GetSYSCLKSource
                0x0800734c       0x1c D:\Main\Work\SOURCE\WORKING\DotNet-MF\MicroFrameworkPK_v4_3\BuildOutput\THUMB2\GCC4.4\le\FLASH\debug\EmoteDotNow\lib\tmp_Tinybooter.lib(STM32F10x_rcc.obj)
                0x0800734c                RCC_GetSYSCLKSource
 .text.RCC_HCLKConfig
                0x08007368       0x44 D:\Main\Work\SOURCE\WORKING\DotNet-MF\MicroFrameworkPK_v4_3\BuildOutput\THUMB2\GCC4.4\le\FLASH\debug\EmoteDotNow\lib\tmp_Tinybooter.lib(STM32F10x_rcc.obj)
                0x08007368                RCC_HCLKConfig
 .text.RCC_PCLK1Config
                0x080073ac       0x44 D:\Main\Work\SOURCE\WORKING\DotNet-MF\MicroFrameworkPK_v4_3\BuildOutput\THUMB2\GCC4.4\le\FLASH\debug\EmoteDotNow\lib\tmp_Tinybooter.lib(STM32F10x_rcc.obj)
                0x080073ac                RCC_PCLK1Config
 .text.RCC_PCLK2Config
                0x080073f0       0x48 D:\Main\Work\SOURCE\WORKING\DotNet-MF\MicroFrameworkPK_v4_3\BuildOutput\THUMB2\GCC4.4\le\FLASH\debug\EmoteDotNow\lib\tmp_Tinybooter.lib(STM32F10x_rcc.obj)
                0x080073f0                RCC_PCLK2Config
 .text.RCC_ADCCLKConfig
                0x08007438       0x44 D:\Main\Work\SOURCE\WORKING\DotNet-MF\MicroFrameworkPK_v4_3\BuildOutput\THUMB2\GCC4.4\le\FLASH\debug\EmoteDotNow\lib\tmp_Tinybooter.lib(STM32F10x_rcc.obj)
                0x08007438                RCC_ADCCLKConfig
 .text.RCC_GetClocksFreq
                0x0800747c      0x1c8 D:\Main\Work\SOURCE\WORKING\DotNet-MF\MicroFrameworkPK_v4_3\BuildOutput\THUMB2\GCC4.4\le\FLASH\debug\EmoteDotNow\lib\tmp_Tinybooter.lib(STM32F10x_rcc.obj)
                0x0800747c                RCC_GetClocksFreq
 .text.RCC_AHBPeriphClockCmd
                0x08007644       0x58 D:\Main\Work\SOURCE\WORKING\DotNet-MF\MicroFrameworkPK_v4_3\BuildOutput\THUMB2\GCC4.4\le\FLASH\debug\EmoteDotNow\lib\tmp_Tinybooter.lib(STM32F10x_rcc.obj)
                0x08007644                RCC_AHBPeriphClockCmd
 .text.RCC_APB2PeriphClockCmd
                0x0800769c       0x58 D:\Main\Work\SOURCE\WORKING\DotNet-MF\MicroFrameworkPK_v4_3\BuildOutput\THUMB2\GCC4.4\le\FLASH\debug\EmoteDotNow\lib\tmp_Tinybooter.lib(STM32F10x_rcc.obj)
                0x0800769c                RCC_APB2PeriphClockCmd
 .text.RCC_APB1PeriphClockCmd
                0x080076f4       0x58 D:\Main\Work\SOURCE\WORKING\DotNet-MF\MicroFrameworkPK_v4_3\BuildOutput\THUMB2\GCC4.4\le\FLASH\debug\EmoteDotNow\lib\tmp_Tinybooter.lib(STM32F10x_rcc.obj)
                0x080076f4                RCC_APB1PeriphClockCmd
 .text.RCC_APB2PeriphResetCmd
                0x0800774c       0x58 D:\Main\Work\SOURCE\WORKING\DotNet-MF\MicroFrameworkPK_v4_3\BuildOutput\THUMB2\GCC4.4\le\FLASH\debug\EmoteDotNow\lib\tmp_Tinybooter.lib(STM32F10x_rcc.obj)
                0x0800774c                RCC_APB2PeriphResetCmd
 .text.RCC_APB1PeriphResetCmd
                0x080077a4       0x58 D:\Main\Work\SOURCE\WORKING\DotNet-MF\MicroFrameworkPK_v4_3\BuildOutput\THUMB2\GCC4.4\le\FLASH\debug\EmoteDotNow\lib\tmp_Tinybooter.lib(STM32F10x_rcc.obj)
                0x080077a4                RCC_APB1PeriphResetCmd
 .text.RCC_GetFlagStatus
                0x080077fc       0x90 D:\Main\Work\SOURCE\WORKING\DotNet-MF\MicroFrameworkPK_v4_3\BuildOutput\THUMB2\GCC4.4\le\FLASH\debug\EmoteDotNow\lib\tmp_Tinybooter.lib(STM32F10x_rcc.obj)
                0x080077fc                RCC_GetFlagStatus
 .text.USART_DeInit
                0x0800788c       0xd8 D:\Main\Work\SOURCE\WORKING\DotNet-MF\MicroFrameworkPK_v4_3\BuildOutput\THUMB2\GCC4.4\le\FLASH\debug\EmoteDotNow\lib\tmp_Tinybooter.lib(STM32F10x_usart.obj)
                0x0800788c                USART_DeInit
 .text.USART_Init
                0x08007964      0x1c8 D:\Main\Work\SOURCE\WORKING\DotNet-MF\MicroFrameworkPK_v4_3\BuildOutput\THUMB2\GCC4.4\le\FLASH\debug\EmoteDotNow\lib\tmp_Tinybooter.lib(STM32F10x_usart.obj)
                0x08007964                USART_Init
 .text.USART_Cmd
                0x08007b2c       0x4c D:\Main\Work\SOURCE\WORKING\DotNet-MF\MicroFrameworkPK_v4_3\BuildOutput\THUMB2\GCC4.4\le\FLASH\debug\EmoteDotNow\lib\tmp_Tinybooter.lib(STM32F10x_usart.obj)
                0x08007b2c                USART_Cmd
 .text.USART_ITConfig
                0x08007b78       0xa8 D:\Main\Work\SOURCE\WORKING\DotNet-MF\MicroFrameworkPK_v4_3\BuildOutput\THUMB2\GCC4.4\le\FLASH\debug\EmoteDotNow\lib\tmp_Tinybooter.lib(STM32F10x_usart.obj)
                0x08007b78                USART_ITConfig
 .text.USART_SendData
                0x08007c20       0x24 D:\Main\Work\SOURCE\WORKING\DotNet-MF\MicroFrameworkPK_v4_3\BuildOutput\THUMB2\GCC4.4\le\FLASH\debug\EmoteDotNow\lib\tmp_Tinybooter.lib(STM32F10x_usart.obj)
                0x08007c20                USART_SendData
 .text.USART_ReceiveData
                0x08007c44       0x24 D:\Main\Work\SOURCE\WORKING\DotNet-MF\MicroFrameworkPK_v4_3\BuildOutput\THUMB2\GCC4.4\le\FLASH\debug\EmoteDotNow\lib\tmp_Tinybooter.lib(STM32F10x_usart.obj)
                0x08007c44                USART_ReceiveData
 .text.USART_GetFlagStatus
                0x08007c68       0x40 D:\Main\Work\SOURCE\WORKING\DotNet-MF\MicroFrameworkPK_v4_3\BuildOutput\THUMB2\GCC4.4\le\FLASH\debug\EmoteDotNow\lib\tmp_Tinybooter.lib(STM32F10x_usart.obj)
                0x08007c68                USART_GetFlagStatus
 .text.USART_GetITStatus
                0x08007ca8       0xcc D:\Main\Work\SOURCE\WORKING\DotNet-MF\MicroFrameworkPK_v4_3\BuildOutput\THUMB2\GCC4.4\le\FLASH\debug\EmoteDotNow\lib\tmp_Tinybooter.lib(STM32F10x_usart.obj)
                0x08007ca8                USART_GetITStatus
 .text.LED_ORANGE_OFF
                0x08007d74       0x18 D:\Main\Work\SOURCE\WORKING\DotNet-MF\MicroFrameworkPK_v4_3\BuildOutput\THUMB2\GCC4.4\le\FLASH\debug\EmoteDotNow\lib\tmp_Tinybooter.lib(STM32F10x_usart.obj)
                0x08007d74                LED_ORANGE_OFF
 .text.Crypto_StartRSAOperationWithKey
                0x08007d8c       0x24 D:\Main\Work\SOURCE\WORKING\DotNet-MF\MicroFrameworkPK_v4_3\BuildOutput\THUMB2\GCC4.4\le\FLASH\debug\EmoteDotNow\lib\tmp_Tinybooter.lib(stubs.obj)
                0x08007d8c                Crypto_StartRSAOperationWithKey
 .text.Crypto_StepRSAOperation
                0x08007db0       0x1c D:\Main\Work\SOURCE\WORKING\DotNet-MF\MicroFrameworkPK_v4_3\BuildOutput\THUMB2\GCC4.4\le\FLASH\debug\EmoteDotNow\lib\tmp_Tinybooter.lib(stubs.obj)
                0x08007db0                Crypto_StepRSAOperation
 .text.Crypto_AbortRSAOperation
                0x08007dcc       0x1c D:\Main\Work\SOURCE\WORKING\DotNet-MF\MicroFrameworkPK_v4_3\BuildOutput\THUMB2\GCC4.4\le\FLASH\debug\EmoteDotNow\lib\tmp_Tinybooter.lib(stubs.obj)
                0x08007dcc                Crypto_AbortRSAOperation
 .text._Z17CPU_DisableCachesv
                0x08007de8        0xc D:\Main\Work\SOURCE\WORKING\DotNet-MF\MicroFrameworkPK_v4_3\BuildOutput\THUMB2\GCC4.4\le\FLASH\debug\EmoteDotNow\lib\tmp_Tinybooter.lib(stubs_functions_cache.obj)
                0x08007de8                CPU_DisableCaches()
 .text._Z24CPU_GetUncachableAddressj
                0x08007df4       0x18 D:\Main\Work\SOURCE\WORKING\DotNet-MF\MicroFrameworkPK_v4_3\BuildOutput\THUMB2\GCC4.4\le\FLASH\debug\EmoteDotNow\lib\tmp_Tinybooter.lib(stubs_functions_cache.obj)
                0x08007df4                CPU_GetUncachableAddress(unsigned int)
 .text._Z12HAL_AssertExv
                0x08007e0c        0xc D:\Main\Work\SOURCE\WORKING\DotNet-MF\MicroFrameworkPK_v4_3\BuildOutput\THUMB2\GCC4.4\le\FLASH\debug\EmoteDotNow\lib\tmp_Tinybooter.lib(stubs_functions_power.obj)
                0x08007e0c                HAL_AssertEx()
 .text._Z14CPU_Initializev
                0x08007e18       0x10 D:\Main\Work\SOURCE\WORKING\DotNet-MF\MicroFrameworkPK_v4_3\BuildOutput\THUMB2\GCC4.4\le\FLASH\debug\EmoteDotNow\lib\tmp_Tinybooter.lib(stubs_functions_power.obj)
                0x08007e18                CPU_Initialize()
 .text._Z9CPU_Resetv
                0x08007e28        0xc D:\Main\Work\SOURCE\WORKING\DotNet-MF\MicroFrameworkPK_v4_3\BuildOutput\THUMB2\GCC4.4\le\FLASH\debug\EmoteDotNow\lib\tmp_Tinybooter.lib(stubs_functions_power.obj)
                0x08007e28                CPU_Reset()
 .text._Z9CPU_Sleep11SLEEP_LEVELy
                0x08007e34       0x1c D:\Main\Work\SOURCE\WORKING\DotNet-MF\MicroFrameworkPK_v4_3\BuildOutput\THUMB2\GCC4.4\le\FLASH\debug\EmoteDotNow\lib\tmp_Tinybooter.lib(stubs_functions_power.obj)
                0x08007e34                CPU_Sleep(SLEEP_LEVEL, unsigned long long)
 .text._Z8CPU_Haltv
                0x08007e50        0xc D:\Main\Work\SOURCE\WORKING\DotNet-MF\MicroFrameworkPK_v4_3\BuildOutput\THUMB2\GCC4.4\le\FLASH\debug\EmoteDotNow\lib\tmp_Tinybooter.lib(stubs_functions_power.obj)
                0x08007e50                CPU_Halt()
 .text._Z10hal_printfPKcz
                0x08007e5c       0x2c D:\Main\Work\SOURCE\WORKING\DotNet-MF\MicroFrameworkPK_v4_3\BuildOutput\THUMB2\GCC4.4\le\FLASH\debug\EmoteDotNow\lib\tmp_Tinybooter.lib(tinycrt.obj)
                0x08007e5c                hal_printf(char const*, ...)
 .text._Z11hal_vprintfPKcSt9__va_list
                0x08007e88       0x2c D:\Main\Work\SOURCE\WORKING\DotNet-MF\MicroFrameworkPK_v4_3\BuildOutput\THUMB2\GCC4.4\le\FLASH\debug\EmoteDotNow\lib\tmp_Tinybooter.lib(tinycrt.obj)
                0x08007e88                hal_vprintf(char const*, std::__va_list)
 .text._Z11hal_fprintfiPKcz
                0x08007eb4       0x30 D:\Main\Work\SOURCE\WORKING\DotNet-MF\MicroFrameworkPK_v4_3\BuildOutput\THUMB2\GCC4.4\le\FLASH\debug\EmoteDotNow\lib\tmp_Tinybooter.lib(tinycrt.obj)
                0x08007eb4                hal_fprintf(int, char const*, ...)
 .text._Z12hal_vfprintfiPKcSt9__va_list
                0x08007ee4      0x10c D:\Main\Work\SOURCE\WORKING\DotNet-MF\MicroFrameworkPK_v4_3\BuildOutput\THUMB2\GCC4.4\le\FLASH\debug\EmoteDotNow\lib\tmp_Tinybooter.lib(tinycrt.obj)
                0x08007ee4                hal_vfprintf(int, char const*, std::__va_list)
 .text._Z13hal_vsnprintfPcjPKcSt9__va_list
                0x08007ff0       0x28 D:\Main\Work\SOURCE\WORKING\DotNet-MF\MicroFrameworkPK_v4_3\BuildOutput\THUMB2\GCC4.4\le\FLASH\debug\EmoteDotNow\lib\tmp_Tinybooter.lib(tinycrt.obj)
                0x08007ff0                hal_vsnprintf(char*, unsigned int, char const*, std::__va_list)
 .text._Z13hal_strncpy_sPcjPKcj
                0x08008018       0x64 D:\Main\Work\SOURCE\WORKING\DotNet-MF\MicroFrameworkPK_v4_3\BuildOutput\THUMB2\GCC4.4\le\FLASH\debug\EmoteDotNow\lib\tmp_Tinybooter.lib(tinycrt.obj)
                0x08008018                hal_strncpy_s(char*, unsigned int, char const*, unsigned int)
 .text._Z12hal_strlen_sPKc
                0x0800807c       0x40 D:\Main\Work\SOURCE\WORKING\DotNet-MF\MicroFrameworkPK_v4_3\BuildOutput\THUMB2\GCC4.4\le\FLASH\debug\EmoteDotNow\lib\tmp_Tinybooter.lib(tinycrt.obj)
                0x0800807c                hal_strlen_s(char const*)
 .text._Z20HAL_Init_Custom_Heapv
                0x080080bc       0x34 D:\Main\Work\SOURCE\WORKING\DotNet-MF\MicroFrameworkPK_v4_3\BuildOutput\THUMB2\GCC4.4\le\FLASH\debug\EmoteDotNow\lib\tmp_Tinybooter.lib(tinyhal.obj)
                0x080080bc                HAL_Init_Custom_Heap()
 .text._ZL12InitCRuntimev
                0x080080f0        0xc D:\Main\Work\SOURCE\WORKING\DotNet-MF\MicroFrameworkPK_v4_3\BuildOutput\THUMB2\GCC4.4\le\FLASH\debug\EmoteDotNow\lib\tmp_Tinybooter.lib(tinyhal.obj)
 .text._Z14HAL_Initializev
                0x080080fc       0x78 D:\Main\Work\SOURCE\WORKING\DotNet-MF\MicroFrameworkPK_v4_3\BuildOutput\THUMB2\GCC4.4\le\FLASH\debug\EmoteDotNow\lib\tmp_Tinybooter.lib(tinyhal.obj)
                0x080080fc                HAL_Initialize()
 .text.BootEntry
                0x08008174      0x180 D:\Main\Work\SOURCE\WORKING\DotNet-MF\MicroFrameworkPK_v4_3\BuildOutput\THUMB2\GCC4.4\le\FLASH\debug\EmoteDotNow\lib\tmp_Tinybooter.lib(tinyhal.obj)
                0x08008174                BootEntry
 .text.debug_printf
                0x080082f4       0x74 D:\Main\Work\SOURCE\WORKING\DotNet-MF\MicroFrameworkPK_v4_3\BuildOutput\THUMB2\GCC4.4\le\FLASH\debug\EmoteDotNow\lib\tmp_Tinybooter.lib(tinyhal.obj)
                0x080082f4                debug_printf
 .text.lcd_printf
                0x08008368       0x28 D:\Main\Work\SOURCE\WORKING\DotNet-MF\MicroFrameworkPK_v4_3\BuildOutput\THUMB2\GCC4.4\le\FLASH\debug\EmoteDotNow\lib\tmp_Tinybooter.lib(tinyhal.obj)
                0x08008368                lcd_printf
 .text.SystemState_SetNoLock
                0x08008390       0x4c D:\Main\Work\SOURCE\WORKING\DotNet-MF\MicroFrameworkPK_v4_3\BuildOutput\THUMB2\GCC4.4\le\FLASH\debug\EmoteDotNow\lib\tmp_Tinybooter.lib(tinyhal.obj)
                0x08008390                SystemState_SetNoLock
 .text.SystemState_ClearNoLock
                0x080083dc       0x4c D:\Main\Work\SOURCE\WORKING\DotNet-MF\MicroFrameworkPK_v4_3\BuildOutput\THUMB2\GCC4.4\le\FLASH\debug\EmoteDotNow\lib\tmp_Tinybooter.lib(tinyhal.obj)
                0x080083dc                SystemState_ClearNoLock
 .text.SystemState_QueryNoLock
                0x08008428       0x4c D:\Main\Work\SOURCE\WORKING\DotNet-MF\MicroFrameworkPK_v4_3\BuildOutput\THUMB2\GCC4.4\le\FLASH\debug\EmoteDotNow\lib\tmp_Tinybooter.lib(tinyhal.obj)
                0x08008428                SystemState_QueryNoLock
 .text._Z16USART_Initializeiiiiii
                0x08008474       0x30 D:\Main\Work\SOURCE\WORKING\DotNet-MF\MicroFrameworkPK_v4_3\BuildOutput\THUMB2\GCC4.4\le\FLASH\debug\EmoteDotNow\lib\tmp_Tinybooter.lib(usart.obj)
                0x08008474                USART_Initialize(int, int, int, int, int, int)
 .text._Z18USART_Uninitializei
                0x080084a4       0x1c D:\Main\Work\SOURCE\WORKING\DotNet-MF\MicroFrameworkPK_v4_3\BuildOutput\THUMB2\GCC4.4\le\FLASH\debug\EmoteDotNow\lib\tmp_Tinybooter.lib(usart.obj)
                0x080084a4                USART_Uninitialize(int)
 .text._Z11USART_WriteiPKcj
                0x080084c0       0x24 D:\Main\Work\SOURCE\WORKING\DotNet-MF\MicroFrameworkPK_v4_3\BuildOutput\THUMB2\GCC4.4\le\FLASH\debug\EmoteDotNow\lib\tmp_Tinybooter.lib(usart.obj)
                0x080084c0                USART_Write(int, char const*, unsigned int)
 .text._Z10USART_ReadiPcj
                0x080084e4       0x24 D:\Main\Work\SOURCE\WORKING\DotNet-MF\MicroFrameworkPK_v4_3\BuildOutput\THUMB2\GCC4.4\le\FLASH\debug\EmoteDotNow\lib\tmp_Tinybooter.lib(usart.obj)
                0x080084e4                USART_Read(int, char*, unsigned int)
 .text._Z11USART_Flushi
                0x08008508       0x1c D:\Main\Work\SOURCE\WORKING\DotNet-MF\MicroFrameworkPK_v4_3\BuildOutput\THUMB2\GCC4.4\le\FLASH\debug\EmoteDotNow\lib\tmp_Tinybooter.lib(usart.obj)
                0x08008508                USART_Flush(int)
 .text._Z23USART_AddCharToRxBufferic
                0x08008524       0x24 D:\Main\Work\SOURCE\WORKING\DotNet-MF\MicroFrameworkPK_v4_3\BuildOutput\THUMB2\GCC4.4\le\FLASH\debug\EmoteDotNow\lib\tmp_Tinybooter.lib(usart.obj)
                0x08008524                USART_AddCharToRxBuffer(int, char)
 .text._Z28USART_RemoveCharFromTxBufferiRc
                0x08008548       0x20 D:\Main\Work\SOURCE\WORKING\DotNet-MF\MicroFrameworkPK_v4_3\BuildOutput\THUMB2\GCC4.4\le\FLASH\debug\EmoteDotNow\lib\tmp_Tinybooter.lib(usart.obj)
                0x08008548                USART_RemoveCharFromTxBuffer(int, char&)
 .text._ZN12USART_Driver10InitializeEiiiiii
                0x08008568      0x154 D:\Main\Work\SOURCE\WORKING\DotNet-MF\MicroFrameworkPK_v4_3\BuildOutput\THUMB2\GCC4.4\le\FLASH\debug\EmoteDotNow\lib\tmp_Tinybooter.lib(usart.obj)
                0x08008568                USART_Driver::Initialize(int, int, int, int, int, int)
 .text._ZN12USART_Driver12UninitializeEi
                0x080086bc       0x94 D:\Main\Work\SOURCE\WORKING\DotNet-MF\MicroFrameworkPK_v4_3\BuildOutput\THUMB2\GCC4.4\le\FLASH\debug\EmoteDotNow\lib\tmp_Tinybooter.lib(usart.obj)
                0x080086bc                USART_Driver::Uninitialize(int)
 .text._ZN12USART_Driver5WriteEiPKcj
                0x08008750      0x224 D:\Main\Work\SOURCE\WORKING\DotNet-MF\MicroFrameworkPK_v4_3\BuildOutput\THUMB2\GCC4.4\le\FLASH\debug\EmoteDotNow\lib\tmp_Tinybooter.lib(usart.obj)
                0x08008750                USART_Driver::Write(int, char const*, unsigned int)
 .text._ZN12USART_Driver4ReadEiPcj
                0x08008974      0x1c0 D:\Main\Work\SOURCE\WORKING\DotNet-MF\MicroFrameworkPK_v4_3\BuildOutput\THUMB2\GCC4.4\le\FLASH\debug\EmoteDotNow\lib\tmp_Tinybooter.lib(usart.obj)
                0x08008974                USART_Driver::Read(int, char*, unsigned int)
 .text._ZN12USART_Driver5FlushEi
                0x08008b34      0x274 D:\Main\Work\SOURCE\WORKING\DotNet-MF\MicroFrameworkPK_v4_3\BuildOutput\THUMB2\GCC4.4\le\FLASH\debug\EmoteDotNow\lib\tmp_Tinybooter.lib(usart.obj)
                0x08008b34                USART_Driver::Flush(int)
 .text._ZN12USART_Driver17AddCharToRxBufferEic
                0x08008da8      0x18c D:\Main\Work\SOURCE\WORKING\DotNet-MF\MicroFrameworkPK_v4_3\BuildOutput\THUMB2\GCC4.4\le\FLASH\debug\EmoteDotNow\lib\tmp_Tinybooter.lib(usart.obj)
                0x08008da8                USART_Driver::AddCharToRxBuffer(int, char)
 .text._ZN12USART_Driver22RemoveCharFromTxBufferEiRc
                0x08008f34       0xdc D:\Main\Work\SOURCE\WORKING\DotNet-MF\MicroFrameworkPK_v4_3\BuildOutput\THUMB2\GCC4.4\le\FLASH\debug\EmoteDotNow\lib\tmp_Tinybooter.lib(usart.obj)
                0x08008f34                USART_Driver::RemoveCharFromTxBuffer(int, char&)
 .text._ZN12USART_Driver8SendXOFFEij
                0x08009010       0xa0 D:\Main\Work\SOURCE\WORKING\DotNet-MF\MicroFrameworkPK_v4_3\BuildOutput\THUMB2\GCC4.4\le\FLASH\debug\EmoteDotNow\lib\tmp_Tinybooter.lib(usart.obj)
                0x08009010                USART_Driver::SendXOFF(int, unsigned int)
 .text._ZN12USART_Driver7SendXONEij
                0x080090b0       0xa4 D:\Main\Work\SOURCE\WORKING\DotNet-MF\MicroFrameworkPK_v4_3\BuildOutput\THUMB2\GCC4.4\le\FLASH\debug\EmoteDotNow\lib\tmp_Tinybooter.lib(usart.obj)
                0x080090b0                USART_Driver::SendXON(int, unsigned int)
 .text._ZN12USART_Driver8SetEventEij
                0x08009154       0xa4 D:\Main\Work\SOURCE\WORKING\DotNet-MF\MicroFrameworkPK_v4_3\BuildOutput\THUMB2\GCC4.4\le\FLASH\debug\EmoteDotNow\lib\tmp_Tinybooter.lib(usart.obj)
                0x08009154                USART_Driver::SetEvent(int, unsigned int)
 .text._ZN21Hal_Queue_UnknownSizeIhE3PopEv
                0x080091f8       0x64 D:\Main\Work\SOURCE\WORKING\DotNet-MF\MicroFrameworkPK_v4_3\BuildOutput\THUMB2\GCC4.4\le\FLASH\debug\EmoteDotNow\lib\tmp_Tinybooter.lib(usart.obj)
                0x080091f8                Hal_Queue_UnknownSize<unsigned char>::Pop()
 .text._ZN21Hal_Queue_UnknownSizeIhE10InitializeEPhj
                0x0800925c       0x3c D:\Main\Work\SOURCE\WORKING\DotNet-MF\MicroFrameworkPK_v4_3\BuildOutput\THUMB2\GCC4.4\le\FLASH\debug\EmoteDotNow\lib\tmp_Tinybooter.lib(usart.obj)
                0x0800925c                Hal_Queue_UnknownSize<unsigned char>::Initialize(unsigned char*, unsigned int)
 .text._ZN21Hal_Queue_UnknownSizeIhE4PushERj
                0x08009298       0xc0 D:\Main\Work\SOURCE\WORKING\DotNet-MF\MicroFrameworkPK_v4_3\BuildOutput\THUMB2\GCC4.4\le\FLASH\debug\EmoteDotNow\lib\tmp_Tinybooter.lib(usart.obj)
                0x08009298                Hal_Queue_UnknownSize<unsigned char>::Push(unsigned int&)
 .text._ZN21Hal_Queue_UnknownSizeIhE3PopERj
                0x08009358       0xd4 D:\Main\Work\SOURCE\WORKING\DotNet-MF\MicroFrameworkPK_v4_3\BuildOutput\THUMB2\GCC4.4\le\FLASH\debug\EmoteDotNow\lib\tmp_Tinybooter.lib(usart.obj)
                0x08009358                Hal_Queue_UnknownSize<unsigned char>::Pop(unsigned int&)
 .text._ZN21Hal_Queue_UnknownSizeIhE16NumberOfElementsEv
                0x0800942c       0x50 D:\Main\Work\SOURCE\WORKING\DotNet-MF\MicroFrameworkPK_v4_3\BuildOutput\THUMB2\GCC4.4\le\FLASH\debug\EmoteDotNow\lib\tmp_Tinybooter.lib(usart.obj)
                0x0800942c                Hal_Queue_UnknownSize<unsigned char>::NumberOfElements()
 .text._ZN21Hal_Queue_UnknownSizeIhE7IsEmptyEv
                0x0800947c       0x34 D:\Main\Work\SOURCE\WORKING\DotNet-MF\MicroFrameworkPK_v4_3\BuildOutput\THUMB2\GCC4.4\le\FLASH\debug\EmoteDotNow\lib\tmp_Tinybooter.lib(usart.obj)
                0x0800947c                Hal_Queue_UnknownSize<unsigned char>::IsEmpty()
 .text._ZN21Hal_Queue_UnknownSizeIhE4PushEv
                0x080094b0       0x64 D:\Main\Work\SOURCE\WORKING\DotNet-MF\MicroFrameworkPK_v4_3\BuildOutput\THUMB2\GCC4.4\le\FLASH\debug\EmoteDotNow\lib\tmp_Tinybooter.lib(usart.obj)
                0x080094b0                Hal_Queue_UnknownSize<unsigned char>::Push()
 .text._Z14USB_Initializei
                0x08009514       0x18 D:\Main\Work\SOURCE\WORKING\DotNet-MF\MicroFrameworkPK_v4_3\BuildOutput\THUMB2\GCC4.4\le\FLASH\debug\EmoteDotNow\lib\tmp_Tinybooter.lib(usb_stubs.obj)
                0x08009514                USB_Initialize(int)
 .text._Z13USB_ConfigureiPK25USB_DYNAMIC_CONFIGURATION
                0x0800952c       0x1c D:\Main\Work\SOURCE\WORKING\DotNet-MF\MicroFrameworkPK_v4_3\BuildOutput\THUMB2\GCC4.4\le\FLASH\debug\EmoteDotNow\lib\tmp_Tinybooter.lib(usb_stubs.obj)
                0x0800952c                USB_Configure(int, USB_DYNAMIC_CONFIGURATION const*)
 .text._Z16USB_Uninitializei
                0x08009548       0x18 D:\Main\Work\SOURCE\WORKING\DotNet-MF\MicroFrameworkPK_v4_3\BuildOutput\THUMB2\GCC4.4\le\FLASH\debug\EmoteDotNow\lib\tmp_Tinybooter.lib(usb_stubs.obj)
                0x08009548                USB_Uninitialize(int)
 .text._Z14USB_OpenStreamiii
                0x08009560       0x1c D:\Main\Work\SOURCE\WORKING\DotNet-MF\MicroFrameworkPK_v4_3\BuildOutput\THUMB2\GCC4.4\le\FLASH\debug\EmoteDotNow\lib\tmp_Tinybooter.lib(usb_stubs.obj)
                0x08009560                USB_OpenStream(int, int, int)
 .text._Z15USB_CloseStreami
                0x0800957c       0x18 D:\Main\Work\SOURCE\WORKING\DotNet-MF\MicroFrameworkPK_v4_3\BuildOutput\THUMB2\GCC4.4\le\FLASH\debug\EmoteDotNow\lib\tmp_Tinybooter.lib(usb_stubs.obj)
                0x0800957c                USB_CloseStream(int)
 .text._Z9USB_WriteiPKcj
                0x08009594       0x1c D:\Main\Work\SOURCE\WORKING\DotNet-MF\MicroFrameworkPK_v4_3\BuildOutput\THUMB2\GCC4.4\le\FLASH\debug\EmoteDotNow\lib\tmp_Tinybooter.lib(usb_stubs.obj)
                0x08009594                USB_Write(int, char const*, unsigned int)
 .text._Z8USB_ReadiPcj
                0x080095b0       0x1c D:\Main\Work\SOURCE\WORKING\DotNet-MF\MicroFrameworkPK_v4_3\BuildOutput\THUMB2\GCC4.4\le\FLASH\debug\EmoteDotNow\lib\tmp_Tinybooter.lib(usb_stubs.obj)
                0x080095b0                USB_Read(int, char*, unsigned int)
 .text._Z9USB_Flushi
                0x080095cc       0x18 D:\Main\Work\SOURCE\WORKING\DotNet-MF\MicroFrameworkPK_v4_3\BuildOutput\THUMB2\GCC4.4\le\FLASH\debug\EmoteDotNow\lib\tmp_Tinybooter.lib(usb_stubs.obj)
                0x080095cc                USB_Flush(int)
 .text._Z22Watchdog_GetSetEnabledjj
                0x080095e4       0x1c D:\Main\Work\SOURCE\WORKING\DotNet-MF\MicroFrameworkPK_v4_3\BuildOutput\THUMB2\GCC4.4\le\FLASH\debug\EmoteDotNow\lib\tmp_Tinybooter.lib(Watchdog_stubs.obj)
                0x080095e4                Watchdog_GetSetEnabled(unsigned int, unsigned int)
 .text._Z22Watchdog_GetSetTimeoutij
                0x08009600       0x1c D:\Main\Work\SOURCE\WORKING\DotNet-MF\MicroFrameworkPK_v4_3\BuildOutput\THUMB2\GCC4.4\le\FLASH\debug\EmoteDotNow\lib\tmp_Tinybooter.lib(Watchdog_stubs.obj)
                0x08009600                Watchdog_GetSetTimeout(int, unsigned int)
 .text._Z23Watchdog_GetSetBehavior17Watchdog_Behaviorj
                0x0800961c       0x1c D:\Main\Work\SOURCE\WORKING\DotNet-MF\MicroFrameworkPK_v4_3\BuildOutput\THUMB2\GCC4.4\le\FLASH\debug\EmoteDotNow\lib\tmp_Tinybooter.lib(Watchdog_stubs.obj)
                0x0800961c                Watchdog_GetSetBehavior(Watchdog_Behavior, unsigned int)
 .text.Fault_Handler_Display
                0x08009638       0x70 D:\Main\Work\SOURCE\WORKING\DotNet-MF\MicroFrameworkPK_v4_3\BuildOutput\THUMB2\GCC4.4\le\FLASH\debug\EmoteDotNow\lib\tmp_Tinybooter.lib(Aborts.obj)
                0x08009638                Fault_Handler_Display
 .text.HARD_Breakpoint
                0x080096a8       0x10 D:\Main\Work\SOURCE\WORKING\DotNet-MF\MicroFrameworkPK_v4_3\BuildOutput\THUMB2\GCC4.4\le\FLASH\debug\EmoteDotNow\lib\tmp_Tinybooter.lib(Aborts.obj)
                0x080096a8                HARD_Breakpoint
 .text.HARD_Breakpoint_Handler
                0x080096b8       0x20 D:\Main\Work\SOURCE\WORKING\DotNet-MF\MicroFrameworkPK_v4_3\BuildOutput\THUMB2\GCC4.4\le\FLASH\debug\EmoteDotNow\lib\tmp_Tinybooter.lib(Aborts.obj)
                0x080096b8                HARD_Breakpoint_Handler
 .text._ZN12HAL_CALLBACK10InitializeEPFvPvES0_
                0x080096d8       0x24 D:\Main\Work\SOURCE\WORKING\DotNet-MF\MicroFrameworkPK_v4_3\BuildOutput\THUMB2\GCC4.4\le\FLASH\debug\EmoteDotNow\lib\tmp_Tinybooter.lib(asyncproccall_fastcompile.obj)
                0x080096d8                HAL_CALLBACK::Initialize(void (*)(void*), void*)
 .text._ZNK12HAL_CALLBACK13GetEntryPointEv